============================= test session starts =============================
platform win32 -- Python 3.11.9, pytest-8.3.3, pluggy-1.6.0 -- E:\Graduation_Project\venv\Scripts\python.exe
cachedir: .pytest_cache
rootdir: E:\Graduation_Project
plugins: anyio-4.13.0, asyncio-0.24.0, cov-5.0.0
asyncio: mode=Mode.STRICT, default_loop_scope=None
collecting ... collected 43 items

tests/test_api.py::TestHealthEndpoint::test_health_check PASSED          [  2%]
tests/test_api.py::TestSessionEndpoints::test_create_session FAILED      [  4%]
tests/test_api.py::TestSessionEndpoints::test_list_sessions FAILED       [  6%]
tests/test_api.py::TestSessionEndpoints::test_get_session FAILED         [  9%]
tests/test_api.py::TestSessionEndpoints::test_get_nonexistent_session FAILED [ 11%]
tests/test_api.py::TestIngestEndpoints::test_list_documents_empty FAILED [ 13%]
tests/test_api.py::TestIngestEndpoints::test_upload_csv FAILED           [ 16%]
tests/test_api.py::TestIngestEndpoints::test_upload_same_file_twice_skips FAILED [ 18%]
tests/test_api.py::TestIngestEndpoints::test_upload_json FAILED          [ 20%]
tests/test_api.py::TestAuditEndpoint::test_get_audit_trail FAILED        [ 23%]
tests/test_api.py::TestAuditEndpoint::test_get_audit_by_session FAILED   [ 25%]
tests/test_entity_extraction.py::TestEntityExtractor::test_extracts_patient_ids PASSED [ 27%]
tests/test_entity_extraction.py::TestEntityExtractor::test_extracts_study_ids PASSED [ 30%]
tests/test_entity_extraction.py::TestEntityExtractor::test_extracts_severity_info PASSED [ 32%]
tests/test_entity_extraction.py::TestEntityExtractor::test_extracts_lab_tests PASSED [ 34%]
tests/test_entity_extraction.py::TestEntityExtractor::test_empty_text_returns_empty PASSED [ 37%]
tests/test_entity_extraction.py::TestEntityExtractor::test_deduplication PASSED [ 39%]
tests/test_ingestion.py::TestDeduplication::test_hash_consistency PASSED [ 41%]
tests/test_ingestion.py::TestDeduplication::test_different_files_different_hashes PASSED [ 44%]
tests/test_ingestion.py::TestDeduplication::test_not_ingested_initially FAILED [ 46%]
tests/test_ingestion.py::TestDeduplication::test_register_and_detect FAILED [ 48%]
tests/test_ingestion.py::TestClinicalTrialsIngestor::test_ingest_valid_json FAILED [ 51%]
tests/test_ingestion.py::TestClinicalTrialsIngestor::test_skips_duplicate FAILED [ 53%]
tests/test_ingestion.py::TestClinicalTrialsIngestor::test_handles_invalid_json FAILED [ 55%]
tests/test_ingestion.py::TestSDTMIngestor::test_ingest_dm FAILED         [ 58%]
tests/test_ingestion.py::TestSDTMIngestor::test_ingest_ae_links_to_patient ERROR [ 60%]
tests/test_ingestion.py::TestSDTMIngestor::test_ae_skips_unknown_patient FAILED [ 62%]
tests/test_ingestion.py::TestOrchestrator::test_routes_csv_correctly FAILED [ 65%]
tests/test_ingestion.py::TestOrchestrator::test_returns_error_for_unknown_type PASSED [ 67%]
tests/test_memory.py::TestShortTermMemory::test_add_and_retrieve PASSED  [ 69%]
tests/test_memory.py::TestShortTermMemory::test_window_limit PASSED      [ 72%]
tests/test_memory.py::TestShortTermMemory::test_clear PASSED             [ 74%]
tests/test_memory.py::TestLongTermMemory::test_create_and_load_session FAILED [ 76%]
tests/test_memory.py::TestLongTermMemory::test_append_messages FAILED    [ 79%]
tests/test_memory.py::TestLongTermMemory::test_update_context FAILED     [ 81%]
tests/test_memory.py::TestLongTermMemory::test_auto_context_from_entities FAILED [ 83%]
tests/test_memory.py::TestLongTermMemory::test_list_sessions FAILED      [ 86%]
tests/test_memory.py::TestLongTermMemory::test_archive_session FAILED    [ 88%]
tests/test_rag_pipeline.py::TestQueryClassifier::test_classify_sql_query PASSED [ 90%]
tests/test_rag_pipeline.py::TestQueryClassifier::test_context_injected_into_filters PASSED [ 93%]
tests/test_rag_pipeline.py::TestSQLRetriever::test_returns_ae_results ERROR [ 95%]
tests/test_rag_pipeline.py::TestSQLRetriever::test_age_filter_applies ERROR [ 97%]
tests/test_rag_pipeline.py::TestSQLRetriever::test_empty_result_for_no_match FAILED [100%]

=================================== ERRORS ====================================
_____ ERROR at setup of TestSDTMIngestor.test_ingest_ae_links_to_patient ______

self = <sqlalchemy.engine.base.Connection object at 0x0000025886E91450>
dialect = <sqlalchemy.dialects.sqlite.pysqlite.SQLiteDialect_pysqlite object at 0x00000258852EA750>
context = <sqlalchemy.dialects.sqlite.base.SQLiteExecutionContext object at 0x0000025886E91650>
statement = <sqlalchemy.dialects.sqlite.base.SQLiteCompiler object at 0x0000025886E920D0>
parameters = [('a83e42063f214ff085e7aa606175fa82', None, 'STUDY001-001', '001', 'STUDY001', 'DM', ...)]

    def _exec_single_context(
        self,
        dialect: Dialect,
        context: ExecutionContext,
        statement: Union[str, Compiled],
        parameters: Optional[_AnyMultiExecuteParams],
    ) -> CursorResult[Any]:
        """continue the _execute_context() method for a single DBAPI
        cursor.execute() or cursor.executemany() call.
    
        """
        if dialect.bind_typing is BindTyping.SETINPUTSIZES:
            generic_setinputsizes = context._prepare_set_input_sizes()
    
            if generic_setinputsizes:
                try:
                    dialect.do_set_input_sizes(
                        context.cursor, generic_setinputsizes, context
                    )
                except BaseException as e:
                    self._handle_dbapi_exception(
                        e, str(statement), parameters, None, context
                    )
    
        cursor, str_statement, parameters = (
            context.cursor,
            context.statement,
            context.parameters,
        )
    
        effective_parameters: Optional[_AnyExecuteParams]
    
        if not context.executemany:
            effective_parameters = parameters[0]
        else:
            effective_parameters = parameters
    
        if self._has_events or self.engine._has_events:
            for fn in self.dispatch.before_cursor_execute:
                str_statement, effective_parameters = fn(
                    self,
                    cursor,
                    str_statement,
                    effective_parameters,
                    context,
                    context.executemany,
                )
    
        if self._echo:
            self._log_info(str_statement)
    
            stats = context._get_cache_stats()
    
            if not self.engine.hide_parameters:
                self._log_info(
                    "[%s] %r",
                    stats,
                    sql_util._repr_params(
                        effective_parameters,
                        batches=10,
                        ismulti=context.executemany,
                    ),
                )
            else:
                self._log_info(
                    "[%s] [SQL parameters hidden due to hide_parameters=True]",
                    stats,
                )
    
        evt_handled: bool = False
        try:
            if context.execute_style is ExecuteStyle.EXECUTEMANY:
                effective_parameters = cast(
                    "_CoreMultiExecuteParams", effective_parameters
                )
                if self.dialect._has_events:
                    for fn in self.dialect.dispatch.do_executemany:
                        if fn(
                            cursor,
                            str_statement,
                            effective_parameters,
                            context,
                        ):
                            evt_handled = True
                            break
                if not evt_handled:
                    self.dialect.do_executemany(
                        cursor,
                        str_statement,
                        effective_parameters,
                        context,
                    )
            elif not effective_parameters and context.no_parameters:
                if self.dialect._has_events:
                    for fn in self.dialect.dispatch.do_execute_no_params:
                        if fn(cursor, str_statement, context):
                            evt_handled = True
                            break
                if not evt_handled:
                    self.dialect.do_execute_no_params(
                        cursor, str_statement, context
                    )
            else:
                effective_parameters = cast(
                    "_CoreSingleExecuteParams", effective_parameters
                )
                if self.dialect._has_events:
                    for fn in self.dialect.dispatch.do_execute:
                        if fn(
                            cursor,
                            str_statement,
                            effective_parameters,
                            context,
                        ):
                            evt_handled = True
                            break
                if not evt_handled:
>                   self.dialect.do_execute(
                        cursor, str_statement, effective_parameters, context
                    )

venv\Lib\site-packages\sqlalchemy\engine\base.py:1967: 
_ _ _ _ _ _ _ _ _ _ _ _ _ _ _ _ _ _ _ _ _ _ _ _ _ _ _ _ _ _ _ _ _ _ _ _ _ _ _ _

self = <sqlalchemy.dialects.sqlite.pysqlite.SQLiteDialect_pysqlite object at 0x00000258852EA750>
cursor = <sqlite3.Cursor object at 0x0000025888E6CBC0>
statement = 'INSERT INTO patients (id, study_id, usubjid, subjid, studyid, domain, rfstdtc, rfendtc, dmdtc, dmdy, siteid, country,...hdtc, created_at) VALUES (?, ?, ?, ?, ?, ?, ?, ?, ?, ?, ?, ?, ?, ?, ?, ?, ?, ?, ?, ?, ?, ?, ?, ?, ?, ?, ?, ?, ?, ?, ?)'
parameters = ('a83e42063f214ff085e7aa606175fa82', None, 'STUDY001-001', '001', 'STUDY001', 'DM', ...)
context = <sqlalchemy.dialects.sqlite.base.SQLiteExecutionContext object at 0x0000025886E91650>

    def do_execute(self, cursor, statement, parameters, context=None):
>       cursor.execute(statement, parameters)
E       sqlite3.OperationalError: no such table: patients

venv\Lib\site-packages\sqlalchemy\engine\default.py:941: OperationalError

The above exception was the direct cause of the following exception:

db_session = <sqlalchemy.orm.session.Session object at 0x0000025886E92D10>

    @pytest.fixture
    def sample_patient(db_session):
        """Create a sample patient for tests."""
        from src.database.models.patient import Patient
        patient = Patient(
            usubjid="STUDY001-001",
            subjid="001",
            studyid="STUDY001",
            age=65.0,
            ageu="YEARS",
            sex="M",
            race="WHITE",
            arm="Treatment A",
            country="USA",
        )
        db_session.add(patient)
>       db_session.commit()

tests\conftest.py:77: 
_ _ _ _ _ _ _ _ _ _ _ _ _ _ _ _ _ _ _ _ _ _ _ _ _ _ _ _ _ _ _ _ _ _ _ _ _ _ _ _
venv\Lib\site-packages\sqlalchemy\orm\session.py:2028: in commit
    trans.commit(_to_root=True)
venv\Lib\site-packages\sqlalchemy\orm\state_changes.py:139: in _go
    ret_value = fn(self, *arg, **kw)
venv\Lib\site-packages\sqlalchemy\orm\session.py:1313: in commit
    self._prepare_impl()
venv\Lib\site-packages\sqlalchemy\orm\state_changes.py:139: in _go
    ret_value = fn(self, *arg, **kw)
venv\Lib\site-packages\sqlalchemy\orm\session.py:1288: in _prepare_impl
    self.session.flush()
venv\Lib\site-packages\sqlalchemy\orm\session.py:4352: in flush
    self._flush(objects)
venv\Lib\site-packages\sqlalchemy\orm\session.py:4487: in _flush
    with util.safe_reraise():
venv\Lib\site-packages\sqlalchemy\util\langhelpers.py:146: in __exit__
    raise exc_value.with_traceback(exc_tb)
venv\Lib\site-packages\sqlalchemy\orm\session.py:4448: in _flush
    flush_context.execute()
venv\Lib\site-packages\sqlalchemy\orm\unitofwork.py:466: in execute
    rec.execute(self)
venv\Lib\site-packages\sqlalchemy\orm\unitofwork.py:642: in execute
    util.preloaded.orm_persistence.save_obj(
venv\Lib\site-packages\sqlalchemy\orm\persistence.py:93: in save_obj
    _emit_insert_statements(
venv\Lib\site-packages\sqlalchemy\orm\persistence.py:1233: in _emit_insert_statements
    result = connection.execute(
venv\Lib\site-packages\sqlalchemy\engine\base.py:1418: in execute
    return meth(
venv\Lib\site-packages\sqlalchemy\sql\elements.py:515: in _execute_on_connection
    return connection._execute_clauseelement(
venv\Lib\site-packages\sqlalchemy\engine\base.py:1640: in _execute_clauseelement
    ret = self._execute_context(
venv\Lib\site-packages\sqlalchemy\engine\base.py:1846: in _execute_context
    return self._exec_single_context(
venv\Lib\site-packages\sqlalchemy\engine\base.py:1986: in _exec_single_context
    self._handle_dbapi_exception(
venv\Lib\site-packages\sqlalchemy\engine\base.py:2355: in _handle_dbapi_exception
    raise sqlalchemy_exception.with_traceback(exc_info[2]) from e
venv\Lib\site-packages\sqlalchemy\engine\base.py:1967: in _exec_single_context
    self.dialect.do_execute(
_ _ _ _ _ _ _ _ _ _ _ _ _ _ _ _ _ _ _ _ _ _ _ _ _ _ _ _ _ _ _ _ _ _ _ _ _ _ _ _

self = <sqlalchemy.dialects.sqlite.pysqlite.SQLiteDialect_pysqlite object at 0x00000258852EA750>
cursor = <sqlite3.Cursor object at 0x0000025888E6CBC0>
statement = 'INSERT INTO patients (id, study_id, usubjid, subjid, studyid, domain, rfstdtc, rfendtc, dmdtc, dmdy, siteid, country,...hdtc, created_at) VALUES (?, ?, ?, ?, ?, ?, ?, ?, ?, ?, ?, ?, ?, ?, ?, ?, ?, ?, ?, ?, ?, ?, ?, ?, ?, ?, ?, ?, ?, ?, ?)'
parameters = ('a83e42063f214ff085e7aa606175fa82', None, 'STUDY001-001', '001', 'STUDY001', 'DM', ...)
context = <sqlalchemy.dialects.sqlite.base.SQLiteExecutionContext object at 0x0000025886E91650>

    def do_execute(self, cursor, statement, parameters, context=None):
>       cursor.execute(statement, parameters)
E       sqlalchemy.exc.OperationalError: (sqlite3.OperationalError) no such table: patients
E       [SQL: INSERT INTO patients (id, study_id, usubjid, subjid, studyid, domain, rfstdtc, rfendtc, dmdtc, dmdy, siteid, country, age, ageu, sex, race, ethnic, armcd, arm, actarmcd, actarm, diagnosis, diagcd, bmi, bmicat, smokestat, alcoholuse, education, dthfl, dthdtc, created_at) VALUES (?, ?, ?, ?, ?, ?, ?, ?, ?, ?, ?, ?, ?, ?, ?, ?, ?, ?, ?, ?, ?, ?, ?, ?, ?, ?, ?, ?, ?, ?, ?)]
E       [parameters: ('a83e42063f214ff085e7aa606175fa82', None, 'STUDY001-001', '001', 'STUDY001', 'DM', None, None, None, None, None, 'USA', 65.0, 'YEARS', 'M', 'WHITE', None, None, 'Treatment A', None, None, None, None, None, None, None, None, None, None, None, '2026-06-08 11:20:10.659044')]
E       (Background on this error at: https://sqlalche.me/e/20/e3q8)

venv\Lib\site-packages\sqlalchemy\engine\default.py:941: OperationalError
_________ ERROR at setup of TestSQLRetriever.test_returns_ae_results __________

self = <sqlalchemy.engine.base.Connection object at 0x00000258877D5090>
dialect = <sqlalchemy.dialects.sqlite.pysqlite.SQLiteDialect_pysqlite object at 0x00000258852EA750>
context = <sqlalchemy.dialects.sqlite.base.SQLiteExecutionContext object at 0x0000025888ECB810>
statement = <sqlalchemy.dialects.sqlite.base.SQLiteCompiler object at 0x0000025886E920D0>
parameters = [('2006468e9df04d55bb099efd111a612f', None, 'STUDY001-001', '001', 'STUDY001', 'DM', ...)]

    def _exec_single_context(
        self,
        dialect: Dialect,
        context: ExecutionContext,
        statement: Union[str, Compiled],
        parameters: Optional[_AnyMultiExecuteParams],
    ) -> CursorResult[Any]:
        """continue the _execute_context() method for a single DBAPI
        cursor.execute() or cursor.executemany() call.
    
        """
        if dialect.bind_typing is BindTyping.SETINPUTSIZES:
            generic_setinputsizes = context._prepare_set_input_sizes()
    
            if generic_setinputsizes:
                try:
                    dialect.do_set_input_sizes(
                        context.cursor, generic_setinputsizes, context
                    )
                except BaseException as e:
                    self._handle_dbapi_exception(
                        e, str(statement), parameters, None, context
                    )
    
        cursor, str_statement, parameters = (
            context.cursor,
            context.statement,
            context.parameters,
        )
    
        effective_parameters: Optional[_AnyExecuteParams]
    
        if not context.executemany:
            effective_parameters = parameters[0]
        else:
            effective_parameters = parameters
    
        if self._has_events or self.engine._has_events:
            for fn in self.dispatch.before_cursor_execute:
                str_statement, effective_parameters = fn(
                    self,
                    cursor,
                    str_statement,
                    effective_parameters,
                    context,
                    context.executemany,
                )
    
        if self._echo:
            self._log_info(str_statement)
    
            stats = context._get_cache_stats()
    
            if not self.engine.hide_parameters:
                self._log_info(
                    "[%s] %r",
                    stats,
                    sql_util._repr_params(
                        effective_parameters,
                        batches=10,
                        ismulti=context.executemany,
                    ),
                )
            else:
                self._log_info(
                    "[%s] [SQL parameters hidden due to hide_parameters=True]",
                    stats,
                )
    
        evt_handled: bool = False
        try:
            if context.execute_style is ExecuteStyle.EXECUTEMANY:
                effective_parameters = cast(
                    "_CoreMultiExecuteParams", effective_parameters
                )
                if self.dialect._has_events:
                    for fn in self.dialect.dispatch.do_executemany:
                        if fn(
                            cursor,
                            str_statement,
                            effective_parameters,
                            context,
                        ):
                            evt_handled = True
                            break
                if not evt_handled:
                    self.dialect.do_executemany(
                        cursor,
                        str_statement,
                        effective_parameters,
                        context,
                    )
            elif not effective_parameters and context.no_parameters:
                if self.dialect._has_events:
                    for fn in self.dialect.dispatch.do_execute_no_params:
                        if fn(cursor, str_statement, context):
                            evt_handled = True
                            break
                if not evt_handled:
                    self.dialect.do_execute_no_params(
                        cursor, str_statement, context
                    )
            else:
                effective_parameters = cast(
                    "_CoreSingleExecuteParams", effective_parameters
                )
                if self.dialect._has_events:
                    for fn in self.dialect.dispatch.do_execute:
                        if fn(
                            cursor,
                            str_statement,
                            effective_parameters,
                            context,
                        ):
                            evt_handled = True
                            break
                if not evt_handled:
>                   self.dialect.do_execute(
                        cursor, str_statement, effective_parameters, context
                    )

venv\Lib\site-packages\sqlalchemy\engine\base.py:1967: 
_ _ _ _ _ _ _ _ _ _ _ _ _ _ _ _ _ _ _ _ _ _ _ _ _ _ _ _ _ _ _ _ _ _ _ _ _ _ _ _

self = <sqlalchemy.dialects.sqlite.pysqlite.SQLiteDialect_pysqlite object at 0x00000258852EA750>
cursor = <sqlite3.Cursor object at 0x00000258885A65C0>
statement = 'INSERT INTO patients (id, study_id, usubjid, subjid, studyid, domain, rfstdtc, rfendtc, dmdtc, dmdy, siteid, country,...hdtc, created_at) VALUES (?, ?, ?, ?, ?, ?, ?, ?, ?, ?, ?, ?, ?, ?, ?, ?, ?, ?, ?, ?, ?, ?, ?, ?, ?, ?, ?, ?, ?, ?, ?)'
parameters = ('2006468e9df04d55bb099efd111a612f', None, 'STUDY001-001', '001', 'STUDY001', 'DM', ...)
context = <sqlalchemy.dialects.sqlite.base.SQLiteExecutionContext object at 0x0000025888ECB810>

    def do_execute(self, cursor, statement, parameters, context=None):
>       cursor.execute(statement, parameters)
E       sqlite3.OperationalError: no such table: patients

venv\Lib\site-packages\sqlalchemy\engine\default.py:941: OperationalError

The above exception was the direct cause of the following exception:

db_session = <sqlalchemy.orm.session.Session object at 0x000002588C011090>

    @pytest.fixture
    def sample_patient(db_session):
        """Create a sample patient for tests."""
        from src.database.models.patient import Patient
        patient = Patient(
            usubjid="STUDY001-001",
            subjid="001",
            studyid="STUDY001",
            age=65.0,
            ageu="YEARS",
            sex="M",
            race="WHITE",
            arm="Treatment A",
            country="USA",
        )
        db_session.add(patient)
>       db_session.commit()

tests\conftest.py:77: 
_ _ _ _ _ _ _ _ _ _ _ _ _ _ _ _ _ _ _ _ _ _ _ _ _ _ _ _ _ _ _ _ _ _ _ _ _ _ _ _
venv\Lib\site-packages\sqlalchemy\orm\session.py:2028: in commit
    trans.commit(_to_root=True)
venv\Lib\site-packages\sqlalchemy\orm\state_changes.py:139: in _go
    ret_value = fn(self, *arg, **kw)
venv\Lib\site-packages\sqlalchemy\orm\session.py:1313: in commit
    self._prepare_impl()
venv\Lib\site-packages\sqlalchemy\orm\state_changes.py:139: in _go
    ret_value = fn(self, *arg, **kw)
venv\Lib\site-packages\sqlalchemy\orm\session.py:1288: in _prepare_impl
    self.session.flush()
venv\Lib\site-packages\sqlalchemy\orm\session.py:4352: in flush
    self._flush(objects)
venv\Lib\site-packages\sqlalchemy\orm\session.py:4487: in _flush
    with util.safe_reraise():
venv\Lib\site-packages\sqlalchemy\util\langhelpers.py:146: in __exit__
    raise exc_value.with_traceback(exc_tb)
venv\Lib\site-packages\sqlalchemy\orm\session.py:4448: in _flush
    flush_context.execute()
venv\Lib\site-packages\sqlalchemy\orm\unitofwork.py:466: in execute
    rec.execute(self)
venv\Lib\site-packages\sqlalchemy\orm\unitofwork.py:642: in execute
    util.preloaded.orm_persistence.save_obj(
venv\Lib\site-packages\sqlalchemy\orm\persistence.py:93: in save_obj
    _emit_insert_statements(
venv\Lib\site-packages\sqlalchemy\orm\persistence.py:1233: in _emit_insert_statements
    result = connection.execute(
venv\Lib\site-packages\sqlalchemy\engine\base.py:1418: in execute
    return meth(
venv\Lib\site-packages\sqlalchemy\sql\elements.py:515: in _execute_on_connection
    return connection._execute_clauseelement(
venv\Lib\site-packages\sqlalchemy\engine\base.py:1640: in _execute_clauseelement
    ret = self._execute_context(
venv\Lib\site-packages\sqlalchemy\engine\base.py:1846: in _execute_context
    return self._exec_single_context(
venv\Lib\site-packages\sqlalchemy\engine\base.py:1986: in _exec_single_context
    self._handle_dbapi_exception(
venv\Lib\site-packages\sqlalchemy\engine\base.py:2355: in _handle_dbapi_exception
    raise sqlalchemy_exception.with_traceback(exc_info[2]) from e
venv\Lib\site-packages\sqlalchemy\engine\base.py:1967: in _exec_single_context
    self.dialect.do_execute(
_ _ _ _ _ _ _ _ _ _ _ _ _ _ _ _ _ _ _ _ _ _ _ _ _ _ _ _ _ _ _ _ _ _ _ _ _ _ _ _

self = <sqlalchemy.dialects.sqlite.pysqlite.SQLiteDialect_pysqlite object at 0x00000258852EA750>
cursor = <sqlite3.Cursor object at 0x00000258885A65C0>
statement = 'INSERT INTO patients (id, study_id, usubjid, subjid, studyid, domain, rfstdtc, rfendtc, dmdtc, dmdy, siteid, country,...hdtc, created_at) VALUES (?, ?, ?, ?, ?, ?, ?, ?, ?, ?, ?, ?, ?, ?, ?, ?, ?, ?, ?, ?, ?, ?, ?, ?, ?, ?, ?, ?, ?, ?, ?)'
parameters = ('2006468e9df04d55bb099efd111a612f', None, 'STUDY001-001', '001', 'STUDY001', 'DM', ...)
context = <sqlalchemy.dialects.sqlite.base.SQLiteExecutionContext object at 0x0000025888ECB810>

    def do_execute(self, cursor, statement, parameters, context=None):
>       cursor.execute(statement, parameters)
E       sqlalchemy.exc.OperationalError: (sqlite3.OperationalError) no such table: patients
E       [SQL: INSERT INTO patients (id, study_id, usubjid, subjid, studyid, domain, rfstdtc, rfendtc, dmdtc, dmdy, siteid, country, age, ageu, sex, race, ethnic, armcd, arm, actarmcd, actarm, diagnosis, diagcd, bmi, bmicat, smokestat, alcoholuse, education, dthfl, dthdtc, created_at) VALUES (?, ?, ?, ?, ?, ?, ?, ?, ?, ?, ?, ?, ?, ?, ?, ?, ?, ?, ?, ?, ?, ?, ?, ?, ?, ?, ?, ?, ?, ?, ?)]
E       [parameters: ('2006468e9df04d55bb099efd111a612f', None, 'STUDY001-001', '001', 'STUDY001', 'DM', None, None, None, None, None, 'USA', 65.0, 'YEARS', 'M', 'WHITE', None, None, 'Treatment A', None, None, None, None, None, None, None, None, None, None, None, '2026-06-08 11:20:14.700884')]
E       (Background on this error at: https://sqlalche.me/e/20/e3q8)

venv\Lib\site-packages\sqlalchemy\engine\default.py:941: OperationalError
_________ ERROR at setup of TestSQLRetriever.test_age_filter_applies __________

self = <sqlalchemy.engine.base.Connection object at 0x0000025887CDD750>
dialect = <sqlalchemy.dialects.sqlite.pysqlite.SQLiteDialect_pysqlite object at 0x00000258852EA750>
context = <sqlalchemy.dialects.sqlite.base.SQLiteExecutionContext object at 0x0000025887CDCE90>
statement = <sqlalchemy.dialects.sqlite.base.SQLiteCompiler object at 0x0000025886E920D0>
parameters = [('4db64c745fcb4bf38ab65d3086e07c63', None, 'STUDY001-001', '001', 'STUDY001', 'DM', ...)]

    def _exec_single_context(
        self,
        dialect: Dialect,
        context: ExecutionContext,
        statement: Union[str, Compiled],
        parameters: Optional[_AnyMultiExecuteParams],
    ) -> CursorResult[Any]:
        """continue the _execute_context() method for a single DBAPI
        cursor.execute() or cursor.executemany() call.
    
        """
        if dialect.bind_typing is BindTyping.SETINPUTSIZES:
            generic_setinputsizes = context._prepare_set_input_sizes()
    
            if generic_setinputsizes:
                try:
                    dialect.do_set_input_sizes(
                        context.cursor, generic_setinputsizes, context
                    )
                except BaseException as e:
                    self._handle_dbapi_exception(
                        e, str(statement), parameters, None, context
                    )
    
        cursor, str_statement, parameters = (
            context.cursor,
            context.statement,
            context.parameters,
        )
    
        effective_parameters: Optional[_AnyExecuteParams]
    
        if not context.executemany:
            effective_parameters = parameters[0]
        else:
            effective_parameters = parameters
    
        if self._has_events or self.engine._has_events:
            for fn in self.dispatch.before_cursor_execute:
                str_statement, effective_parameters = fn(
                    self,
                    cursor,
                    str_statement,
                    effective_parameters,
                    context,
                    context.executemany,
                )
    
        if self._echo:
            self._log_info(str_statement)
    
            stats = context._get_cache_stats()
    
            if not self.engine.hide_parameters:
                self._log_info(
                    "[%s] %r",
                    stats,
                    sql_util._repr_params(
                        effective_parameters,
                        batches=10,
                        ismulti=context.executemany,
                    ),
                )
            else:
                self._log_info(
                    "[%s] [SQL parameters hidden due to hide_parameters=True]",
                    stats,
                )
    
        evt_handled: bool = False
        try:
            if context.execute_style is ExecuteStyle.EXECUTEMANY:
                effective_parameters = cast(
                    "_CoreMultiExecuteParams", effective_parameters
                )
                if self.dialect._has_events:
                    for fn in self.dialect.dispatch.do_executemany:
                        if fn(
                            cursor,
                            str_statement,
                            effective_parameters,
                            context,
                        ):
                            evt_handled = True
                            break
                if not evt_handled:
                    self.dialect.do_executemany(
                        cursor,
                        str_statement,
                        effective_parameters,
                        context,
                    )
            elif not effective_parameters and context.no_parameters:
                if self.dialect._has_events:
                    for fn in self.dialect.dispatch.do_execute_no_params:
                        if fn(cursor, str_statement, context):
                            evt_handled = True
                            break
                if not evt_handled:
                    self.dialect.do_execute_no_params(
                        cursor, str_statement, context
                    )
            else:
                effective_parameters = cast(
                    "_CoreSingleExecuteParams", effective_parameters
                )
                if self.dialect._has_events:
                    for fn in self.dialect.dispatch.do_execute:
                        if fn(
                            cursor,
                            str_statement,
                            effective_parameters,
                            context,
                        ):
                            evt_handled = True
                            break
                if not evt_handled:
>                   self.dialect.do_execute(
                        cursor, str_statement, effective_parameters, context
                    )

venv\Lib\site-packages\sqlalchemy\engine\base.py:1967: 
_ _ _ _ _ _ _ _ _ _ _ _ _ _ _ _ _ _ _ _ _ _ _ _ _ _ _ _ _ _ _ _ _ _ _ _ _ _ _ _

self = <sqlalchemy.dialects.sqlite.pysqlite.SQLiteDialect_pysqlite object at 0x00000258852EA750>
cursor = <sqlite3.Cursor object at 0x000002588E2E1740>
statement = 'INSERT INTO patients (id, study_id, usubjid, subjid, studyid, domain, rfstdtc, rfendtc, dmdtc, dmdy, siteid, country,...hdtc, created_at) VALUES (?, ?, ?, ?, ?, ?, ?, ?, ?, ?, ?, ?, ?, ?, ?, ?, ?, ?, ?, ?, ?, ?, ?, ?, ?, ?, ?, ?, ?, ?, ?)'
parameters = ('4db64c745fcb4bf38ab65d3086e07c63', None, 'STUDY001-001', '001', 'STUDY001', 'DM', ...)
context = <sqlalchemy.dialects.sqlite.base.SQLiteExecutionContext object at 0x0000025887CDCE90>

    def do_execute(self, cursor, statement, parameters, context=None):
>       cursor.execute(statement, parameters)
E       sqlite3.OperationalError: no such table: patients

venv\Lib\site-packages\sqlalchemy\engine\default.py:941: OperationalError

The above exception was the direct cause of the following exception:

db_session = <sqlalchemy.orm.session.Session object at 0x000002588791B150>

    @pytest.fixture
    def sample_patient(db_session):
        """Create a sample patient for tests."""
        from src.database.models.patient import Patient
        patient = Patient(
            usubjid="STUDY001-001",
            subjid="001",
            studyid="STUDY001",
            age=65.0,
            ageu="YEARS",
            sex="M",
            race="WHITE",
            arm="Treatment A",
            country="USA",
        )
        db_session.add(patient)
>       db_session.commit()

tests\conftest.py:77: 
_ _ _ _ _ _ _ _ _ _ _ _ _ _ _ _ _ _ _ _ _ _ _ _ _ _ _ _ _ _ _ _ _ _ _ _ _ _ _ _
venv\Lib\site-packages\sqlalchemy\orm\session.py:2028: in commit
    trans.commit(_to_root=True)
venv\Lib\site-packages\sqlalchemy\orm\state_changes.py:139: in _go
    ret_value = fn(self, *arg, **kw)
venv\Lib\site-packages\sqlalchemy\orm\session.py:1313: in commit
    self._prepare_impl()
venv\Lib\site-packages\sqlalchemy\orm\state_changes.py:139: in _go
    ret_value = fn(self, *arg, **kw)
venv\Lib\site-packages\sqlalchemy\orm\session.py:1288: in _prepare_impl
    self.session.flush()
venv\Lib\site-packages\sqlalchemy\orm\session.py:4352: in flush
    self._flush(objects)
venv\Lib\site-packages\sqlalchemy\orm\session.py:4487: in _flush
    with util.safe_reraise():
venv\Lib\site-packages\sqlalchemy\util\langhelpers.py:146: in __exit__
    raise exc_value.with_traceback(exc_tb)
venv\Lib\site-packages\sqlalchemy\orm\session.py:4448: in _flush
    flush_context.execute()
venv\Lib\site-packages\sqlalchemy\orm\unitofwork.py:466: in execute
    rec.execute(self)
venv\Lib\site-packages\sqlalchemy\orm\unitofwork.py:642: in execute
    util.preloaded.orm_persistence.save_obj(
venv\Lib\site-packages\sqlalchemy\orm\persistence.py:93: in save_obj
    _emit_insert_statements(
venv\Lib\site-packages\sqlalchemy\orm\persistence.py:1233: in _emit_insert_statements
    result = connection.execute(
venv\Lib\site-packages\sqlalchemy\engine\base.py:1418: in execute
    return meth(
venv\Lib\site-packages\sqlalchemy\sql\elements.py:515: in _execute_on_connection
    return connection._execute_clauseelement(
venv\Lib\site-packages\sqlalchemy\engine\base.py:1640: in _execute_clauseelement
    ret = self._execute_context(
venv\Lib\site-packages\sqlalchemy\engine\base.py:1846: in _execute_context
    return self._exec_single_context(
venv\Lib\site-packages\sqlalchemy\engine\base.py:1986: in _exec_single_context
    self._handle_dbapi_exception(
venv\Lib\site-packages\sqlalchemy\engine\base.py:2355: in _handle_dbapi_exception
    raise sqlalchemy_exception.with_traceback(exc_info[2]) from e
venv\Lib\site-packages\sqlalchemy\engine\base.py:1967: in _exec_single_context
    self.dialect.do_execute(
_ _ _ _ _ _ _ _ _ _ _ _ _ _ _ _ _ _ _ _ _ _ _ _ _ _ _ _ _ _ _ _ _ _ _ _ _ _ _ _

self = <sqlalchemy.dialects.sqlite.pysqlite.SQLiteDialect_pysqlite object at 0x00000258852EA750>
cursor = <sqlite3.Cursor object at 0x000002588E2E1740>
statement = 'INSERT INTO patients (id, study_id, usubjid, subjid, studyid, domain, rfstdtc, rfendtc, dmdtc, dmdy, siteid, country,...hdtc, created_at) VALUES (?, ?, ?, ?, ?, ?, ?, ?, ?, ?, ?, ?, ?, ?, ?, ?, ?, ?, ?, ?, ?, ?, ?, ?, ?, ?, ?, ?, ?, ?, ?)'
parameters = ('4db64c745fcb4bf38ab65d3086e07c63', None, 'STUDY001-001', '001', 'STUDY001', 'DM', ...)
context = <sqlalchemy.dialects.sqlite.base.SQLiteExecutionContext object at 0x0000025887CDCE90>

    def do_execute(self, cursor, statement, parameters, context=None):
>       cursor.execute(statement, parameters)
E       sqlalchemy.exc.OperationalError: (sqlite3.OperationalError) no such table: patients
E       [SQL: INSERT INTO patients (id, study_id, usubjid, subjid, studyid, domain, rfstdtc, rfendtc, dmdtc, dmdy, siteid, country, age, ageu, sex, race, ethnic, armcd, arm, actarmcd, actarm, diagnosis, diagcd, bmi, bmicat, smokestat, alcoholuse, education, dthfl, dthdtc, created_at) VALUES (?, ?, ?, ?, ?, ?, ?, ?, ?, ?, ?, ?, ?, ?, ?, ?, ?, ?, ?, ?, ?, ?, ?, ?, ?, ?, ?, ?, ?, ?, ?)]
E       [parameters: ('4db64c745fcb4bf38ab65d3086e07c63', None, 'STUDY001-001', '001', 'STUDY001', 'DM', None, None, None, None, None, 'USA', 65.0, 'YEARS', 'M', 'WHITE', None, None, 'Treatment A', None, None, None, None, None, None, None, None, None, None, None, '2026-06-08 11:20:15.237331')]
E       (Background on this error at: https://sqlalche.me/e/20/e3q8)

venv\Lib\site-packages\sqlalchemy\engine\default.py:941: OperationalError
================================== FAILURES ===================================
__________________ TestSessionEndpoints.test_create_session ___________________

self = <sqlalchemy.engine.base.Connection object at 0x0000025885C1EB50>
dialect = <sqlalchemy.dialects.sqlite.pysqlite.SQLiteDialect_pysqlite object at 0x00000258852EA750>
context = <sqlalchemy.dialects.sqlite.base.SQLiteExecutionContext object at 0x0000025885C1EFD0>
statement = <sqlalchemy.dialects.sqlite.base.SQLiteCompiler object at 0x0000025885C1F010>
parameters = [('3f8bd09510054a9992183fd7eea86bf2', 'Test Session', '2026-06-08 11:19:52.110291', '2026-06-08 11:19:52.110291', None, None, ...)]

    def _exec_single_context(
        self,
        dialect: Dialect,
        context: ExecutionContext,
        statement: Union[str, Compiled],
        parameters: Optional[_AnyMultiExecuteParams],
    ) -> CursorResult[Any]:
        """continue the _execute_context() method for a single DBAPI
        cursor.execute() or cursor.executemany() call.
    
        """
        if dialect.bind_typing is BindTyping.SETINPUTSIZES:
            generic_setinputsizes = context._prepare_set_input_sizes()
    
            if generic_setinputsizes:
                try:
                    dialect.do_set_input_sizes(
                        context.cursor, generic_setinputsizes, context
                    )
                except BaseException as e:
                    self._handle_dbapi_exception(
                        e, str(statement), parameters, None, context
                    )
    
        cursor, str_statement, parameters = (
            context.cursor,
            context.statement,
            context.parameters,
        )
    
        effective_parameters: Optional[_AnyExecuteParams]
    
        if not context.executemany:
            effective_parameters = parameters[0]
        else:
            effective_parameters = parameters
    
        if self._has_events or self.engine._has_events:
            for fn in self.dispatch.before_cursor_execute:
                str_statement, effective_parameters = fn(
                    self,
                    cursor,
                    str_statement,
                    effective_parameters,
                    context,
                    context.executemany,
                )
    
        if self._echo:
            self._log_info(str_statement)
    
            stats = context._get_cache_stats()
    
            if not self.engine.hide_parameters:
                self._log_info(
                    "[%s] %r",
                    stats,
                    sql_util._repr_params(
                        effective_parameters,
                        batches=10,
                        ismulti=context.executemany,
                    ),
                )
            else:
                self._log_info(
                    "[%s] [SQL parameters hidden due to hide_parameters=True]",
                    stats,
                )
    
        evt_handled: bool = False
        try:
            if context.execute_style is ExecuteStyle.EXECUTEMANY:
                effective_parameters = cast(
                    "_CoreMultiExecuteParams", effective_parameters
                )
                if self.dialect._has_events:
                    for fn in self.dialect.dispatch.do_executemany:
                        if fn(
                            cursor,
                            str_statement,
                            effective_parameters,
                            context,
                        ):
                            evt_handled = True
                            break
                if not evt_handled:
                    self.dialect.do_executemany(
                        cursor,
                        str_statement,
                        effective_parameters,
                        context,
                    )
            elif not effective_parameters and context.no_parameters:
                if self.dialect._has_events:
                    for fn in self.dialect.dispatch.do_execute_no_params:
                        if fn(cursor, str_statement, context):
                            evt_handled = True
                            break
                if not evt_handled:
                    self.dialect.do_execute_no_params(
                        cursor, str_statement, context
                    )
            else:
                effective_parameters = cast(
                    "_CoreSingleExecuteParams", effective_parameters
                )
                if self.dialect._has_events:
                    for fn in self.dialect.dispatch.do_execute:
                        if fn(
                            cursor,
                            str_statement,
                            effective_parameters,
                            context,
                        ):
                            evt_handled = True
                            break
                if not evt_handled:
>                   self.dialect.do_execute(
                        cursor, str_statement, effective_parameters, context
                    )

venv\Lib\site-packages\sqlalchemy\engine\base.py:1967: 
_ _ _ _ _ _ _ _ _ _ _ _ _ _ _ _ _ _ _ _ _ _ _ _ _ _ _ _ _ _ _ _ _ _ _ _ _ _ _ _

self = <sqlalchemy.dialects.sqlite.pysqlite.SQLiteDialect_pysqlite object at 0x00000258852EA750>
cursor = <sqlite3.Cursor object at 0x0000025885C28540>
statement = 'INSERT INTO investigation_sessions (id, session_name, created_at, updated_at, active_study_id, active_patient_id, investigation_context, conversation_history, session_summary, status) VALUES (?, ?, ?, ?, ?, ?, ?, ?, ?, ?)'
parameters = ('3f8bd09510054a9992183fd7eea86bf2', 'Test Session', '2026-06-08 11:19:52.110291', '2026-06-08 11:19:52.110291', None, None, ...)
context = <sqlalchemy.dialects.sqlite.base.SQLiteExecutionContext object at 0x0000025885C1EFD0>

    def do_execute(self, cursor, statement, parameters, context=None):
>       cursor.execute(statement, parameters)
E       sqlite3.OperationalError: no such table: investigation_sessions

venv\Lib\site-packages\sqlalchemy\engine\default.py:941: OperationalError

The above exception was the direct cause of the following exception:

self = <tests.test_api.TestSessionEndpoints object at 0x00000258853DA810>
client = <starlette.testclient.TestClient object at 0x00000258852ECB10>

    def test_create_session(self, client):
>       resp = client.post("/sessions", json={"name": "Test Session"})

tests\test_api.py:20: 
_ _ _ _ _ _ _ _ _ _ _ _ _ _ _ _ _ _ _ _ _ _ _ _ _ _ _ _ _ _ _ _ _ _ _ _ _ _ _ _
venv\Lib\site-packages\starlette\testclient.py:597: in post
    return super().post(
venv\Lib\site-packages\httpx\_client.py:1157: in post
    return self.request(
venv\Lib\site-packages\starlette\testclient.py:488: in request
    return super().request(
venv\Lib\site-packages\httpx\_client.py:837: in request
    return self.send(request, auth=auth, follow_redirects=follow_redirects)
venv\Lib\site-packages\httpx\_client.py:926: in send
    response = self._send_handling_auth(
venv\Lib\site-packages\httpx\_client.py:954: in _send_handling_auth
    response = self._send_handling_redirects(
venv\Lib\site-packages\httpx\_client.py:991: in _send_handling_redirects
    response = self._send_single_request(request)
venv\Lib\site-packages\httpx\_client.py:1027: in _send_single_request
    response = transport.handle_request(request)
venv\Lib\site-packages\starlette\testclient.py:381: in handle_request
    raise exc
venv\Lib\site-packages\starlette\testclient.py:378: in handle_request
    portal.call(self.app, scope, receive, send)
venv\Lib\site-packages\anyio\from_thread.py:334: in call
    return cast(T_Retval, self.start_task_soon(func, *args).result())
C:\Users\SANJANA\AppData\Local\Programs\Python\Python311\Lib\concurrent\futures\_base.py:456: in result
    return self.__get_result()
C:\Users\SANJANA\AppData\Local\Programs\Python\Python311\Lib\concurrent\futures\_base.py:401: in __get_result
    raise self._exception
venv\Lib\site-packages\anyio\from_thread.py:259: in _call_func
    retval = await retval_or_awaitable
venv\Lib\site-packages\fastapi\applications.py:1054: in __call__
    await super().__call__(scope, receive, send)
venv\Lib\site-packages\starlette\applications.py:113: in __call__
    await self.middleware_stack(scope, receive, send)
venv\Lib\site-packages\starlette\middleware\errors.py:187: in __call__
    raise exc
venv\Lib\site-packages\starlette\middleware\errors.py:165: in __call__
    await self.app(scope, receive, _send)
venv\Lib\site-packages\starlette\middleware\cors.py:85: in __call__
    await self.app(scope, receive, send)
venv\Lib\site-packages\starlette\middleware\exceptions.py:62: in __call__
    await wrap_app_handling_exceptions(self.app, conn)(scope, receive, send)
venv\Lib\site-packages\starlette\_exception_handler.py:62: in wrapped_app
    raise exc
venv\Lib\site-packages\starlette\_exception_handler.py:51: in wrapped_app
    await app(scope, receive, sender)
venv\Lib\site-packages\starlette\routing.py:715: in __call__
    await self.middleware_stack(scope, receive, send)
venv\Lib\site-packages\starlette\routing.py:735: in app
    await route.handle(scope, receive, send)
venv\Lib\site-packages\starlette\routing.py:288: in handle
    await self.app(scope, receive, send)
venv\Lib\site-packages\starlette\routing.py:76: in app
    await wrap_app_handling_exceptions(app, request)(scope, receive, send)
venv\Lib\site-packages\starlette\_exception_handler.py:62: in wrapped_app
    raise exc
venv\Lib\site-packages\starlette\_exception_handler.py:51: in wrapped_app
    await app(scope, receive, sender)
venv\Lib\site-packages\starlette\routing.py:73: in app
    response = await f(request)
venv\Lib\site-packages\fastapi\routing.py:301: in app
    raw_response = await run_endpoint_function(
venv\Lib\site-packages\fastapi\routing.py:214: in run_endpoint_function
    return await run_in_threadpool(dependant.call, **values)
venv\Lib\site-packages\starlette\concurrency.py:39: in run_in_threadpool
    return await anyio.to_thread.run_sync(func, *args)
venv\Lib\site-packages\anyio\to_thread.py:63: in run_sync
    return await get_async_backend().run_sync_in_worker_thread(
venv\Lib\site-packages\anyio\_backends\_asyncio.py:2518: in run_sync_in_worker_thread
    return await future
venv\Lib\site-packages\anyio\_backends\_asyncio.py:1002: in run
    result = context.run(func, *args)
src\api\routers\sessions.py:46: in create_session
    session = lt.create_session(body.name)
src\memory\long_term.py:50: in create_session
    self.db.commit()
venv\Lib\site-packages\sqlalchemy\orm\session.py:2028: in commit
    trans.commit(_to_root=True)
<string>:2: in commit
    ???
venv\Lib\site-packages\sqlalchemy\orm\state_changes.py:139: in _go
    ret_value = fn(self, *arg, **kw)
venv\Lib\site-packages\sqlalchemy\orm\session.py:1313: in commit
    self._prepare_impl()
<string>:2: in _prepare_impl
    ???
venv\Lib\site-packages\sqlalchemy\orm\state_changes.py:139: in _go
    ret_value = fn(self, *arg, **kw)
venv\Lib\site-packages\sqlalchemy\orm\session.py:1288: in _prepare_impl
    self.session.flush()
venv\Lib\site-packages\sqlalchemy\orm\session.py:4352: in flush
    self._flush(objects)
venv\Lib\site-packages\sqlalchemy\orm\session.py:4487: in _flush
    with util.safe_reraise():
venv\Lib\site-packages\sqlalchemy\util\langhelpers.py:146: in __exit__
    raise exc_value.with_traceback(exc_tb)
venv\Lib\site-packages\sqlalchemy\orm\session.py:4448: in _flush
    flush_context.execute()
venv\Lib\site-packages\sqlalchemy\orm\unitofwork.py:466: in execute
    rec.execute(self)
venv\Lib\site-packages\sqlalchemy\orm\unitofwork.py:642: in execute
    util.preloaded.orm_persistence.save_obj(
venv\Lib\site-packages\sqlalchemy\orm\persistence.py:93: in save_obj
    _emit_insert_statements(
venv\Lib\site-packages\sqlalchemy\orm\persistence.py:1233: in _emit_insert_statements
    result = connection.execute(
venv\Lib\site-packages\sqlalchemy\engine\base.py:1418: in execute
    return meth(
venv\Lib\site-packages\sqlalchemy\sql\elements.py:515: in _execute_on_connection
    return connection._execute_clauseelement(
venv\Lib\site-packages\sqlalchemy\engine\base.py:1640: in _execute_clauseelement
    ret = self._execute_context(
venv\Lib\site-packages\sqlalchemy\engine\base.py:1846: in _execute_context
    return self._exec_single_context(
venv\Lib\site-packages\sqlalchemy\engine\base.py:1986: in _exec_single_context
    self._handle_dbapi_exception(
venv\Lib\site-packages\sqlalchemy\engine\base.py:2355: in _handle_dbapi_exception
    raise sqlalchemy_exception.with_traceback(exc_info[2]) from e
venv\Lib\site-packages\sqlalchemy\engine\base.py:1967: in _exec_single_context
    self.dialect.do_execute(
_ _ _ _ _ _ _ _ _ _ _ _ _ _ _ _ _ _ _ _ _ _ _ _ _ _ _ _ _ _ _ _ _ _ _ _ _ _ _ _

self = <sqlalchemy.dialects.sqlite.pysqlite.SQLiteDialect_pysqlite object at 0x00000258852EA750>
cursor = <sqlite3.Cursor object at 0x0000025885C28540>
statement = 'INSERT INTO investigation_sessions (id, session_name, created_at, updated_at, active_study_id, active_patient_id, investigation_context, conversation_history, session_summary, status) VALUES (?, ?, ?, ?, ?, ?, ?, ?, ?, ?)'
parameters = ('3f8bd09510054a9992183fd7eea86bf2', 'Test Session', '2026-06-08 11:19:52.110291', '2026-06-08 11:19:52.110291', None, None, ...)
context = <sqlalchemy.dialects.sqlite.base.SQLiteExecutionContext object at 0x0000025885C1EFD0>

    def do_execute(self, cursor, statement, parameters, context=None):
>       cursor.execute(statement, parameters)
E       sqlalchemy.exc.OperationalError: (sqlite3.OperationalError) no such table: investigation_sessions
E       [SQL: INSERT INTO investigation_sessions (id, session_name, created_at, updated_at, active_study_id, active_patient_id, investigation_context, conversation_history, session_summary, status) VALUES (?, ?, ?, ?, ?, ?, ?, ?, ?, ?)]
E       [parameters: ('3f8bd09510054a9992183fd7eea86bf2', 'Test Session', '2026-06-08 11:19:52.110291', '2026-06-08 11:19:52.110291', None, None, '{}', '[]', None, 'active')]
E       (Background on this error at: https://sqlalche.me/e/20/e3q8)

venv\Lib\site-packages\sqlalchemy\engine\default.py:941: OperationalError
---------------------------- Captured stderr setup ----------------------------
2026-06-08 16:49:51.999 | INFO     | src.api.main:startup_event:44 - Investigator AI backend starting up...
2026-06-08 16:49:51.999 | INFO     | src.api.main:startup_event:45 - LLM model: llama-3.1-70b-versatile
2026-06-08 16:49:52.000 | INFO     | src.api.main:startup_event:46 - Database: sqlite:///:memory:
___________________ TestSessionEndpoints.test_list_sessions ___________________

self = <sqlalchemy.engine.base.Connection object at 0x0000025888479510>
dialect = <sqlalchemy.dialects.sqlite.pysqlite.SQLiteDialect_pysqlite object at 0x00000258852EA750>
context = <sqlalchemy.dialects.sqlite.base.SQLiteExecutionContext object at 0x0000025888479A90>
statement = <sqlalchemy.dialects.sqlite.base.SQLiteCompiler object at 0x0000025885C1F010>
parameters = [('70a041a199a242da8a76553a7d15708f', 'List Test Session', '2026-06-08 11:19:57.376063', '2026-06-08 11:19:57.376063', None, None, ...)]

    def _exec_single_context(
        self,
        dialect: Dialect,
        context: ExecutionContext,
        statement: Union[str, Compiled],
        parameters: Optional[_AnyMultiExecuteParams],
    ) -> CursorResult[Any]:
        """continue the _execute_context() method for a single DBAPI
        cursor.execute() or cursor.executemany() call.
    
        """
        if dialect.bind_typing is BindTyping.SETINPUTSIZES:
            generic_setinputsizes = context._prepare_set_input_sizes()
    
            if generic_setinputsizes:
                try:
                    dialect.do_set_input_sizes(
                        context.cursor, generic_setinputsizes, context
                    )
                except BaseException as e:
                    self._handle_dbapi_exception(
                        e, str(statement), parameters, None, context
                    )
    
        cursor, str_statement, parameters = (
            context.cursor,
            context.statement,
            context.parameters,
        )
    
        effective_parameters: Optional[_AnyExecuteParams]
    
        if not context.executemany:
            effective_parameters = parameters[0]
        else:
            effective_parameters = parameters
    
        if self._has_events or self.engine._has_events:
            for fn in self.dispatch.before_cursor_execute:
                str_statement, effective_parameters = fn(
                    self,
                    cursor,
                    str_statement,
                    effective_parameters,
                    context,
                    context.executemany,
                )
    
        if self._echo:
            self._log_info(str_statement)
    
            stats = context._get_cache_stats()
    
            if not self.engine.hide_parameters:
                self._log_info(
                    "[%s] %r",
                    stats,
                    sql_util._repr_params(
                        effective_parameters,
                        batches=10,
                        ismulti=context.executemany,
                    ),
                )
            else:
                self._log_info(
                    "[%s] [SQL parameters hidden due to hide_parameters=True]",
                    stats,
                )
    
        evt_handled: bool = False
        try:
            if context.execute_style is ExecuteStyle.EXECUTEMANY:
                effective_parameters = cast(
                    "_CoreMultiExecuteParams", effective_parameters
                )
                if self.dialect._has_events:
                    for fn in self.dialect.dispatch.do_executemany:
                        if fn(
                            cursor,
                            str_statement,
                            effective_parameters,
                            context,
                        ):
                            evt_handled = True
                            break
                if not evt_handled:
                    self.dialect.do_executemany(
                        cursor,
                        str_statement,
                        effective_parameters,
                        context,
                    )
            elif not effective_parameters and context.no_parameters:
                if self.dialect._has_events:
                    for fn in self.dialect.dispatch.do_execute_no_params:
                        if fn(cursor, str_statement, context):
                            evt_handled = True
                            break
                if not evt_handled:
                    self.dialect.do_execute_no_params(
                        cursor, str_statement, context
                    )
            else:
                effective_parameters = cast(
                    "_CoreSingleExecuteParams", effective_parameters
                )
                if self.dialect._has_events:
                    for fn in self.dialect.dispatch.do_execute:
                        if fn(
                            cursor,
                            str_statement,
                            effective_parameters,
                            context,
                        ):
                            evt_handled = True
                            break
                if not evt_handled:
>                   self.dialect.do_execute(
                        cursor, str_statement, effective_parameters, context
                    )

venv\Lib\site-packages\sqlalchemy\engine\base.py:1967: 
_ _ _ _ _ _ _ _ _ _ _ _ _ _ _ _ _ _ _ _ _ _ _ _ _ _ _ _ _ _ _ _ _ _ _ _ _ _ _ _

self = <sqlalchemy.dialects.sqlite.pysqlite.SQLiteDialect_pysqlite object at 0x00000258852EA750>
cursor = <sqlite3.Cursor object at 0x0000025888F254C0>
statement = 'INSERT INTO investigation_sessions (id, session_name, created_at, updated_at, active_study_id, active_patient_id, investigation_context, conversation_history, session_summary, status) VALUES (?, ?, ?, ?, ?, ?, ?, ?, ?, ?)'
parameters = ('70a041a199a242da8a76553a7d15708f', 'List Test Session', '2026-06-08 11:19:57.376063', '2026-06-08 11:19:57.376063', None, None, ...)
context = <sqlalchemy.dialects.sqlite.base.SQLiteExecutionContext object at 0x0000025888479A90>

    def do_execute(self, cursor, statement, parameters, context=None):
>       cursor.execute(statement, parameters)
E       sqlite3.OperationalError: no such table: investigation_sessions

venv\Lib\site-packages\sqlalchemy\engine\default.py:941: OperationalError

The above exception was the direct cause of the following exception:

self = <tests.test_api.TestSessionEndpoints object at 0x00000258853DAED0>
client = <starlette.testclient.TestClient object at 0x00000258884CCE90>

    def test_list_sessions(self, client):
>       client.post("/sessions", json={"name": "List Test Session"})

tests\test_api.py:27: 
_ _ _ _ _ _ _ _ _ _ _ _ _ _ _ _ _ _ _ _ _ _ _ _ _ _ _ _ _ _ _ _ _ _ _ _ _ _ _ _
venv\Lib\site-packages\starlette\testclient.py:597: in post
    return super().post(
venv\Lib\site-packages\httpx\_client.py:1157: in post
    return self.request(
venv\Lib\site-packages\starlette\testclient.py:488: in request
    return super().request(
venv\Lib\site-packages\httpx\_client.py:837: in request
    return self.send(request, auth=auth, follow_redirects=follow_redirects)
venv\Lib\site-packages\httpx\_client.py:926: in send
    response = self._send_handling_auth(
venv\Lib\site-packages\httpx\_client.py:954: in _send_handling_auth
    response = self._send_handling_redirects(
venv\Lib\site-packages\httpx\_client.py:991: in _send_handling_redirects
    response = self._send_single_request(request)
venv\Lib\site-packages\httpx\_client.py:1027: in _send_single_request
    response = transport.handle_request(request)
venv\Lib\site-packages\starlette\testclient.py:381: in handle_request
    raise exc
venv\Lib\site-packages\starlette\testclient.py:378: in handle_request
    portal.call(self.app, scope, receive, send)
venv\Lib\site-packages\anyio\from_thread.py:334: in call
    return cast(T_Retval, self.start_task_soon(func, *args).result())
C:\Users\SANJANA\AppData\Local\Programs\Python\Python311\Lib\concurrent\futures\_base.py:456: in result
    return self.__get_result()
C:\Users\SANJANA\AppData\Local\Programs\Python\Python311\Lib\concurrent\futures\_base.py:401: in __get_result
    raise self._exception
venv\Lib\site-packages\anyio\from_thread.py:259: in _call_func
    retval = await retval_or_awaitable
venv\Lib\site-packages\fastapi\applications.py:1054: in __call__
    await super().__call__(scope, receive, send)
venv\Lib\site-packages\starlette\applications.py:113: in __call__
    await self.middleware_stack(scope, receive, send)
venv\Lib\site-packages\starlette\middleware\errors.py:187: in __call__
    raise exc
venv\Lib\site-packages\starlette\middleware\errors.py:165: in __call__
    await self.app(scope, receive, _send)
venv\Lib\site-packages\starlette\middleware\cors.py:85: in __call__
    await self.app(scope, receive, send)
venv\Lib\site-packages\starlette\middleware\exceptions.py:62: in __call__
    await wrap_app_handling_exceptions(self.app, conn)(scope, receive, send)
venv\Lib\site-packages\starlette\_exception_handler.py:62: in wrapped_app
    raise exc
venv\Lib\site-packages\starlette\_exception_handler.py:51: in wrapped_app
    await app(scope, receive, sender)
venv\Lib\site-packages\starlette\routing.py:715: in __call__
    await self.middleware_stack(scope, receive, send)
venv\Lib\site-packages\starlette\routing.py:735: in app
    await route.handle(scope, receive, send)
venv\Lib\site-packages\starlette\routing.py:288: in handle
    await self.app(scope, receive, send)
venv\Lib\site-packages\starlette\routing.py:76: in app
    await wrap_app_handling_exceptions(app, request)(scope, receive, send)
venv\Lib\site-packages\starlette\_exception_handler.py:62: in wrapped_app
    raise exc
venv\Lib\site-packages\starlette\_exception_handler.py:51: in wrapped_app
    await app(scope, receive, sender)
venv\Lib\site-packages\starlette\routing.py:73: in app
    response = await f(request)
venv\Lib\site-packages\fastapi\routing.py:301: in app
    raw_response = await run_endpoint_function(
venv\Lib\site-packages\fastapi\routing.py:214: in run_endpoint_function
    return await run_in_threadpool(dependant.call, **values)
venv\Lib\site-packages\starlette\concurrency.py:39: in run_in_threadpool
    return await anyio.to_thread.run_sync(func, *args)
venv\Lib\site-packages\anyio\to_thread.py:63: in run_sync
    return await get_async_backend().run_sync_in_worker_thread(
venv\Lib\site-packages\anyio\_backends\_asyncio.py:2518: in run_sync_in_worker_thread
    return await future
venv\Lib\site-packages\anyio\_backends\_asyncio.py:1002: in run
    result = context.run(func, *args)
src\api\routers\sessions.py:46: in create_session
    session = lt.create_session(body.name)
src\memory\long_term.py:50: in create_session
    self.db.commit()
venv\Lib\site-packages\sqlalchemy\orm\session.py:2028: in commit
    trans.commit(_to_root=True)
<string>:2: in commit
    ???
venv\Lib\site-packages\sqlalchemy\orm\state_changes.py:139: in _go
    ret_value = fn(self, *arg, **kw)
venv\Lib\site-packages\sqlalchemy\orm\session.py:1313: in commit
    self._prepare_impl()
<string>:2: in _prepare_impl
    ???
venv\Lib\site-packages\sqlalchemy\orm\state_changes.py:139: in _go
    ret_value = fn(self, *arg, **kw)
venv\Lib\site-packages\sqlalchemy\orm\session.py:1288: in _prepare_impl
    self.session.flush()
venv\Lib\site-packages\sqlalchemy\orm\session.py:4352: in flush
    self._flush(objects)
venv\Lib\site-packages\sqlalchemy\orm\session.py:4487: in _flush
    with util.safe_reraise():
venv\Lib\site-packages\sqlalchemy\util\langhelpers.py:146: in __exit__
    raise exc_value.with_traceback(exc_tb)
venv\Lib\site-packages\sqlalchemy\orm\session.py:4448: in _flush
    flush_context.execute()
venv\Lib\site-packages\sqlalchemy\orm\unitofwork.py:466: in execute
    rec.execute(self)
venv\Lib\site-packages\sqlalchemy\orm\unitofwork.py:642: in execute
    util.preloaded.orm_persistence.save_obj(
venv\Lib\site-packages\sqlalchemy\orm\persistence.py:93: in save_obj
    _emit_insert_statements(
venv\Lib\site-packages\sqlalchemy\orm\persistence.py:1233: in _emit_insert_statements
    result = connection.execute(
venv\Lib\site-packages\sqlalchemy\engine\base.py:1418: in execute
    return meth(
venv\Lib\site-packages\sqlalchemy\sql\elements.py:515: in _execute_on_connection
    return connection._execute_clauseelement(
venv\Lib\site-packages\sqlalchemy\engine\base.py:1640: in _execute_clauseelement
    ret = self._execute_context(
venv\Lib\site-packages\sqlalchemy\engine\base.py:1846: in _execute_context
    return self._exec_single_context(
venv\Lib\site-packages\sqlalchemy\engine\base.py:1986: in _exec_single_context
    self._handle_dbapi_exception(
venv\Lib\site-packages\sqlalchemy\engine\base.py:2355: in _handle_dbapi_exception
    raise sqlalchemy_exception.with_traceback(exc_info[2]) from e
venv\Lib\site-packages\sqlalchemy\engine\base.py:1967: in _exec_single_context
    self.dialect.do_execute(
_ _ _ _ _ _ _ _ _ _ _ _ _ _ _ _ _ _ _ _ _ _ _ _ _ _ _ _ _ _ _ _ _ _ _ _ _ _ _ _

self = <sqlalchemy.dialects.sqlite.pysqlite.SQLiteDialect_pysqlite object at 0x00000258852EA750>
cursor = <sqlite3.Cursor object at 0x0000025888F254C0>
statement = 'INSERT INTO investigation_sessions (id, session_name, created_at, updated_at, active_study_id, active_patient_id, investigation_context, conversation_history, session_summary, status) VALUES (?, ?, ?, ?, ?, ?, ?, ?, ?, ?)'
parameters = ('70a041a199a242da8a76553a7d15708f', 'List Test Session', '2026-06-08 11:19:57.376063', '2026-06-08 11:19:57.376063', None, None, ...)
context = <sqlalchemy.dialects.sqlite.base.SQLiteExecutionContext object at 0x0000025888479A90>

    def do_execute(self, cursor, statement, parameters, context=None):
>       cursor.execute(statement, parameters)
E       sqlalchemy.exc.OperationalError: (sqlite3.OperationalError) no such table: investigation_sessions
E       [SQL: INSERT INTO investigation_sessions (id, session_name, created_at, updated_at, active_study_id, active_patient_id, investigation_context, conversation_history, session_summary, status) VALUES (?, ?, ?, ?, ?, ?, ?, ?, ?, ?)]
E       [parameters: ('70a041a199a242da8a76553a7d15708f', 'List Test Session', '2026-06-08 11:19:57.376063', '2026-06-08 11:19:57.376063', None, None, '{}', '[]', None, 'active')]
E       (Background on this error at: https://sqlalche.me/e/20/e3q8)

venv\Lib\site-packages\sqlalchemy\engine\default.py:941: OperationalError
---------------------------- Captured stderr setup ----------------------------
2026-06-08 16:49:57.372 | INFO     | src.api.main:startup_event:44 - Investigator AI backend starting up...
2026-06-08 16:49:57.373 | INFO     | src.api.main:startup_event:45 - LLM model: llama-3.1-70b-versatile
2026-06-08 16:49:57.373 | INFO     | src.api.main:startup_event:46 - Database: sqlite:///:memory:
____________________ TestSessionEndpoints.test_get_session ____________________

self = <sqlalchemy.engine.base.Connection object at 0x00000258877D0450>
dialect = <sqlalchemy.dialects.sqlite.pysqlite.SQLiteDialect_pysqlite object at 0x00000258852EA750>
context = <sqlalchemy.dialects.sqlite.base.SQLiteExecutionContext object at 0x00000258877D1190>
statement = <sqlalchemy.dialects.sqlite.base.SQLiteCompiler object at 0x0000025885C1F010>
parameters = [('7935c5a5d4154419afc156d9cbcfdae7', 'Get Test', '2026-06-08 11:19:58.260922', '2026-06-08 11:19:58.260922', None, None, ...)]

    def _exec_single_context(
        self,
        dialect: Dialect,
        context: ExecutionContext,
        statement: Union[str, Compiled],
        parameters: Optional[_AnyMultiExecuteParams],
    ) -> CursorResult[Any]:
        """continue the _execute_context() method for a single DBAPI
        cursor.execute() or cursor.executemany() call.
    
        """
        if dialect.bind_typing is BindTyping.SETINPUTSIZES:
            generic_setinputsizes = context._prepare_set_input_sizes()
    
            if generic_setinputsizes:
                try:
                    dialect.do_set_input_sizes(
                        context.cursor, generic_setinputsizes, context
                    )
                except BaseException as e:
                    self._handle_dbapi_exception(
                        e, str(statement), parameters, None, context
                    )
    
        cursor, str_statement, parameters = (
            context.cursor,
            context.statement,
            context.parameters,
        )
    
        effective_parameters: Optional[_AnyExecuteParams]
    
        if not context.executemany:
            effective_parameters = parameters[0]
        else:
            effective_parameters = parameters
    
        if self._has_events or self.engine._has_events:
            for fn in self.dispatch.before_cursor_execute:
                str_statement, effective_parameters = fn(
                    self,
                    cursor,
                    str_statement,
                    effective_parameters,
                    context,
                    context.executemany,
                )
    
        if self._echo:
            self._log_info(str_statement)
    
            stats = context._get_cache_stats()
    
            if not self.engine.hide_parameters:
                self._log_info(
                    "[%s] %r",
                    stats,
                    sql_util._repr_params(
                        effective_parameters,
                        batches=10,
                        ismulti=context.executemany,
                    ),
                )
            else:
                self._log_info(
                    "[%s] [SQL parameters hidden due to hide_parameters=True]",
                    stats,
                )
    
        evt_handled: bool = False
        try:
            if context.execute_style is ExecuteStyle.EXECUTEMANY:
                effective_parameters = cast(
                    "_CoreMultiExecuteParams", effective_parameters
                )
                if self.dialect._has_events:
                    for fn in self.dialect.dispatch.do_executemany:
                        if fn(
                            cursor,
                            str_statement,
                            effective_parameters,
                            context,
                        ):
                            evt_handled = True
                            break
                if not evt_handled:
                    self.dialect.do_executemany(
                        cursor,
                        str_statement,
                        effective_parameters,
                        context,
                    )
            elif not effective_parameters and context.no_parameters:
                if self.dialect._has_events:
                    for fn in self.dialect.dispatch.do_execute_no_params:
                        if fn(cursor, str_statement, context):
                            evt_handled = True
                            break
                if not evt_handled:
                    self.dialect.do_execute_no_params(
                        cursor, str_statement, context
                    )
            else:
                effective_parameters = cast(
                    "_CoreSingleExecuteParams", effective_parameters
                )
                if self.dialect._has_events:
                    for fn in self.dialect.dispatch.do_execute:
                        if fn(
                            cursor,
                            str_statement,
                            effective_parameters,
                            context,
                        ):
                            evt_handled = True
                            break
                if not evt_handled:
>                   self.dialect.do_execute(
                        cursor, str_statement, effective_parameters, context
                    )

venv\Lib\site-packages\sqlalchemy\engine\base.py:1967: 
_ _ _ _ _ _ _ _ _ _ _ _ _ _ _ _ _ _ _ _ _ _ _ _ _ _ _ _ _ _ _ _ _ _ _ _ _ _ _ _

self = <sqlalchemy.dialects.sqlite.pysqlite.SQLiteDialect_pysqlite object at 0x00000258852EA750>
cursor = <sqlite3.Cursor object at 0x0000025887114340>
statement = 'INSERT INTO investigation_sessions (id, session_name, created_at, updated_at, active_study_id, active_patient_id, investigation_context, conversation_history, session_summary, status) VALUES (?, ?, ?, ?, ?, ?, ?, ?, ?, ?)'
parameters = ('7935c5a5d4154419afc156d9cbcfdae7', 'Get Test', '2026-06-08 11:19:58.260922', '2026-06-08 11:19:58.260922', None, None, ...)
context = <sqlalchemy.dialects.sqlite.base.SQLiteExecutionContext object at 0x00000258877D1190>

    def do_execute(self, cursor, statement, parameters, context=None):
>       cursor.execute(statement, parameters)
E       sqlite3.OperationalError: no such table: investigation_sessions

venv\Lib\site-packages\sqlalchemy\engine\default.py:941: OperationalError

The above exception was the direct cause of the following exception:

self = <tests.test_api.TestSessionEndpoints object at 0x00000258853DB610>
client = <starlette.testclient.TestClient object at 0x0000025888FE0150>

    def test_get_session(self, client):
>       create_resp = client.post("/sessions", json={"name": "Get Test"})

tests\test_api.py:33: 
_ _ _ _ _ _ _ _ _ _ _ _ _ _ _ _ _ _ _ _ _ _ _ _ _ _ _ _ _ _ _ _ _ _ _ _ _ _ _ _
venv\Lib\site-packages\starlette\testclient.py:597: in post
    return super().post(
venv\Lib\site-packages\httpx\_client.py:1157: in post
    return self.request(
venv\Lib\site-packages\starlette\testclient.py:488: in request
    return super().request(
venv\Lib\site-packages\httpx\_client.py:837: in request
    return self.send(request, auth=auth, follow_redirects=follow_redirects)
venv\Lib\site-packages\httpx\_client.py:926: in send
    response = self._send_handling_auth(
venv\Lib\site-packages\httpx\_client.py:954: in _send_handling_auth
    response = self._send_handling_redirects(
venv\Lib\site-packages\httpx\_client.py:991: in _send_handling_redirects
    response = self._send_single_request(request)
venv\Lib\site-packages\httpx\_client.py:1027: in _send_single_request
    response = transport.handle_request(request)
venv\Lib\site-packages\starlette\testclient.py:381: in handle_request
    raise exc
venv\Lib\site-packages\starlette\testclient.py:378: in handle_request
    portal.call(self.app, scope, receive, send)
venv\Lib\site-packages\anyio\from_thread.py:334: in call
    return cast(T_Retval, self.start_task_soon(func, *args).result())
C:\Users\SANJANA\AppData\Local\Programs\Python\Python311\Lib\concurrent\futures\_base.py:456: in result
    return self.__get_result()
C:\Users\SANJANA\AppData\Local\Programs\Python\Python311\Lib\concurrent\futures\_base.py:401: in __get_result
    raise self._exception
venv\Lib\site-packages\anyio\from_thread.py:259: in _call_func
    retval = await retval_or_awaitable
venv\Lib\site-packages\fastapi\applications.py:1054: in __call__
    await super().__call__(scope, receive, send)
venv\Lib\site-packages\starlette\applications.py:113: in __call__
    await self.middleware_stack(scope, receive, send)
venv\Lib\site-packages\starlette\middleware\errors.py:187: in __call__
    raise exc
venv\Lib\site-packages\starlette\middleware\errors.py:165: in __call__
    await self.app(scope, receive, _send)
venv\Lib\site-packages\starlette\middleware\cors.py:85: in __call__
    await self.app(scope, receive, send)
venv\Lib\site-packages\starlette\middleware\exceptions.py:62: in __call__
    await wrap_app_handling_exceptions(self.app, conn)(scope, receive, send)
venv\Lib\site-packages\starlette\_exception_handler.py:62: in wrapped_app
    raise exc
venv\Lib\site-packages\starlette\_exception_handler.py:51: in wrapped_app
    await app(scope, receive, sender)
venv\Lib\site-packages\starlette\routing.py:715: in __call__
    await self.middleware_stack(scope, receive, send)
venv\Lib\site-packages\starlette\routing.py:735: in app
    await route.handle(scope, receive, send)
venv\Lib\site-packages\starlette\routing.py:288: in handle
    await self.app(scope, receive, send)
venv\Lib\site-packages\starlette\routing.py:76: in app
    await wrap_app_handling_exceptions(app, request)(scope, receive, send)
venv\Lib\site-packages\starlette\_exception_handler.py:62: in wrapped_app
    raise exc
venv\Lib\site-packages\starlette\_exception_handler.py:51: in wrapped_app
    await app(scope, receive, sender)
venv\Lib\site-packages\starlette\routing.py:73: in app
    response = await f(request)
venv\Lib\site-packages\fastapi\routing.py:301: in app
    raw_response = await run_endpoint_function(
venv\Lib\site-packages\fastapi\routing.py:214: in run_endpoint_function
    return await run_in_threadpool(dependant.call, **values)
venv\Lib\site-packages\starlette\concurrency.py:39: in run_in_threadpool
    return await anyio.to_thread.run_sync(func, *args)
venv\Lib\site-packages\anyio\to_thread.py:63: in run_sync
    return await get_async_backend().run_sync_in_worker_thread(
venv\Lib\site-packages\anyio\_backends\_asyncio.py:2518: in run_sync_in_worker_thread
    return await future
venv\Lib\site-packages\anyio\_backends\_asyncio.py:1002: in run
    result = context.run(func, *args)
src\api\routers\sessions.py:46: in create_session
    session = lt.create_session(body.name)
src\memory\long_term.py:50: in create_session
    self.db.commit()
venv\Lib\site-packages\sqlalchemy\orm\session.py:2028: in commit
    trans.commit(_to_root=True)
<string>:2: in commit
    ???
venv\Lib\site-packages\sqlalchemy\orm\state_changes.py:139: in _go
    ret_value = fn(self, *arg, **kw)
venv\Lib\site-packages\sqlalchemy\orm\session.py:1313: in commit
    self._prepare_impl()
<string>:2: in _prepare_impl
    ???
venv\Lib\site-packages\sqlalchemy\orm\state_changes.py:139: in _go
    ret_value = fn(self, *arg, **kw)
venv\Lib\site-packages\sqlalchemy\orm\session.py:1288: in _prepare_impl
    self.session.flush()
venv\Lib\site-packages\sqlalchemy\orm\session.py:4352: in flush
    self._flush(objects)
venv\Lib\site-packages\sqlalchemy\orm\session.py:4487: in _flush
    with util.safe_reraise():
venv\Lib\site-packages\sqlalchemy\util\langhelpers.py:146: in __exit__
    raise exc_value.with_traceback(exc_tb)
venv\Lib\site-packages\sqlalchemy\orm\session.py:4448: in _flush
    flush_context.execute()
venv\Lib\site-packages\sqlalchemy\orm\unitofwork.py:466: in execute
    rec.execute(self)
venv\Lib\site-packages\sqlalchemy\orm\unitofwork.py:642: in execute
    util.preloaded.orm_persistence.save_obj(
venv\Lib\site-packages\sqlalchemy\orm\persistence.py:93: in save_obj
    _emit_insert_statements(
venv\Lib\site-packages\sqlalchemy\orm\persistence.py:1233: in _emit_insert_statements
    result = connection.execute(
venv\Lib\site-packages\sqlalchemy\engine\base.py:1418: in execute
    return meth(
venv\Lib\site-packages\sqlalchemy\sql\elements.py:515: in _execute_on_connection
    return connection._execute_clauseelement(
venv\Lib\site-packages\sqlalchemy\engine\base.py:1640: in _execute_clauseelement
    ret = self._execute_context(
venv\Lib\site-packages\sqlalchemy\engine\base.py:1846: in _execute_context
    return self._exec_single_context(
venv\Lib\site-packages\sqlalchemy\engine\base.py:1986: in _exec_single_context
    self._handle_dbapi_exception(
venv\Lib\site-packages\sqlalchemy\engine\base.py:2355: in _handle_dbapi_exception
    raise sqlalchemy_exception.with_traceback(exc_info[2]) from e
venv\Lib\site-packages\sqlalchemy\engine\base.py:1967: in _exec_single_context
    self.dialect.do_execute(
_ _ _ _ _ _ _ _ _ _ _ _ _ _ _ _ _ _ _ _ _ _ _ _ _ _ _ _ _ _ _ _ _ _ _ _ _ _ _ _

self = <sqlalchemy.dialects.sqlite.pysqlite.SQLiteDialect_pysqlite object at 0x00000258852EA750>
cursor = <sqlite3.Cursor object at 0x0000025887114340>
statement = 'INSERT INTO investigation_sessions (id, session_name, created_at, updated_at, active_study_id, active_patient_id, investigation_context, conversation_history, session_summary, status) VALUES (?, ?, ?, ?, ?, ?, ?, ?, ?, ?)'
parameters = ('7935c5a5d4154419afc156d9cbcfdae7', 'Get Test', '2026-06-08 11:19:58.260922', '2026-06-08 11:19:58.260922', None, None, ...)
context = <sqlalchemy.dialects.sqlite.base.SQLiteExecutionContext object at 0x00000258877D1190>

    def do_execute(self, cursor, statement, parameters, context=None):
>       cursor.execute(statement, parameters)
E       sqlalchemy.exc.OperationalError: (sqlite3.OperationalError) no such table: investigation_sessions
E       [SQL: INSERT INTO investigation_sessions (id, session_name, created_at, updated_at, active_study_id, active_patient_id, investigation_context, conversation_history, session_summary, status) VALUES (?, ?, ?, ?, ?, ?, ?, ?, ?, ?)]
E       [parameters: ('7935c5a5d4154419afc156d9cbcfdae7', 'Get Test', '2026-06-08 11:19:58.260922', '2026-06-08 11:19:58.260922', None, None, '{}', '[]', None, 'active')]
E       (Background on this error at: https://sqlalche.me/e/20/e3q8)

venv\Lib\site-packages\sqlalchemy\engine\default.py:941: OperationalError
---------------------------- Captured stderr setup ----------------------------
2026-06-08 16:49:58.256 | INFO     | src.api.main:startup_event:44 - Investigator AI backend starting up...
2026-06-08 16:49:58.256 | INFO     | src.api.main:startup_event:45 - LLM model: llama-3.1-70b-versatile
2026-06-08 16:49:58.257 | INFO     | src.api.main:startup_event:46 - Database: sqlite:///:memory:
______________ TestSessionEndpoints.test_get_nonexistent_session ______________

self = <sqlalchemy.engine.base.Connection object at 0x00000258889DD490>
dialect = <sqlalchemy.dialects.sqlite.pysqlite.SQLiteDialect_pysqlite object at 0x00000258852EA750>
constructor = <bound method DefaultExecutionContext._init_compiled of <class 'sqlalchemy.dialects.sqlite.base.SQLiteExecutionContext'>>
statement = <sqlalchemy.dialects.sqlite.base.SQLiteCompiler object at 0x00000258889DF710>
parameters = [{}]
execution_options = immutabledict({'_sa_orm_load_options': default_load_options(_legacy_uniquing=True), '_result_disable_adapt_to_context': True})
args = (<sqlalchemy.dialects.sqlite.base.SQLiteCompiler object at 0x00000258889DF710>, [{}], <sqlalchemy.sql.selectable.Selec...0000000-0000-0000-0000-000000000000', type_=UUID()), _OffsetLimitParam('%(2579272420752 param)s', 1, type_=Integer())])
kw = {'cache_hit': <CacheStats.CACHE_MISS: 1>}, yp = None
conn = <sqlalchemy.pool.base._ConnectionFairy object at 0x000002588869CB30>

    def _execute_context(
        self,
        dialect: Dialect,
        constructor: Callable[..., ExecutionContext],
        statement: Union[str, Compiled],
        parameters: Optional[_AnyMultiExecuteParams],
        execution_options: _ExecuteOptions,
        *args: Any,
        **kw: Any,
    ) -> CursorResult[Any]:
        """Create an :class:`.ExecutionContext` and execute, returning
        a :class:`_engine.CursorResult`."""
    
        if execution_options:
            yp = execution_options.get("yield_per", None)
            if yp:
                execution_options = execution_options.union(
                    {"stream_results": True, "max_row_buffer": yp}
                )
        try:
            conn = self._dbapi_connection
            if conn is None:
                conn = self._revalidate_connection()
    
>           context = constructor(
                dialect, self, conn, execution_options, *args, **kw
            )

venv\Lib\site-packages\sqlalchemy\engine\base.py:1815: 
_ _ _ _ _ _ _ _ _ _ _ _ _ _ _ _ _ _ _ _ _ _ _ _ _ _ _ _ _ _ _ _ _ _ _ _ _ _ _ _
venv\Lib\site-packages\sqlalchemy\engine\default.py:1474: in _init_compiled
    l_param: List[Any] = [
venv\Lib\site-packages\sqlalchemy\engine\default.py:1476: in <listcomp>
    flattened_processors[key](compiled_params[key])
_ _ _ _ _ _ _ _ _ _ _ _ _ _ _ _ _ _ _ _ _ _ _ _ _ _ _ _ _ _ _ _ _ _ _ _ _ _ _ _

value = '00000000-0000-0000-0000-000000000000'

    def process(value):
        if value is not None:
>           value = value.hex
E           AttributeError: 'str' object has no attribute 'hex'

venv\Lib\site-packages\sqlalchemy\sql\sqltypes.py:3625: AttributeError

The above exception was the direct cause of the following exception:

self = <tests.test_api.TestSessionEndpoints object at 0x00000258853DBD90>
client = <starlette.testclient.TestClient object at 0x00000258882DF910>

    def test_get_nonexistent_session(self, client):
>       resp = client.get("/sessions/00000000-0000-0000-0000-000000000000")

tests\test_api.py:40: 
_ _ _ _ _ _ _ _ _ _ _ _ _ _ _ _ _ _ _ _ _ _ _ _ _ _ _ _ _ _ _ _ _ _ _ _ _ _ _ _
venv\Lib\site-packages\starlette\testclient.py:518: in get
    return super().get(
venv\Lib\site-packages\httpx\_client.py:1066: in get
    return self.request(
venv\Lib\site-packages\starlette\testclient.py:488: in request
    return super().request(
venv\Lib\site-packages\httpx\_client.py:837: in request
    return self.send(request, auth=auth, follow_redirects=follow_redirects)
venv\Lib\site-packages\httpx\_client.py:926: in send
    response = self._send_handling_auth(
venv\Lib\site-packages\httpx\_client.py:954: in _send_handling_auth
    response = self._send_handling_redirects(
venv\Lib\site-packages\httpx\_client.py:991: in _send_handling_redirects
    response = self._send_single_request(request)
venv\Lib\site-packages\httpx\_client.py:1027: in _send_single_request
    response = transport.handle_request(request)
venv\Lib\site-packages\starlette\testclient.py:381: in handle_request
    raise exc
venv\Lib\site-packages\starlette\testclient.py:378: in handle_request
    portal.call(self.app, scope, receive, send)
venv\Lib\site-packages\anyio\from_thread.py:334: in call
    return cast(T_Retval, self.start_task_soon(func, *args).result())
C:\Users\SANJANA\AppData\Local\Programs\Python\Python311\Lib\concurrent\futures\_base.py:456: in result
    return self.__get_result()
C:\Users\SANJANA\AppData\Local\Programs\Python\Python311\Lib\concurrent\futures\_base.py:401: in __get_result
    raise self._exception
venv\Lib\site-packages\anyio\from_thread.py:259: in _call_func
    retval = await retval_or_awaitable
venv\Lib\site-packages\fastapi\applications.py:1054: in __call__
    await super().__call__(scope, receive, send)
venv\Lib\site-packages\starlette\applications.py:113: in __call__
    await self.middleware_stack(scope, receive, send)
venv\Lib\site-packages\starlette\middleware\errors.py:187: in __call__
    raise exc
venv\Lib\site-packages\starlette\middleware\errors.py:165: in __call__
    await self.app(scope, receive, _send)
venv\Lib\site-packages\starlette\middleware\cors.py:85: in __call__
    await self.app(scope, receive, send)
venv\Lib\site-packages\starlette\middleware\exceptions.py:62: in __call__
    await wrap_app_handling_exceptions(self.app, conn)(scope, receive, send)
venv\Lib\site-packages\starlette\_exception_handler.py:62: in wrapped_app
    raise exc
venv\Lib\site-packages\starlette\_exception_handler.py:51: in wrapped_app
    await app(scope, receive, sender)
venv\Lib\site-packages\starlette\routing.py:715: in __call__
    await self.middleware_stack(scope, receive, send)
venv\Lib\site-packages\starlette\routing.py:735: in app
    await route.handle(scope, receive, send)
venv\Lib\site-packages\starlette\routing.py:288: in handle
    await self.app(scope, receive, send)
venv\Lib\site-packages\starlette\routing.py:76: in app
    await wrap_app_handling_exceptions(app, request)(scope, receive, send)
venv\Lib\site-packages\starlette\_exception_handler.py:62: in wrapped_app
    raise exc
venv\Lib\site-packages\starlette\_exception_handler.py:51: in wrapped_app
    await app(scope, receive, sender)
venv\Lib\site-packages\starlette\routing.py:73: in app
    response = await f(request)
venv\Lib\site-packages\fastapi\routing.py:301: in app
    raw_response = await run_endpoint_function(
venv\Lib\site-packages\fastapi\routing.py:214: in run_endpoint_function
    return await run_in_threadpool(dependant.call, **values)
venv\Lib\site-packages\starlette\concurrency.py:39: in run_in_threadpool
    return await anyio.to_thread.run_sync(func, *args)
venv\Lib\site-packages\anyio\to_thread.py:63: in run_sync
    return await get_async_backend().run_sync_in_worker_thread(
venv\Lib\site-packages\anyio\_backends\_asyncio.py:2518: in run_sync_in_worker_thread
    return await future
venv\Lib\site-packages\anyio\_backends\_asyncio.py:1002: in run
    result = context.run(func, *args)
src\api\routers\sessions.py:63: in get_session
    session = lt.load_session(session_id)
src\memory\long_term.py:64: in load_session
    .first()
venv\Lib\site-packages\sqlalchemy\orm\query.py:2728: in first
    return self.limit(1)._iter().first()  # type: ignore
venv\Lib\site-packages\sqlalchemy\orm\query.py:2827: in _iter
    result: Union[ScalarResult[_T], Result[_T]] = self.session.execute(
venv\Lib\site-packages\sqlalchemy\orm\session.py:2362: in execute
    return self._execute_internal(
venv\Lib\site-packages\sqlalchemy\orm\session.py:2247: in _execute_internal
    result: Result[Any] = compile_state_cls.orm_execute_statement(
venv\Lib\site-packages\sqlalchemy\orm\context.py:305: in orm_execute_statement
    result = conn.execute(
venv\Lib\site-packages\sqlalchemy\engine\base.py:1418: in execute
    return meth(
venv\Lib\site-packages\sqlalchemy\sql\elements.py:515: in _execute_on_connection
    return connection._execute_clauseelement(
venv\Lib\site-packages\sqlalchemy\engine\base.py:1640: in _execute_clauseelement
    ret = self._execute_context(
venv\Lib\site-packages\sqlalchemy\engine\base.py:1821: in _execute_context
    self._handle_dbapi_exception(
venv\Lib\site-packages\sqlalchemy\engine\base.py:2355: in _handle_dbapi_exception
    raise sqlalchemy_exception.with_traceback(exc_info[2]) from e
venv\Lib\site-packages\sqlalchemy\engine\base.py:1815: in _execute_context
    context = constructor(
venv\Lib\site-packages\sqlalchemy\engine\default.py:1474: in _init_compiled
    l_param: List[Any] = [
venv\Lib\site-packages\sqlalchemy\engine\default.py:1476: in <listcomp>
    flattened_processors[key](compiled_params[key])
_ _ _ _ _ _ _ _ _ _ _ _ _ _ _ _ _ _ _ _ _ _ _ _ _ _ _ _ _ _ _ _ _ _ _ _ _ _ _ _

value = '00000000-0000-0000-0000-000000000000'

    def process(value):
        if value is not None:
>           value = value.hex
E           sqlalchemy.exc.StatementError: (builtins.AttributeError) 'str' object has no attribute 'hex'
E           [SQL: SELECT investigation_sessions.id AS investigation_sessions_id, investigation_sessions.session_name AS investigation_sessions_session_name, investigation_sessions.created_at AS investigation_sessions_created_at, investigation_sessions.updated_at AS investigation_sessions_updated_at, investigation_sessions.active_study_id AS investigation_sessions_active_study_id, investigation_sessions.active_patient_id AS investigation_sessions_active_patient_id, investigation_sessions.investigation_context AS investigation_sessions_investigation_context, investigation_sessions.conversation_history AS investigation_sessions_conversation_history, investigation_sessions.session_summary AS investigation_sessions_session_summary, investigation_sessions.status AS investigation_sessions_status 
E           FROM investigation_sessions 
E           WHERE investigation_sessions.id = ?
E            LIMIT ? OFFSET ?]
E           [parameters: [{}]]

venv\Lib\site-packages\sqlalchemy\sql\sqltypes.py:3625: StatementError
---------------------------- Captured stderr setup ----------------------------
2026-06-08 16:49:59.087 | INFO     | src.api.main:startup_event:44 - Investigator AI backend starting up...
2026-06-08 16:49:59.087 | INFO     | src.api.main:startup_event:45 - LLM model: llama-3.1-70b-versatile
2026-06-08 16:49:59.087 | INFO     | src.api.main:startup_event:46 - Database: sqlite:///:memory:
________________ TestIngestEndpoints.test_list_documents_empty ________________

self = <sqlalchemy.engine.base.Connection object at 0x0000025886F47890>
dialect = <sqlalchemy.dialects.sqlite.pysqlite.SQLiteDialect_pysqlite object at 0x00000258852EA750>
context = <sqlalchemy.dialects.sqlite.base.SQLiteExecutionContext object at 0x0000025886F44910>
statement = <sqlalchemy.dialects.sqlite.base.SQLiteCompiler object at 0x0000025886F445D0>
parameters = [(50, 0)]

    def _exec_single_context(
        self,
        dialect: Dialect,
        context: ExecutionContext,
        statement: Union[str, Compiled],
        parameters: Optional[_AnyMultiExecuteParams],
    ) -> CursorResult[Any]:
        """continue the _execute_context() method for a single DBAPI
        cursor.execute() or cursor.executemany() call.
    
        """
        if dialect.bind_typing is BindTyping.SETINPUTSIZES:
            generic_setinputsizes = context._prepare_set_input_sizes()
    
            if generic_setinputsizes:
                try:
                    dialect.do_set_input_sizes(
                        context.cursor, generic_setinputsizes, context
                    )
                except BaseException as e:
                    self._handle_dbapi_exception(
                        e, str(statement), parameters, None, context
                    )
    
        cursor, str_statement, parameters = (
            context.cursor,
            context.statement,
            context.parameters,
        )
    
        effective_parameters: Optional[_AnyExecuteParams]
    
        if not context.executemany:
            effective_parameters = parameters[0]
        else:
            effective_parameters = parameters
    
        if self._has_events or self.engine._has_events:
            for fn in self.dispatch.before_cursor_execute:
                str_statement, effective_parameters = fn(
                    self,
                    cursor,
                    str_statement,
                    effective_parameters,
                    context,
                    context.executemany,
                )
    
        if self._echo:
            self._log_info(str_statement)
    
            stats = context._get_cache_stats()
    
            if not self.engine.hide_parameters:
                self._log_info(
                    "[%s] %r",
                    stats,
                    sql_util._repr_params(
                        effective_parameters,
                        batches=10,
                        ismulti=context.executemany,
                    ),
                )
            else:
                self._log_info(
                    "[%s] [SQL parameters hidden due to hide_parameters=True]",
                    stats,
                )
    
        evt_handled: bool = False
        try:
            if context.execute_style is ExecuteStyle.EXECUTEMANY:
                effective_parameters = cast(
                    "_CoreMultiExecuteParams", effective_parameters
                )
                if self.dialect._has_events:
                    for fn in self.dialect.dispatch.do_executemany:
                        if fn(
                            cursor,
                            str_statement,
                            effective_parameters,
                            context,
                        ):
                            evt_handled = True
                            break
                if not evt_handled:
                    self.dialect.do_executemany(
                        cursor,
                        str_statement,
                        effective_parameters,
                        context,
                    )
            elif not effective_parameters and context.no_parameters:
                if self.dialect._has_events:
                    for fn in self.dialect.dispatch.do_execute_no_params:
                        if fn(cursor, str_statement, context):
                            evt_handled = True
                            break
                if not evt_handled:
                    self.dialect.do_execute_no_params(
                        cursor, str_statement, context
                    )
            else:
                effective_parameters = cast(
                    "_CoreSingleExecuteParams", effective_parameters
                )
                if self.dialect._has_events:
                    for fn in self.dialect.dispatch.do_execute:
                        if fn(
                            cursor,
                            str_statement,
                            effective_parameters,
                            context,
                        ):
                            evt_handled = True
                            break
                if not evt_handled:
>                   self.dialect.do_execute(
                        cursor, str_statement, effective_parameters, context
                    )

venv\Lib\site-packages\sqlalchemy\engine\base.py:1967: 
_ _ _ _ _ _ _ _ _ _ _ _ _ _ _ _ _ _ _ _ _ _ _ _ _ _ _ _ _ _ _ _ _ _ _ _ _ _ _ _

self = <sqlalchemy.dialects.sqlite.pysqlite.SQLiteDialect_pysqlite object at 0x00000258852EA750>
cursor = <sqlite3.Cursor object at 0x0000025887C427C0>
statement = 'SELECT ingested_documents.id AS ingested_documents_id, ingested_documents.file_name AS ingested_documents_file_name, ...sted_documents_error_message \nFROM ingested_documents ORDER BY ingested_documents.ingested_at DESC\n LIMIT ? OFFSET ?'
parameters = (50, 0)
context = <sqlalchemy.dialects.sqlite.base.SQLiteExecutionContext object at 0x0000025886F44910>

    def do_execute(self, cursor, statement, parameters, context=None):
>       cursor.execute(statement, parameters)
E       sqlite3.OperationalError: no such table: ingested_documents

venv\Lib\site-packages\sqlalchemy\engine\default.py:941: OperationalError

The above exception was the direct cause of the following exception:

self = <tests.test_api.TestIngestEndpoints object at 0x00000258853EC690>
client = <starlette.testclient.TestClient object at 0x0000025889040DD0>

    def test_list_documents_empty(self, client):
>       resp = client.get("/ingest/documents")

tests\test_api.py:46: 
_ _ _ _ _ _ _ _ _ _ _ _ _ _ _ _ _ _ _ _ _ _ _ _ _ _ _ _ _ _ _ _ _ _ _ _ _ _ _ _
venv\Lib\site-packages\starlette\testclient.py:518: in get
    return super().get(
venv\Lib\site-packages\httpx\_client.py:1066: in get
    return self.request(
venv\Lib\site-packages\starlette\testclient.py:488: in request
    return super().request(
venv\Lib\site-packages\httpx\_client.py:837: in request
    return self.send(request, auth=auth, follow_redirects=follow_redirects)
venv\Lib\site-packages\httpx\_client.py:926: in send
    response = self._send_handling_auth(
venv\Lib\site-packages\httpx\_client.py:954: in _send_handling_auth
    response = self._send_handling_redirects(
venv\Lib\site-packages\httpx\_client.py:991: in _send_handling_redirects
    response = self._send_single_request(request)
venv\Lib\site-packages\httpx\_client.py:1027: in _send_single_request
    response = transport.handle_request(request)
venv\Lib\site-packages\starlette\testclient.py:381: in handle_request
    raise exc
venv\Lib\site-packages\starlette\testclient.py:378: in handle_request
    portal.call(self.app, scope, receive, send)
venv\Lib\site-packages\anyio\from_thread.py:334: in call
    return cast(T_Retval, self.start_task_soon(func, *args).result())
C:\Users\SANJANA\AppData\Local\Programs\Python\Python311\Lib\concurrent\futures\_base.py:456: in result
    return self.__get_result()
C:\Users\SANJANA\AppData\Local\Programs\Python\Python311\Lib\concurrent\futures\_base.py:401: in __get_result
    raise self._exception
venv\Lib\site-packages\anyio\from_thread.py:259: in _call_func
    retval = await retval_or_awaitable
venv\Lib\site-packages\fastapi\applications.py:1054: in __call__
    await super().__call__(scope, receive, send)
venv\Lib\site-packages\starlette\applications.py:113: in __call__
    await self.middleware_stack(scope, receive, send)
venv\Lib\site-packages\starlette\middleware\errors.py:187: in __call__
    raise exc
venv\Lib\site-packages\starlette\middleware\errors.py:165: in __call__
    await self.app(scope, receive, _send)
venv\Lib\site-packages\starlette\middleware\cors.py:85: in __call__
    await self.app(scope, receive, send)
venv\Lib\site-packages\starlette\middleware\exceptions.py:62: in __call__
    await wrap_app_handling_exceptions(self.app, conn)(scope, receive, send)
venv\Lib\site-packages\starlette\_exception_handler.py:62: in wrapped_app
    raise exc
venv\Lib\site-packages\starlette\_exception_handler.py:51: in wrapped_app
    await app(scope, receive, sender)
venv\Lib\site-packages\starlette\routing.py:715: in __call__
    await self.middleware_stack(scope, receive, send)
venv\Lib\site-packages\starlette\routing.py:735: in app
    await route.handle(scope, receive, send)
venv\Lib\site-packages\starlette\routing.py:288: in handle
    await self.app(scope, receive, send)
venv\Lib\site-packages\starlette\routing.py:76: in app
    await wrap_app_handling_exceptions(app, request)(scope, receive, send)
venv\Lib\site-packages\starlette\_exception_handler.py:62: in wrapped_app
    raise exc
venv\Lib\site-packages\starlette\_exception_handler.py:51: in wrapped_app
    await app(scope, receive, sender)
venv\Lib\site-packages\starlette\routing.py:73: in app
    response = await f(request)
venv\Lib\site-packages\fastapi\routing.py:301: in app
    raw_response = await run_endpoint_function(
venv\Lib\site-packages\fastapi\routing.py:214: in run_endpoint_function
    return await run_in_threadpool(dependant.call, **values)
venv\Lib\site-packages\starlette\concurrency.py:39: in run_in_threadpool
    return await anyio.to_thread.run_sync(func, *args)
venv\Lib\site-packages\anyio\to_thread.py:63: in run_sync
    return await get_async_backend().run_sync_in_worker_thread(
venv\Lib\site-packages\anyio\_backends\_asyncio.py:2518: in run_sync_in_worker_thread
    return await future
venv\Lib\site-packages\anyio\_backends\_asyncio.py:1002: in run
    result = context.run(func, *args)
src\api\routers\ingest.py:80: in list_documents
    .all()
venv\Lib\site-packages\sqlalchemy\orm\query.py:2673: in all
    return self._iter().all()  # type: ignore
venv\Lib\site-packages\sqlalchemy\orm\query.py:2827: in _iter
    result: Union[ScalarResult[_T], Result[_T]] = self.session.execute(
venv\Lib\site-packages\sqlalchemy\orm\session.py:2362: in execute
    return self._execute_internal(
venv\Lib\site-packages\sqlalchemy\orm\session.py:2247: in _execute_internal
    result: Result[Any] = compile_state_cls.orm_execute_statement(
venv\Lib\site-packages\sqlalchemy\orm\context.py:305: in orm_execute_statement
    result = conn.execute(
venv\Lib\site-packages\sqlalchemy\engine\base.py:1418: in execute
    return meth(
venv\Lib\site-packages\sqlalchemy\sql\elements.py:515: in _execute_on_connection
    return connection._execute_clauseelement(
venv\Lib\site-packages\sqlalchemy\engine\base.py:1640: in _execute_clauseelement
    ret = self._execute_context(
venv\Lib\site-packages\sqlalchemy\engine\base.py:1846: in _execute_context
    return self._exec_single_context(
venv\Lib\site-packages\sqlalchemy\engine\base.py:1986: in _exec_single_context
    self._handle_dbapi_exception(
venv\Lib\site-packages\sqlalchemy\engine\base.py:2355: in _handle_dbapi_exception
    raise sqlalchemy_exception.with_traceback(exc_info[2]) from e
venv\Lib\site-packages\sqlalchemy\engine\base.py:1967: in _exec_single_context
    self.dialect.do_execute(
_ _ _ _ _ _ _ _ _ _ _ _ _ _ _ _ _ _ _ _ _ _ _ _ _ _ _ _ _ _ _ _ _ _ _ _ _ _ _ _

self = <sqlalchemy.dialects.sqlite.pysqlite.SQLiteDialect_pysqlite object at 0x00000258852EA750>
cursor = <sqlite3.Cursor object at 0x0000025887C427C0>
statement = 'SELECT ingested_documents.id AS ingested_documents_id, ingested_documents.file_name AS ingested_documents_file_name, ...sted_documents_error_message \nFROM ingested_documents ORDER BY ingested_documents.ingested_at DESC\n LIMIT ? OFFSET ?'
parameters = (50, 0)
context = <sqlalchemy.dialects.sqlite.base.SQLiteExecutionContext object at 0x0000025886F44910>

    def do_execute(self, cursor, statement, parameters, context=None):
>       cursor.execute(statement, parameters)
E       sqlalchemy.exc.OperationalError: (sqlite3.OperationalError) no such table: ingested_documents
E       [SQL: SELECT ingested_documents.id AS ingested_documents_id, ingested_documents.file_name AS ingested_documents_file_name, ingested_documents.file_path AS ingested_documents_file_path, ingested_documents.file_hash AS ingested_documents_file_hash, ingested_documents.file_type AS ingested_documents_file_type, ingested_documents.file_size_bytes AS ingested_documents_file_size_bytes, ingested_documents.ingested_at AS ingested_documents_ingested_at, ingested_documents.status AS ingested_documents_status, ingested_documents.record_count AS ingested_documents_record_count, ingested_documents.error_message AS ingested_documents_error_message 
E       FROM ingested_documents ORDER BY ingested_documents.ingested_at DESC
E        LIMIT ? OFFSET ?]
E       [parameters: (50, 0)]
E       (Background on this error at: https://sqlalche.me/e/20/e3q8)

venv\Lib\site-packages\sqlalchemy\engine\default.py:941: OperationalError
---------------------------- Captured stderr setup ----------------------------
2026-06-08 16:50:00.289 | INFO     | src.api.main:startup_event:44 - Investigator AI backend starting up...
2026-06-08 16:50:00.289 | INFO     | src.api.main:startup_event:45 - LLM model: llama-3.1-70b-versatile
2026-06-08 16:50:00.289 | INFO     | src.api.main:startup_event:46 - Database: sqlite:///:memory:
_____________________ TestIngestEndpoints.test_upload_csv _____________________

self = <sqlalchemy.engine.base.Connection object at 0x00000258884D9090>
dialect = <sqlalchemy.dialects.sqlite.pysqlite.SQLiteDialect_pysqlite object at 0x00000258852EA750>
context = <sqlalchemy.dialects.sqlite.base.SQLiteExecutionContext object at 0x00000258884D9350>
statement = <sqlalchemy.dialects.sqlite.base.SQLiteCompiler object at 0x00000258884D9C50>
parameters = [('bec3236b2b7a68f07b777d37f94d4155', 'completed', 1, 0)]

    def _exec_single_context(
        self,
        dialect: Dialect,
        context: ExecutionContext,
        statement: Union[str, Compiled],
        parameters: Optional[_AnyMultiExecuteParams],
    ) -> CursorResult[Any]:
        """continue the _execute_context() method for a single DBAPI
        cursor.execute() or cursor.executemany() call.
    
        """
        if dialect.bind_typing is BindTyping.SETINPUTSIZES:
            generic_setinputsizes = context._prepare_set_input_sizes()
    
            if generic_setinputsizes:
                try:
                    dialect.do_set_input_sizes(
                        context.cursor, generic_setinputsizes, context
                    )
                except BaseException as e:
                    self._handle_dbapi_exception(
                        e, str(statement), parameters, None, context
                    )
    
        cursor, str_statement, parameters = (
            context.cursor,
            context.statement,
            context.parameters,
        )
    
        effective_parameters: Optional[_AnyExecuteParams]
    
        if not context.executemany:
            effective_parameters = parameters[0]
        else:
            effective_parameters = parameters
    
        if self._has_events or self.engine._has_events:
            for fn in self.dispatch.before_cursor_execute:
                str_statement, effective_parameters = fn(
                    self,
                    cursor,
                    str_statement,
                    effective_parameters,
                    context,
                    context.executemany,
                )
    
        if self._echo:
            self._log_info(str_statement)
    
            stats = context._get_cache_stats()
    
            if not self.engine.hide_parameters:
                self._log_info(
                    "[%s] %r",
                    stats,
                    sql_util._repr_params(
                        effective_parameters,
                        batches=10,
                        ismulti=context.executemany,
                    ),
                )
            else:
                self._log_info(
                    "[%s] [SQL parameters hidden due to hide_parameters=True]",
                    stats,
                )
    
        evt_handled: bool = False
        try:
            if context.execute_style is ExecuteStyle.EXECUTEMANY:
                effective_parameters = cast(
                    "_CoreMultiExecuteParams", effective_parameters
                )
                if self.dialect._has_events:
                    for fn in self.dialect.dispatch.do_executemany:
                        if fn(
                            cursor,
                            str_statement,
                            effective_parameters,
                            context,
                        ):
                            evt_handled = True
                            break
                if not evt_handled:
                    self.dialect.do_executemany(
                        cursor,
                        str_statement,
                        effective_parameters,
                        context,
                    )
            elif not effective_parameters and context.no_parameters:
                if self.dialect._has_events:
                    for fn in self.dialect.dispatch.do_execute_no_params:
                        if fn(cursor, str_statement, context):
                            evt_handled = True
                            break
                if not evt_handled:
                    self.dialect.do_execute_no_params(
                        cursor, str_statement, context
                    )
            else:
                effective_parameters = cast(
                    "_CoreSingleExecuteParams", effective_parameters
                )
                if self.dialect._has_events:
                    for fn in self.dialect.dispatch.do_execute:
                        if fn(
                            cursor,
                            str_statement,
                            effective_parameters,
                            context,
                        ):
                            evt_handled = True
                            break
                if not evt_handled:
>                   self.dialect.do_execute(
                        cursor, str_statement, effective_parameters, context
                    )

venv\Lib\site-packages\sqlalchemy\engine\base.py:1967: 
_ _ _ _ _ _ _ _ _ _ _ _ _ _ _ _ _ _ _ _ _ _ _ _ _ _ _ _ _ _ _ _ _ _ _ _ _ _ _ _

self = <sqlalchemy.dialects.sqlite.pysqlite.SQLiteDialect_pysqlite object at 0x00000258852EA750>
cursor = <sqlite3.Cursor object at 0x0000025885BA0EC0>
statement = 'SELECT ingested_documents.id AS ingested_documents_id, ingested_documents.file_name AS ingested_documents_file_name, ...nFROM ingested_documents \nWHERE ingested_documents.file_hash = ? AND ingested_documents.status = ?\n LIMIT ? OFFSET ?'
parameters = ('bec3236b2b7a68f07b777d37f94d4155', 'completed', 1, 0)
context = <sqlalchemy.dialects.sqlite.base.SQLiteExecutionContext object at 0x00000258884D9350>

    def do_execute(self, cursor, statement, parameters, context=None):
>       cursor.execute(statement, parameters)
E       sqlite3.OperationalError: no such table: ingested_documents

venv\Lib\site-packages\sqlalchemy\engine\default.py:941: OperationalError

The above exception was the direct cause of the following exception:

self = <tests.test_api.TestIngestEndpoints object at 0x00000258853ECE10>
client = <starlette.testclient.TestClient object at 0x0000025886F44890>

    def test_upload_csv(self, client):
        """Upload a DM.csv and verify it gets ingested."""
        df = pd.DataFrame([{
            "USUBJID": "API-TEST-001", "STUDYID": "APITEST",
            "AGE": "40", "SEX": "F", "RACE": "WHITE",
        }])
        buf = io.BytesIO()
        df.to_csv(buf, index=False)
        buf.seek(0)
    
>       resp = client.post(
            "/ingest/upload",
            files={"file": ("DM.csv", buf, "text/csv")},
        )

tests\test_api.py:60: 
_ _ _ _ _ _ _ _ _ _ _ _ _ _ _ _ _ _ _ _ _ _ _ _ _ _ _ _ _ _ _ _ _ _ _ _ _ _ _ _
venv\Lib\site-packages\starlette\testclient.py:597: in post
    return super().post(
venv\Lib\site-packages\httpx\_client.py:1157: in post
    return self.request(
venv\Lib\site-packages\starlette\testclient.py:488: in request
    return super().request(
venv\Lib\site-packages\httpx\_client.py:837: in request
    return self.send(request, auth=auth, follow_redirects=follow_redirects)
venv\Lib\site-packages\httpx\_client.py:926: in send
    response = self._send_handling_auth(
venv\Lib\site-packages\httpx\_client.py:954: in _send_handling_auth
    response = self._send_handling_redirects(
venv\Lib\site-packages\httpx\_client.py:991: in _send_handling_redirects
    response = self._send_single_request(request)
venv\Lib\site-packages\httpx\_client.py:1027: in _send_single_request
    response = transport.handle_request(request)
venv\Lib\site-packages\starlette\testclient.py:381: in handle_request
    raise exc
venv\Lib\site-packages\starlette\testclient.py:378: in handle_request
    portal.call(self.app, scope, receive, send)
venv\Lib\site-packages\anyio\from_thread.py:334: in call
    return cast(T_Retval, self.start_task_soon(func, *args).result())
C:\Users\SANJANA\AppData\Local\Programs\Python\Python311\Lib\concurrent\futures\_base.py:456: in result
    return self.__get_result()
C:\Users\SANJANA\AppData\Local\Programs\Python\Python311\Lib\concurrent\futures\_base.py:401: in __get_result
    raise self._exception
venv\Lib\site-packages\anyio\from_thread.py:259: in _call_func
    retval = await retval_or_awaitable
venv\Lib\site-packages\fastapi\applications.py:1054: in __call__
    await super().__call__(scope, receive, send)
venv\Lib\site-packages\starlette\applications.py:113: in __call__
    await self.middleware_stack(scope, receive, send)
venv\Lib\site-packages\starlette\middleware\errors.py:187: in __call__
    raise exc
venv\Lib\site-packages\starlette\middleware\errors.py:165: in __call__
    await self.app(scope, receive, _send)
venv\Lib\site-packages\starlette\middleware\cors.py:85: in __call__
    await self.app(scope, receive, send)
venv\Lib\site-packages\starlette\middleware\exceptions.py:62: in __call__
    await wrap_app_handling_exceptions(self.app, conn)(scope, receive, send)
venv\Lib\site-packages\starlette\_exception_handler.py:62: in wrapped_app
    raise exc
venv\Lib\site-packages\starlette\_exception_handler.py:51: in wrapped_app
    await app(scope, receive, sender)
venv\Lib\site-packages\starlette\routing.py:715: in __call__
    await self.middleware_stack(scope, receive, send)
venv\Lib\site-packages\starlette\routing.py:735: in app
    await route.handle(scope, receive, send)
venv\Lib\site-packages\starlette\routing.py:288: in handle
    await self.app(scope, receive, send)
venv\Lib\site-packages\starlette\routing.py:76: in app
    await wrap_app_handling_exceptions(app, request)(scope, receive, send)
venv\Lib\site-packages\starlette\_exception_handler.py:62: in wrapped_app
    raise exc
venv\Lib\site-packages\starlette\_exception_handler.py:51: in wrapped_app
    await app(scope, receive, sender)
venv\Lib\site-packages\starlette\routing.py:73: in app
    response = await f(request)
venv\Lib\site-packages\fastapi\routing.py:301: in app
    raw_response = await run_endpoint_function(
venv\Lib\site-packages\fastapi\routing.py:212: in run_endpoint_function
    return await dependant.call(**values)
src\api\routers\ingest.py:41: in upload_and_ingest
    if is_already_ingested(db, file_hash):
src\ingestion\deduplication.py:54: in is_already_ingested
    .first()
venv\Lib\site-packages\sqlalchemy\orm\query.py:2728: in first
    return self.limit(1)._iter().first()  # type: ignore
venv\Lib\site-packages\sqlalchemy\orm\query.py:2827: in _iter
    result: Union[ScalarResult[_T], Result[_T]] = self.session.execute(
venv\Lib\site-packages\sqlalchemy\orm\session.py:2362: in execute
    return self._execute_internal(
venv\Lib\site-packages\sqlalchemy\orm\session.py:2247: in _execute_internal
    result: Result[Any] = compile_state_cls.orm_execute_statement(
venv\Lib\site-packages\sqlalchemy\orm\context.py:305: in orm_execute_statement
    result = conn.execute(
venv\Lib\site-packages\sqlalchemy\engine\base.py:1418: in execute
    return meth(
venv\Lib\site-packages\sqlalchemy\sql\elements.py:515: in _execute_on_connection
    return connection._execute_clauseelement(
venv\Lib\site-packages\sqlalchemy\engine\base.py:1640: in _execute_clauseelement
    ret = self._execute_context(
venv\Lib\site-packages\sqlalchemy\engine\base.py:1846: in _execute_context
    return self._exec_single_context(
venv\Lib\site-packages\sqlalchemy\engine\base.py:1986: in _exec_single_context
    self._handle_dbapi_exception(
venv\Lib\site-packages\sqlalchemy\engine\base.py:2355: in _handle_dbapi_exception
    raise sqlalchemy_exception.with_traceback(exc_info[2]) from e
venv\Lib\site-packages\sqlalchemy\engine\base.py:1967: in _exec_single_context
    self.dialect.do_execute(
_ _ _ _ _ _ _ _ _ _ _ _ _ _ _ _ _ _ _ _ _ _ _ _ _ _ _ _ _ _ _ _ _ _ _ _ _ _ _ _

self = <sqlalchemy.dialects.sqlite.pysqlite.SQLiteDialect_pysqlite object at 0x00000258852EA750>
cursor = <sqlite3.Cursor object at 0x0000025885BA0EC0>
statement = 'SELECT ingested_documents.id AS ingested_documents_id, ingested_documents.file_name AS ingested_documents_file_name, ...nFROM ingested_documents \nWHERE ingested_documents.file_hash = ? AND ingested_documents.status = ?\n LIMIT ? OFFSET ?'
parameters = ('bec3236b2b7a68f07b777d37f94d4155', 'completed', 1, 0)
context = <sqlalchemy.dialects.sqlite.base.SQLiteExecutionContext object at 0x00000258884D9350>

    def do_execute(self, cursor, statement, parameters, context=None):
>       cursor.execute(statement, parameters)
E       sqlalchemy.exc.OperationalError: (sqlite3.OperationalError) no such table: ingested_documents
E       [SQL: SELECT ingested_documents.id AS ingested_documents_id, ingested_documents.file_name AS ingested_documents_file_name, ingested_documents.file_path AS ingested_documents_file_path, ingested_documents.file_hash AS ingested_documents_file_hash, ingested_documents.file_type AS ingested_documents_file_type, ingested_documents.file_size_bytes AS ingested_documents_file_size_bytes, ingested_documents.ingested_at AS ingested_documents_ingested_at, ingested_documents.status AS ingested_documents_status, ingested_documents.record_count AS ingested_documents_record_count, ingested_documents.error_message AS ingested_documents_error_message 
E       FROM ingested_documents 
E       WHERE ingested_documents.file_hash = ? AND ingested_documents.status = ?
E        LIMIT ? OFFSET ?]
E       [parameters: ('bec3236b2b7a68f07b777d37f94d4155', 'completed', 1, 0)]
E       (Background on this error at: https://sqlalche.me/e/20/e3q8)

venv\Lib\site-packages\sqlalchemy\engine\default.py:941: OperationalError
---------------------------- Captured stderr setup ----------------------------
2026-06-08 16:50:01.019 | INFO     | src.api.main:startup_event:44 - Investigator AI backend starting up...
2026-06-08 16:50:01.019 | INFO     | src.api.main:startup_event:45 - LLM model: llama-3.1-70b-versatile
2026-06-08 16:50:01.019 | INFO     | src.api.main:startup_event:46 - Database: sqlite:///:memory:
____________ TestIngestEndpoints.test_upload_same_file_twice_skips ____________

self = <sqlalchemy.engine.base.Connection object at 0x0000025887420990>
dialect = <sqlalchemy.dialects.sqlite.pysqlite.SQLiteDialect_pysqlite object at 0x00000258852EA750>
context = <sqlalchemy.dialects.sqlite.base.SQLiteExecutionContext object at 0x0000025887420550>
statement = <sqlalchemy.dialects.sqlite.base.SQLiteCompiler object at 0x00000258884D9C50>
parameters = [('fbb8844abf1da0ba8bdb0330c06fb2e1', 'completed', 1, 0)]

    def _exec_single_context(
        self,
        dialect: Dialect,
        context: ExecutionContext,
        statement: Union[str, Compiled],
        parameters: Optional[_AnyMultiExecuteParams],
    ) -> CursorResult[Any]:
        """continue the _execute_context() method for a single DBAPI
        cursor.execute() or cursor.executemany() call.
    
        """
        if dialect.bind_typing is BindTyping.SETINPUTSIZES:
            generic_setinputsizes = context._prepare_set_input_sizes()
    
            if generic_setinputsizes:
                try:
                    dialect.do_set_input_sizes(
                        context.cursor, generic_setinputsizes, context
                    )
                except BaseException as e:
                    self._handle_dbapi_exception(
                        e, str(statement), parameters, None, context
                    )
    
        cursor, str_statement, parameters = (
            context.cursor,
            context.statement,
            context.parameters,
        )
    
        effective_parameters: Optional[_AnyExecuteParams]
    
        if not context.executemany:
            effective_parameters = parameters[0]
        else:
            effective_parameters = parameters
    
        if self._has_events or self.engine._has_events:
            for fn in self.dispatch.before_cursor_execute:
                str_statement, effective_parameters = fn(
                    self,
                    cursor,
                    str_statement,
                    effective_parameters,
                    context,
                    context.executemany,
                )
    
        if self._echo:
            self._log_info(str_statement)
    
            stats = context._get_cache_stats()
    
            if not self.engine.hide_parameters:
                self._log_info(
                    "[%s] %r",
                    stats,
                    sql_util._repr_params(
                        effective_parameters,
                        batches=10,
                        ismulti=context.executemany,
                    ),
                )
            else:
                self._log_info(
                    "[%s] [SQL parameters hidden due to hide_parameters=True]",
                    stats,
                )
    
        evt_handled: bool = False
        try:
            if context.execute_style is ExecuteStyle.EXECUTEMANY:
                effective_parameters = cast(
                    "_CoreMultiExecuteParams", effective_parameters
                )
                if self.dialect._has_events:
                    for fn in self.dialect.dispatch.do_executemany:
                        if fn(
                            cursor,
                            str_statement,
                            effective_parameters,
                            context,
                        ):
                            evt_handled = True
                            break
                if not evt_handled:
                    self.dialect.do_executemany(
                        cursor,
                        str_statement,
                        effective_parameters,
                        context,
                    )
            elif not effective_parameters and context.no_parameters:
                if self.dialect._has_events:
                    for fn in self.dialect.dispatch.do_execute_no_params:
                        if fn(cursor, str_statement, context):
                            evt_handled = True
                            break
                if not evt_handled:
                    self.dialect.do_execute_no_params(
                        cursor, str_statement, context
                    )
            else:
                effective_parameters = cast(
                    "_CoreSingleExecuteParams", effective_parameters
                )
                if self.dialect._has_events:
                    for fn in self.dialect.dispatch.do_execute:
                        if fn(
                            cursor,
                            str_statement,
                            effective_parameters,
                            context,
                        ):
                            evt_handled = True
                            break
                if not evt_handled:
>                   self.dialect.do_execute(
                        cursor, str_statement, effective_parameters, context
                    )

venv\Lib\site-packages\sqlalchemy\engine\base.py:1967: 
_ _ _ _ _ _ _ _ _ _ _ _ _ _ _ _ _ _ _ _ _ _ _ _ _ _ _ _ _ _ _ _ _ _ _ _ _ _ _ _

self = <sqlalchemy.dialects.sqlite.pysqlite.SQLiteDialect_pysqlite object at 0x00000258852EA750>
cursor = <sqlite3.Cursor object at 0x000002588755D940>
statement = 'SELECT ingested_documents.id AS ingested_documents_id, ingested_documents.file_name AS ingested_documents_file_name, ...nFROM ingested_documents \nWHERE ingested_documents.file_hash = ? AND ingested_documents.status = ?\n LIMIT ? OFFSET ?'
parameters = ('fbb8844abf1da0ba8bdb0330c06fb2e1', 'completed', 1, 0)
context = <sqlalchemy.dialects.sqlite.base.SQLiteExecutionContext object at 0x0000025887420550>

    def do_execute(self, cursor, statement, parameters, context=None):
>       cursor.execute(statement, parameters)
E       sqlite3.OperationalError: no such table: ingested_documents

venv\Lib\site-packages\sqlalchemy\engine\default.py:941: OperationalError

The above exception was the direct cause of the following exception:

self = <tests.test_api.TestIngestEndpoints object at 0x00000258853ED550>
client = <starlette.testclient.TestClient object at 0x0000025889043250>

    def test_upload_same_file_twice_skips(self, client):
        """Uploading the same file twice should skip the second time."""
        df = pd.DataFrame([{"USUBJID": "DEDUP-001", "AGE": "30", "SEX": "M"}])
        buf1 = io.BytesIO()
        df.to_csv(buf1, index=False)
        content = buf1.getvalue()
    
>       resp1 = client.post("/ingest/upload", files={"file": ("DM.csv", content, "text/csv")})

tests\test_api.py:75: 
_ _ _ _ _ _ _ _ _ _ _ _ _ _ _ _ _ _ _ _ _ _ _ _ _ _ _ _ _ _ _ _ _ _ _ _ _ _ _ _
venv\Lib\site-packages\starlette\testclient.py:597: in post
    return super().post(
venv\Lib\site-packages\httpx\_client.py:1157: in post
    return self.request(
venv\Lib\site-packages\starlette\testclient.py:488: in request
    return super().request(
venv\Lib\site-packages\httpx\_client.py:837: in request
    return self.send(request, auth=auth, follow_redirects=follow_redirects)
venv\Lib\site-packages\httpx\_client.py:926: in send
    response = self._send_handling_auth(
venv\Lib\site-packages\httpx\_client.py:954: in _send_handling_auth
    response = self._send_handling_redirects(
venv\Lib\site-packages\httpx\_client.py:991: in _send_handling_redirects
    response = self._send_single_request(request)
venv\Lib\site-packages\httpx\_client.py:1027: in _send_single_request
    response = transport.handle_request(request)
venv\Lib\site-packages\starlette\testclient.py:381: in handle_request
    raise exc
venv\Lib\site-packages\starlette\testclient.py:378: in handle_request
    portal.call(self.app, scope, receive, send)
venv\Lib\site-packages\anyio\from_thread.py:334: in call
    return cast(T_Retval, self.start_task_soon(func, *args).result())
C:\Users\SANJANA\AppData\Local\Programs\Python\Python311\Lib\concurrent\futures\_base.py:456: in result
    return self.__get_result()
C:\Users\SANJANA\AppData\Local\Programs\Python\Python311\Lib\concurrent\futures\_base.py:401: in __get_result
    raise self._exception
venv\Lib\site-packages\anyio\from_thread.py:259: in _call_func
    retval = await retval_or_awaitable
venv\Lib\site-packages\fastapi\applications.py:1054: in __call__
    await super().__call__(scope, receive, send)
venv\Lib\site-packages\starlette\applications.py:113: in __call__
    await self.middleware_stack(scope, receive, send)
venv\Lib\site-packages\starlette\middleware\errors.py:187: in __call__
    raise exc
venv\Lib\site-packages\starlette\middleware\errors.py:165: in __call__
    await self.app(scope, receive, _send)
venv\Lib\site-packages\starlette\middleware\cors.py:85: in __call__
    await self.app(scope, receive, send)
venv\Lib\site-packages\starlette\middleware\exceptions.py:62: in __call__
    await wrap_app_handling_exceptions(self.app, conn)(scope, receive, send)
venv\Lib\site-packages\starlette\_exception_handler.py:62: in wrapped_app
    raise exc
venv\Lib\site-packages\starlette\_exception_handler.py:51: in wrapped_app
    await app(scope, receive, sender)
venv\Lib\site-packages\starlette\routing.py:715: in __call__
    await self.middleware_stack(scope, receive, send)
venv\Lib\site-packages\starlette\routing.py:735: in app
    await route.handle(scope, receive, send)
venv\Lib\site-packages\starlette\routing.py:288: in handle
    await self.app(scope, receive, send)
venv\Lib\site-packages\starlette\routing.py:76: in app
    await wrap_app_handling_exceptions(app, request)(scope, receive, send)
venv\Lib\site-packages\starlette\_exception_handler.py:62: in wrapped_app
    raise exc
venv\Lib\site-packages\starlette\_exception_handler.py:51: in wrapped_app
    await app(scope, receive, sender)
venv\Lib\site-packages\starlette\routing.py:73: in app
    response = await f(request)
venv\Lib\site-packages\fastapi\routing.py:301: in app
    raw_response = await run_endpoint_function(
venv\Lib\site-packages\fastapi\routing.py:212: in run_endpoint_function
    return await dependant.call(**values)
src\api\routers\ingest.py:41: in upload_and_ingest
    if is_already_ingested(db, file_hash):
src\ingestion\deduplication.py:54: in is_already_ingested
    .first()
venv\Lib\site-packages\sqlalchemy\orm\query.py:2728: in first
    return self.limit(1)._iter().first()  # type: ignore
venv\Lib\site-packages\sqlalchemy\orm\query.py:2827: in _iter
    result: Union[ScalarResult[_T], Result[_T]] = self.session.execute(
venv\Lib\site-packages\sqlalchemy\orm\session.py:2362: in execute
    return self._execute_internal(
venv\Lib\site-packages\sqlalchemy\orm\session.py:2247: in _execute_internal
    result: Result[Any] = compile_state_cls.orm_execute_statement(
venv\Lib\site-packages\sqlalchemy\orm\context.py:305: in orm_execute_statement
    result = conn.execute(
venv\Lib\site-packages\sqlalchemy\engine\base.py:1418: in execute
    return meth(
venv\Lib\site-packages\sqlalchemy\sql\elements.py:515: in _execute_on_connection
    return connection._execute_clauseelement(
venv\Lib\site-packages\sqlalchemy\engine\base.py:1640: in _execute_clauseelement
    ret = self._execute_context(
venv\Lib\site-packages\sqlalchemy\engine\base.py:1846: in _execute_context
    return self._exec_single_context(
venv\Lib\site-packages\sqlalchemy\engine\base.py:1986: in _exec_single_context
    self._handle_dbapi_exception(
venv\Lib\site-packages\sqlalchemy\engine\base.py:2355: in _handle_dbapi_exception
    raise sqlalchemy_exception.with_traceback(exc_info[2]) from e
venv\Lib\site-packages\sqlalchemy\engine\base.py:1967: in _exec_single_context
    self.dialect.do_execute(
_ _ _ _ _ _ _ _ _ _ _ _ _ _ _ _ _ _ _ _ _ _ _ _ _ _ _ _ _ _ _ _ _ _ _ _ _ _ _ _

self = <sqlalchemy.dialects.sqlite.pysqlite.SQLiteDialect_pysqlite object at 0x00000258852EA750>
cursor = <sqlite3.Cursor object at 0x000002588755D940>
statement = 'SELECT ingested_documents.id AS ingested_documents_id, ingested_documents.file_name AS ingested_documents_file_name, ...nFROM ingested_documents \nWHERE ingested_documents.file_hash = ? AND ingested_documents.status = ?\n LIMIT ? OFFSET ?'
parameters = ('fbb8844abf1da0ba8bdb0330c06fb2e1', 'completed', 1, 0)
context = <sqlalchemy.dialects.sqlite.base.SQLiteExecutionContext object at 0x0000025887420550>

    def do_execute(self, cursor, statement, parameters, context=None):
>       cursor.execute(statement, parameters)
E       sqlalchemy.exc.OperationalError: (sqlite3.OperationalError) no such table: ingested_documents
E       [SQL: SELECT ingested_documents.id AS ingested_documents_id, ingested_documents.file_name AS ingested_documents_file_name, ingested_documents.file_path AS ingested_documents_file_path, ingested_documents.file_hash AS ingested_documents_file_hash, ingested_documents.file_type AS ingested_documents_file_type, ingested_documents.file_size_bytes AS ingested_documents_file_size_bytes, ingested_documents.ingested_at AS ingested_documents_ingested_at, ingested_documents.status AS ingested_documents_status, ingested_documents.record_count AS ingested_documents_record_count, ingested_documents.error_message AS ingested_documents_error_message 
E       FROM ingested_documents 
E       WHERE ingested_documents.file_hash = ? AND ingested_documents.status = ?
E        LIMIT ? OFFSET ?]
E       [parameters: ('fbb8844abf1da0ba8bdb0330c06fb2e1', 'completed', 1, 0)]
E       (Background on this error at: https://sqlalche.me/e/20/e3q8)

venv\Lib\site-packages\sqlalchemy\engine\default.py:941: OperationalError
---------------------------- Captured stderr setup ----------------------------
2026-06-08 16:50:02.201 | INFO     | src.api.main:startup_event:44 - Investigator AI backend starting up...
2026-06-08 16:50:02.201 | INFO     | src.api.main:startup_event:45 - LLM model: llama-3.1-70b-versatile
2026-06-08 16:50:02.201 | INFO     | src.api.main:startup_event:46 - Database: sqlite:///:memory:
____________________ TestIngestEndpoints.test_upload_json _____________________

self = <sqlalchemy.engine.base.Connection object at 0x000002588723F490>
dialect = <sqlalchemy.dialects.sqlite.pysqlite.SQLiteDialect_pysqlite object at 0x00000258852EA750>
context = <sqlalchemy.dialects.sqlite.base.SQLiteExecutionContext object at 0x000002588723C710>
statement = <sqlalchemy.dialects.sqlite.base.SQLiteCompiler object at 0x00000258884D9C50>
parameters = [('201d447111877870a0f66af2a9343b4a', 'completed', 1, 0)]

    def _exec_single_context(
        self,
        dialect: Dialect,
        context: ExecutionContext,
        statement: Union[str, Compiled],
        parameters: Optional[_AnyMultiExecuteParams],
    ) -> CursorResult[Any]:
        """continue the _execute_context() method for a single DBAPI
        cursor.execute() or cursor.executemany() call.
    
        """
        if dialect.bind_typing is BindTyping.SETINPUTSIZES:
            generic_setinputsizes = context._prepare_set_input_sizes()
    
            if generic_setinputsizes:
                try:
                    dialect.do_set_input_sizes(
                        context.cursor, generic_setinputsizes, context
                    )
                except BaseException as e:
                    self._handle_dbapi_exception(
                        e, str(statement), parameters, None, context
                    )
    
        cursor, str_statement, parameters = (
            context.cursor,
            context.statement,
            context.parameters,
        )
    
        effective_parameters: Optional[_AnyExecuteParams]
    
        if not context.executemany:
            effective_parameters = parameters[0]
        else:
            effective_parameters = parameters
    
        if self._has_events or self.engine._has_events:
            for fn in self.dispatch.before_cursor_execute:
                str_statement, effective_parameters = fn(
                    self,
                    cursor,
                    str_statement,
                    effective_parameters,
                    context,
                    context.executemany,
                )
    
        if self._echo:
            self._log_info(str_statement)
    
            stats = context._get_cache_stats()
    
            if not self.engine.hide_parameters:
                self._log_info(
                    "[%s] %r",
                    stats,
                    sql_util._repr_params(
                        effective_parameters,
                        batches=10,
                        ismulti=context.executemany,
                    ),
                )
            else:
                self._log_info(
                    "[%s] [SQL parameters hidden due to hide_parameters=True]",
                    stats,
                )
    
        evt_handled: bool = False
        try:
            if context.execute_style is ExecuteStyle.EXECUTEMANY:
                effective_parameters = cast(
                    "_CoreMultiExecuteParams", effective_parameters
                )
                if self.dialect._has_events:
                    for fn in self.dialect.dispatch.do_executemany:
                        if fn(
                            cursor,
                            str_statement,
                            effective_parameters,
                            context,
                        ):
                            evt_handled = True
                            break
                if not evt_handled:
                    self.dialect.do_executemany(
                        cursor,
                        str_statement,
                        effective_parameters,
                        context,
                    )
            elif not effective_parameters and context.no_parameters:
                if self.dialect._has_events:
                    for fn in self.dialect.dispatch.do_execute_no_params:
                        if fn(cursor, str_statement, context):
                            evt_handled = True
                            break
                if not evt_handled:
                    self.dialect.do_execute_no_params(
                        cursor, str_statement, context
                    )
            else:
                effective_parameters = cast(
                    "_CoreSingleExecuteParams", effective_parameters
                )
                if self.dialect._has_events:
                    for fn in self.dialect.dispatch.do_execute:
                        if fn(
                            cursor,
                            str_statement,
                            effective_parameters,
                            context,
                        ):
                            evt_handled = True
                            break
                if not evt_handled:
>                   self.dialect.do_execute(
                        cursor, str_statement, effective_parameters, context
                    )

venv\Lib\site-packages\sqlalchemy\engine\base.py:1967: 
_ _ _ _ _ _ _ _ _ _ _ _ _ _ _ _ _ _ _ _ _ _ _ _ _ _ _ _ _ _ _ _ _ _ _ _ _ _ _ _

self = <sqlalchemy.dialects.sqlite.pysqlite.SQLiteDialect_pysqlite object at 0x00000258852EA750>
cursor = <sqlite3.Cursor object at 0x00000258884B15C0>
statement = 'SELECT ingested_documents.id AS ingested_documents_id, ingested_documents.file_name AS ingested_documents_file_name, ...nFROM ingested_documents \nWHERE ingested_documents.file_hash = ? AND ingested_documents.status = ?\n LIMIT ? OFFSET ?'
parameters = ('201d447111877870a0f66af2a9343b4a', 'completed', 1, 0)
context = <sqlalchemy.dialects.sqlite.base.SQLiteExecutionContext object at 0x000002588723C710>

    def do_execute(self, cursor, statement, parameters, context=None):
>       cursor.execute(statement, parameters)
E       sqlite3.OperationalError: no such table: ingested_documents

venv\Lib\site-packages\sqlalchemy\engine\default.py:941: OperationalError

The above exception was the direct cause of the following exception:

self = <tests.test_api.TestIngestEndpoints object at 0x00000258853EDCD0>
client = <starlette.testclient.TestClient object at 0x00000258872543D0>

    def test_upload_json(self, client):
        """Upload a ClinicalTrials JSON."""
        study = {
            "nct_id": "NCT55555555",
            "title": "API Test Study",
            "status": "RECRUITING",
        }
        content = json.dumps(study).encode()
>       resp = client.post(
            "/ingest/upload",
            files={"file": ("study.json", content, "application/json")},
        )

tests\test_api.py:90: 
_ _ _ _ _ _ _ _ _ _ _ _ _ _ _ _ _ _ _ _ _ _ _ _ _ _ _ _ _ _ _ _ _ _ _ _ _ _ _ _
venv\Lib\site-packages\starlette\testclient.py:597: in post
    return super().post(
venv\Lib\site-packages\httpx\_client.py:1157: in post
    return self.request(
venv\Lib\site-packages\starlette\testclient.py:488: in request
    return super().request(
venv\Lib\site-packages\httpx\_client.py:837: in request
    return self.send(request, auth=auth, follow_redirects=follow_redirects)
venv\Lib\site-packages\httpx\_client.py:926: in send
    response = self._send_handling_auth(
venv\Lib\site-packages\httpx\_client.py:954: in _send_handling_auth
    response = self._send_handling_redirects(
venv\Lib\site-packages\httpx\_client.py:991: in _send_handling_redirects
    response = self._send_single_request(request)
venv\Lib\site-packages\httpx\_client.py:1027: in _send_single_request
    response = transport.handle_request(request)
venv\Lib\site-packages\starlette\testclient.py:381: in handle_request
    raise exc
venv\Lib\site-packages\starlette\testclient.py:378: in handle_request
    portal.call(self.app, scope, receive, send)
venv\Lib\site-packages\anyio\from_thread.py:334: in call
    return cast(T_Retval, self.start_task_soon(func, *args).result())
C:\Users\SANJANA\AppData\Local\Programs\Python\Python311\Lib\concurrent\futures\_base.py:456: in result
    return self.__get_result()
C:\Users\SANJANA\AppData\Local\Programs\Python\Python311\Lib\concurrent\futures\_base.py:401: in __get_result
    raise self._exception
venv\Lib\site-packages\anyio\from_thread.py:259: in _call_func
    retval = await retval_or_awaitable
venv\Lib\site-packages\fastapi\applications.py:1054: in __call__
    await super().__call__(scope, receive, send)
venv\Lib\site-packages\starlette\applications.py:113: in __call__
    await self.middleware_stack(scope, receive, send)
venv\Lib\site-packages\starlette\middleware\errors.py:187: in __call__
    raise exc
venv\Lib\site-packages\starlette\middleware\errors.py:165: in __call__
    await self.app(scope, receive, _send)
venv\Lib\site-packages\starlette\middleware\cors.py:85: in __call__
    await self.app(scope, receive, send)
venv\Lib\site-packages\starlette\middleware\exceptions.py:62: in __call__
    await wrap_app_handling_exceptions(self.app, conn)(scope, receive, send)
venv\Lib\site-packages\starlette\_exception_handler.py:62: in wrapped_app
    raise exc
venv\Lib\site-packages\starlette\_exception_handler.py:51: in wrapped_app
    await app(scope, receive, sender)
venv\Lib\site-packages\starlette\routing.py:715: in __call__
    await self.middleware_stack(scope, receive, send)
venv\Lib\site-packages\starlette\routing.py:735: in app
    await route.handle(scope, receive, send)
venv\Lib\site-packages\starlette\routing.py:288: in handle
    await self.app(scope, receive, send)
venv\Lib\site-packages\starlette\routing.py:76: in app
    await wrap_app_handling_exceptions(app, request)(scope, receive, send)
venv\Lib\site-packages\starlette\_exception_handler.py:62: in wrapped_app
    raise exc
venv\Lib\site-packages\starlette\_exception_handler.py:51: in wrapped_app
    await app(scope, receive, sender)
venv\Lib\site-packages\starlette\routing.py:73: in app
    response = await f(request)
venv\Lib\site-packages\fastapi\routing.py:301: in app
    raw_response = await run_endpoint_function(
venv\Lib\site-packages\fastapi\routing.py:212: in run_endpoint_function
    return await dependant.call(**values)
src\api\routers\ingest.py:41: in upload_and_ingest
    if is_already_ingested(db, file_hash):
src\ingestion\deduplication.py:54: in is_already_ingested
    .first()
venv\Lib\site-packages\sqlalchemy\orm\query.py:2728: in first
    return self.limit(1)._iter().first()  # type: ignore
venv\Lib\site-packages\sqlalchemy\orm\query.py:2827: in _iter
    result: Union[ScalarResult[_T], Result[_T]] = self.session.execute(
venv\Lib\site-packages\sqlalchemy\orm\session.py:2362: in execute
    return self._execute_internal(
venv\Lib\site-packages\sqlalchemy\orm\session.py:2247: in _execute_internal
    result: Result[Any] = compile_state_cls.orm_execute_statement(
venv\Lib\site-packages\sqlalchemy\orm\context.py:305: in orm_execute_statement
    result = conn.execute(
venv\Lib\site-packages\sqlalchemy\engine\base.py:1418: in execute
    return meth(
venv\Lib\site-packages\sqlalchemy\sql\elements.py:515: in _execute_on_connection
    return connection._execute_clauseelement(
venv\Lib\site-packages\sqlalchemy\engine\base.py:1640: in _execute_clauseelement
    ret = self._execute_context(
venv\Lib\site-packages\sqlalchemy\engine\base.py:1846: in _execute_context
    return self._exec_single_context(
venv\Lib\site-packages\sqlalchemy\engine\base.py:1986: in _exec_single_context
    self._handle_dbapi_exception(
venv\Lib\site-packages\sqlalchemy\engine\base.py:2355: in _handle_dbapi_exception
    raise sqlalchemy_exception.with_traceback(exc_info[2]) from e
venv\Lib\site-packages\sqlalchemy\engine\base.py:1967: in _exec_single_context
    self.dialect.do_execute(
_ _ _ _ _ _ _ _ _ _ _ _ _ _ _ _ _ _ _ _ _ _ _ _ _ _ _ _ _ _ _ _ _ _ _ _ _ _ _ _

self = <sqlalchemy.dialects.sqlite.pysqlite.SQLiteDialect_pysqlite object at 0x00000258852EA750>
cursor = <sqlite3.Cursor object at 0x00000258884B15C0>
statement = 'SELECT ingested_documents.id AS ingested_documents_id, ingested_documents.file_name AS ingested_documents_file_name, ...nFROM ingested_documents \nWHERE ingested_documents.file_hash = ? AND ingested_documents.status = ?\n LIMIT ? OFFSET ?'
parameters = ('201d447111877870a0f66af2a9343b4a', 'completed', 1, 0)
context = <sqlalchemy.dialects.sqlite.base.SQLiteExecutionContext object at 0x000002588723C710>

    def do_execute(self, cursor, statement, parameters, context=None):
>       cursor.execute(statement, parameters)
E       sqlalchemy.exc.OperationalError: (sqlite3.OperationalError) no such table: ingested_documents
E       [SQL: SELECT ingested_documents.id AS ingested_documents_id, ingested_documents.file_name AS ingested_documents_file_name, ingested_documents.file_path AS ingested_documents_file_path, ingested_documents.file_hash AS ingested_documents_file_hash, ingested_documents.file_type AS ingested_documents_file_type, ingested_documents.file_size_bytes AS ingested_documents_file_size_bytes, ingested_documents.ingested_at AS ingested_documents_ingested_at, ingested_documents.status AS ingested_documents_status, ingested_documents.record_count AS ingested_documents_record_count, ingested_documents.error_message AS ingested_documents_error_message 
E       FROM ingested_documents 
E       WHERE ingested_documents.file_hash = ? AND ingested_documents.status = ?
E        LIMIT ? OFFSET ?]
E       [parameters: ('201d447111877870a0f66af2a9343b4a', 'completed', 1, 0)]
E       (Background on this error at: https://sqlalche.me/e/20/e3q8)

venv\Lib\site-packages\sqlalchemy\engine\default.py:941: OperationalError
---------------------------- Captured stderr setup ----------------------------
2026-06-08 16:50:02.985 | INFO     | src.api.main:startup_event:44 - Investigator AI backend starting up...
2026-06-08 16:50:02.986 | INFO     | src.api.main:startup_event:45 - LLM model: llama-3.1-70b-versatile
2026-06-08 16:50:02.986 | INFO     | src.api.main:startup_event:46 - Database: sqlite:///:memory:
___________________ TestAuditEndpoint.test_get_audit_trail ____________________

self = <sqlalchemy.engine.base.Connection object at 0x00000258882F0DD0>
dialect = <sqlalchemy.dialects.sqlite.pysqlite.SQLiteDialect_pysqlite object at 0x00000258852EA750>
context = <sqlalchemy.dialects.sqlite.base.SQLiteExecutionContext object at 0x00000258882F3E50>
statement = <sqlalchemy.dialects.sqlite.base.SQLiteCompiler object at 0x00000258882F3DD0>
parameters = [(50, 0)]

    def _exec_single_context(
        self,
        dialect: Dialect,
        context: ExecutionContext,
        statement: Union[str, Compiled],
        parameters: Optional[_AnyMultiExecuteParams],
    ) -> CursorResult[Any]:
        """continue the _execute_context() method for a single DBAPI
        cursor.execute() or cursor.executemany() call.
    
        """
        if dialect.bind_typing is BindTyping.SETINPUTSIZES:
            generic_setinputsizes = context._prepare_set_input_sizes()
    
            if generic_setinputsizes:
                try:
                    dialect.do_set_input_sizes(
                        context.cursor, generic_setinputsizes, context
                    )
                except BaseException as e:
                    self._handle_dbapi_exception(
                        e, str(statement), parameters, None, context
                    )
    
        cursor, str_statement, parameters = (
            context.cursor,
            context.statement,
            context.parameters,
        )
    
        effective_parameters: Optional[_AnyExecuteParams]
    
        if not context.executemany:
            effective_parameters = parameters[0]
        else:
            effective_parameters = parameters
    
        if self._has_events or self.engine._has_events:
            for fn in self.dispatch.before_cursor_execute:
                str_statement, effective_parameters = fn(
                    self,
                    cursor,
                    str_statement,
                    effective_parameters,
                    context,
                    context.executemany,
                )
    
        if self._echo:
            self._log_info(str_statement)
    
            stats = context._get_cache_stats()
    
            if not self.engine.hide_parameters:
                self._log_info(
                    "[%s] %r",
                    stats,
                    sql_util._repr_params(
                        effective_parameters,
                        batches=10,
                        ismulti=context.executemany,
                    ),
                )
            else:
                self._log_info(
                    "[%s] [SQL parameters hidden due to hide_parameters=True]",
                    stats,
                )
    
        evt_handled: bool = False
        try:
            if context.execute_style is ExecuteStyle.EXECUTEMANY:
                effective_parameters = cast(
                    "_CoreMultiExecuteParams", effective_parameters
                )
                if self.dialect._has_events:
                    for fn in self.dialect.dispatch.do_executemany:
                        if fn(
                            cursor,
                            str_statement,
                            effective_parameters,
                            context,
                        ):
                            evt_handled = True
                            break
                if not evt_handled:
                    self.dialect.do_executemany(
                        cursor,
                        str_statement,
                        effective_parameters,
                        context,
                    )
            elif not effective_parameters and context.no_parameters:
                if self.dialect._has_events:
                    for fn in self.dialect.dispatch.do_execute_no_params:
                        if fn(cursor, str_statement, context):
                            evt_handled = True
                            break
                if not evt_handled:
                    self.dialect.do_execute_no_params(
                        cursor, str_statement, context
                    )
            else:
                effective_parameters = cast(
                    "_CoreSingleExecuteParams", effective_parameters
                )
                if self.dialect._has_events:
                    for fn in self.dialect.dispatch.do_execute:
                        if fn(
                            cursor,
                            str_statement,
                            effective_parameters,
                            context,
                        ):
                            evt_handled = True
                            break
                if not evt_handled:
>                   self.dialect.do_execute(
                        cursor, str_statement, effective_parameters, context
                    )

venv\Lib\site-packages\sqlalchemy\engine\base.py:1967: 
_ _ _ _ _ _ _ _ _ _ _ _ _ _ _ _ _ _ _ _ _ _ _ _ _ _ _ _ _ _ _ _ _ _ _ _ _ _ _ _

self = <sqlalchemy.dialects.sqlite.pysqlite.SQLiteDialect_pysqlite object at 0x00000258852EA750>
cursor = <sqlite3.Cursor object at 0x0000025887473040>
statement = 'SELECT audit_trail.id AS audit_trail_id, audit_trail.session_id AS audit_trail_session_id, audit_trail.timestamp AS a...used, audit_trail.error AS audit_trail_error \nFROM audit_trail ORDER BY audit_trail.timestamp DESC\n LIMIT ? OFFSET ?'
parameters = (50, 0)
context = <sqlalchemy.dialects.sqlite.base.SQLiteExecutionContext object at 0x00000258882F3E50>

    def do_execute(self, cursor, statement, parameters, context=None):
>       cursor.execute(statement, parameters)
E       sqlite3.OperationalError: no such table: audit_trail

venv\Lib\site-packages\sqlalchemy\engine\default.py:941: OperationalError

The above exception was the direct cause of the following exception:

self = <tests.test_api.TestAuditEndpoint object at 0x00000258853EE750>
client = <starlette.testclient.TestClient object at 0x000002588723D910>

    def test_get_audit_trail(self, client):
>       resp = client.get("/audit")

tests\test_api.py:99: 
_ _ _ _ _ _ _ _ _ _ _ _ _ _ _ _ _ _ _ _ _ _ _ _ _ _ _ _ _ _ _ _ _ _ _ _ _ _ _ _
venv\Lib\site-packages\starlette\testclient.py:518: in get
    return super().get(
venv\Lib\site-packages\httpx\_client.py:1066: in get
    return self.request(
venv\Lib\site-packages\starlette\testclient.py:488: in request
    return super().request(
venv\Lib\site-packages\httpx\_client.py:837: in request
    return self.send(request, auth=auth, follow_redirects=follow_redirects)
venv\Lib\site-packages\httpx\_client.py:926: in send
    response = self._send_handling_auth(
venv\Lib\site-packages\httpx\_client.py:954: in _send_handling_auth
    response = self._send_handling_redirects(
venv\Lib\site-packages\httpx\_client.py:991: in _send_handling_redirects
    response = self._send_single_request(request)
venv\Lib\site-packages\httpx\_client.py:1027: in _send_single_request
    response = transport.handle_request(request)
venv\Lib\site-packages\starlette\testclient.py:381: in handle_request
    raise exc
venv\Lib\site-packages\starlette\testclient.py:378: in handle_request
    portal.call(self.app, scope, receive, send)
venv\Lib\site-packages\anyio\from_thread.py:334: in call
    return cast(T_Retval, self.start_task_soon(func, *args).result())
C:\Users\SANJANA\AppData\Local\Programs\Python\Python311\Lib\concurrent\futures\_base.py:456: in result
    return self.__get_result()
C:\Users\SANJANA\AppData\Local\Programs\Python\Python311\Lib\concurrent\futures\_base.py:401: in __get_result
    raise self._exception
venv\Lib\site-packages\anyio\from_thread.py:259: in _call_func
    retval = await retval_or_awaitable
venv\Lib\site-packages\fastapi\applications.py:1054: in __call__
    await super().__call__(scope, receive, send)
venv\Lib\site-packages\starlette\applications.py:113: in __call__
    await self.middleware_stack(scope, receive, send)
venv\Lib\site-packages\starlette\middleware\errors.py:187: in __call__
    raise exc
venv\Lib\site-packages\starlette\middleware\errors.py:165: in __call__
    await self.app(scope, receive, _send)
venv\Lib\site-packages\starlette\middleware\cors.py:85: in __call__
    await self.app(scope, receive, send)
venv\Lib\site-packages\starlette\middleware\exceptions.py:62: in __call__
    await wrap_app_handling_exceptions(self.app, conn)(scope, receive, send)
venv\Lib\site-packages\starlette\_exception_handler.py:62: in wrapped_app
    raise exc
venv\Lib\site-packages\starlette\_exception_handler.py:51: in wrapped_app
    await app(scope, receive, sender)
venv\Lib\site-packages\starlette\routing.py:715: in __call__
    await self.middleware_stack(scope, receive, send)
venv\Lib\site-packages\starlette\routing.py:735: in app
    await route.handle(scope, receive, send)
venv\Lib\site-packages\starlette\routing.py:288: in handle
    await self.app(scope, receive, send)
venv\Lib\site-packages\starlette\routing.py:76: in app
    await wrap_app_handling_exceptions(app, request)(scope, receive, send)
venv\Lib\site-packages\starlette\_exception_handler.py:62: in wrapped_app
    raise exc
venv\Lib\site-packages\starlette\_exception_handler.py:51: in wrapped_app
    await app(scope, receive, sender)
venv\Lib\site-packages\starlette\routing.py:73: in app
    response = await f(request)
venv\Lib\site-packages\fastapi\routing.py:301: in app
    raw_response = await run_endpoint_function(
venv\Lib\site-packages\fastapi\routing.py:214: in run_endpoint_function
    return await run_in_threadpool(dependant.call, **values)
venv\Lib\site-packages\starlette\concurrency.py:39: in run_in_threadpool
    return await anyio.to_thread.run_sync(func, *args)
venv\Lib\site-packages\anyio\to_thread.py:63: in run_sync
    return await get_async_backend().run_sync_in_worker_thread(
venv\Lib\site-packages\anyio\_backends\_asyncio.py:2518: in run_sync_in_worker_thread
    return await future
venv\Lib\site-packages\anyio\_backends\_asyncio.py:1002: in run
    result = context.run(func, *args)
src\api\routers\audit.py:28: in get_audit_trail
    entries = q.limit(limit).all()
venv\Lib\site-packages\sqlalchemy\orm\query.py:2673: in all
    return self._iter().all()  # type: ignore
venv\Lib\site-packages\sqlalchemy\orm\query.py:2827: in _iter
    result: Union[ScalarResult[_T], Result[_T]] = self.session.execute(
venv\Lib\site-packages\sqlalchemy\orm\session.py:2362: in execute
    return self._execute_internal(
venv\Lib\site-packages\sqlalchemy\orm\session.py:2247: in _execute_internal
    result: Result[Any] = compile_state_cls.orm_execute_statement(
venv\Lib\site-packages\sqlalchemy\orm\context.py:305: in orm_execute_statement
    result = conn.execute(
venv\Lib\site-packages\sqlalchemy\engine\base.py:1418: in execute
    return meth(
venv\Lib\site-packages\sqlalchemy\sql\elements.py:515: in _execute_on_connection
    return connection._execute_clauseelement(
venv\Lib\site-packages\sqlalchemy\engine\base.py:1640: in _execute_clauseelement
    ret = self._execute_context(
venv\Lib\site-packages\sqlalchemy\engine\base.py:1846: in _execute_context
    return self._exec_single_context(
venv\Lib\site-packages\sqlalchemy\engine\base.py:1986: in _exec_single_context
    self._handle_dbapi_exception(
venv\Lib\site-packages\sqlalchemy\engine\base.py:2355: in _handle_dbapi_exception
    raise sqlalchemy_exception.with_traceback(exc_info[2]) from e
venv\Lib\site-packages\sqlalchemy\engine\base.py:1967: in _exec_single_context
    self.dialect.do_execute(
_ _ _ _ _ _ _ _ _ _ _ _ _ _ _ _ _ _ _ _ _ _ _ _ _ _ _ _ _ _ _ _ _ _ _ _ _ _ _ _

self = <sqlalchemy.dialects.sqlite.pysqlite.SQLiteDialect_pysqlite object at 0x00000258852EA750>
cursor = <sqlite3.Cursor object at 0x0000025887473040>
statement = 'SELECT audit_trail.id AS audit_trail_id, audit_trail.session_id AS audit_trail_session_id, audit_trail.timestamp AS a...used, audit_trail.error AS audit_trail_error \nFROM audit_trail ORDER BY audit_trail.timestamp DESC\n LIMIT ? OFFSET ?'
parameters = (50, 0)
context = <sqlalchemy.dialects.sqlite.base.SQLiteExecutionContext object at 0x00000258882F3E50>

    def do_execute(self, cursor, statement, parameters, context=None):
>       cursor.execute(statement, parameters)
E       sqlalchemy.exc.OperationalError: (sqlite3.OperationalError) no such table: audit_trail
E       [SQL: SELECT audit_trail.id AS audit_trail_id, audit_trail.session_id AS audit_trail_session_id, audit_trail.timestamp AS audit_trail_timestamp, audit_trail.action_type AS audit_trail_action_type, audit_trail.user_query AS audit_trail_user_query, audit_trail.retrieval_type AS audit_trail_retrieval_type, audit_trail.retrieved_sources AS audit_trail_retrieved_sources, audit_trail.llm_response AS audit_trail_llm_response, audit_trail.entities_extracted AS audit_trail_entities_extracted, audit_trail.latency_ms AS audit_trail_latency_ms, audit_trail.tokens_used AS audit_trail_tokens_used, audit_trail.error AS audit_trail_error 
E       FROM audit_trail ORDER BY audit_trail.timestamp DESC
E        LIMIT ? OFFSET ?]
E       [parameters: (50, 0)]
E       (Background on this error at: https://sqlalche.me/e/20/e3q8)

venv\Lib\site-packages\sqlalchemy\engine\default.py:941: OperationalError
---------------------------- Captured stderr setup ----------------------------
2026-06-08 16:50:03.628 | INFO     | src.api.main:startup_event:44 - Investigator AI backend starting up...
2026-06-08 16:50:03.628 | INFO     | src.api.main:startup_event:45 - LLM model: llama-3.1-70b-versatile
2026-06-08 16:50:03.628 | INFO     | src.api.main:startup_event:46 - Database: sqlite:///:memory:
_________________ TestAuditEndpoint.test_get_audit_by_session _________________

self = <sqlalchemy.engine.base.Connection object at 0x000002588723E550>
dialect = <sqlalchemy.dialects.sqlite.pysqlite.SQLiteDialect_pysqlite object at 0x00000258852EA750>
context = <sqlalchemy.dialects.sqlite.base.SQLiteExecutionContext object at 0x000002588723EF90>
statement = <sqlalchemy.dialects.sqlite.base.SQLiteCompiler object at 0x0000025885C1F010>
parameters = [('a9a1299354e8443ab2507e6da0ead08b', 'Audit Test', '2026-06-08 11:20:04.393118', '2026-06-08 11:20:04.393118', None, None, ...)]

    def _exec_single_context(
        self,
        dialect: Dialect,
        context: ExecutionContext,
        statement: Union[str, Compiled],
        parameters: Optional[_AnyMultiExecuteParams],
    ) -> CursorResult[Any]:
        """continue the _execute_context() method for a single DBAPI
        cursor.execute() or cursor.executemany() call.
    
        """
        if dialect.bind_typing is BindTyping.SETINPUTSIZES:
            generic_setinputsizes = context._prepare_set_input_sizes()
    
            if generic_setinputsizes:
                try:
                    dialect.do_set_input_sizes(
                        context.cursor, generic_setinputsizes, context
                    )
                except BaseException as e:
                    self._handle_dbapi_exception(
                        e, str(statement), parameters, None, context
                    )
    
        cursor, str_statement, parameters = (
            context.cursor,
            context.statement,
            context.parameters,
        )
    
        effective_parameters: Optional[_AnyExecuteParams]
    
        if not context.executemany:
            effective_parameters = parameters[0]
        else:
            effective_parameters = parameters
    
        if self._has_events or self.engine._has_events:
            for fn in self.dispatch.before_cursor_execute:
                str_statement, effective_parameters = fn(
                    self,
                    cursor,
                    str_statement,
                    effective_parameters,
                    context,
                    context.executemany,
                )
    
        if self._echo:
            self._log_info(str_statement)
    
            stats = context._get_cache_stats()
    
            if not self.engine.hide_parameters:
                self._log_info(
                    "[%s] %r",
                    stats,
                    sql_util._repr_params(
                        effective_parameters,
                        batches=10,
                        ismulti=context.executemany,
                    ),
                )
            else:
                self._log_info(
                    "[%s] [SQL parameters hidden due to hide_parameters=True]",
                    stats,
                )
    
        evt_handled: bool = False
        try:
            if context.execute_style is ExecuteStyle.EXECUTEMANY:
                effective_parameters = cast(
                    "_CoreMultiExecuteParams", effective_parameters
                )
                if self.dialect._has_events:
                    for fn in self.dialect.dispatch.do_executemany:
                        if fn(
                            cursor,
                            str_statement,
                            effective_parameters,
                            context,
                        ):
                            evt_handled = True
                            break
                if not evt_handled:
                    self.dialect.do_executemany(
                        cursor,
                        str_statement,
                        effective_parameters,
                        context,
                    )
            elif not effective_parameters and context.no_parameters:
                if self.dialect._has_events:
                    for fn in self.dialect.dispatch.do_execute_no_params:
                        if fn(cursor, str_statement, context):
                            evt_handled = True
                            break
                if not evt_handled:
                    self.dialect.do_execute_no_params(
                        cursor, str_statement, context
                    )
            else:
                effective_parameters = cast(
                    "_CoreSingleExecuteParams", effective_parameters
                )
                if self.dialect._has_events:
                    for fn in self.dialect.dispatch.do_execute:
                        if fn(
                            cursor,
                            str_statement,
                            effective_parameters,
                            context,
                        ):
                            evt_handled = True
                            break
                if not evt_handled:
>                   self.dialect.do_execute(
                        cursor, str_statement, effective_parameters, context
                    )

venv\Lib\site-packages\sqlalchemy\engine\base.py:1967: 
_ _ _ _ _ _ _ _ _ _ _ _ _ _ _ _ _ _ _ _ _ _ _ _ _ _ _ _ _ _ _ _ _ _ _ _ _ _ _ _

self = <sqlalchemy.dialects.sqlite.pysqlite.SQLiteDialect_pysqlite object at 0x00000258852EA750>
cursor = <sqlite3.Cursor object at 0x0000025888F26440>
statement = 'INSERT INTO investigation_sessions (id, session_name, created_at, updated_at, active_study_id, active_patient_id, investigation_context, conversation_history, session_summary, status) VALUES (?, ?, ?, ?, ?, ?, ?, ?, ?, ?)'
parameters = ('a9a1299354e8443ab2507e6da0ead08b', 'Audit Test', '2026-06-08 11:20:04.393118', '2026-06-08 11:20:04.393118', None, None, ...)
context = <sqlalchemy.dialects.sqlite.base.SQLiteExecutionContext object at 0x000002588723EF90>

    def do_execute(self, cursor, statement, parameters, context=None):
>       cursor.execute(statement, parameters)
E       sqlite3.OperationalError: no such table: investigation_sessions

venv\Lib\site-packages\sqlalchemy\engine\default.py:941: OperationalError

The above exception was the direct cause of the following exception:

self = <tests.test_api.TestAuditEndpoint object at 0x00000258853D96D0>
client = <starlette.testclient.TestClient object at 0x00000258882F0910>

    def test_get_audit_by_session(self, client):
>       session_resp = client.post("/sessions", json={"name": "Audit Test"})

tests\test_api.py:104: 
_ _ _ _ _ _ _ _ _ _ _ _ _ _ _ _ _ _ _ _ _ _ _ _ _ _ _ _ _ _ _ _ _ _ _ _ _ _ _ _
venv\Lib\site-packages\starlette\testclient.py:597: in post
    return super().post(
venv\Lib\site-packages\httpx\_client.py:1157: in post
    return self.request(
venv\Lib\site-packages\starlette\testclient.py:488: in request
    return super().request(
venv\Lib\site-packages\httpx\_client.py:837: in request
    return self.send(request, auth=auth, follow_redirects=follow_redirects)
venv\Lib\site-packages\httpx\_client.py:926: in send
    response = self._send_handling_auth(
venv\Lib\site-packages\httpx\_client.py:954: in _send_handling_auth
    response = self._send_handling_redirects(
venv\Lib\site-packages\httpx\_client.py:991: in _send_handling_redirects
    response = self._send_single_request(request)
venv\Lib\site-packages\httpx\_client.py:1027: in _send_single_request
    response = transport.handle_request(request)
venv\Lib\site-packages\starlette\testclient.py:381: in handle_request
    raise exc
venv\Lib\site-packages\starlette\testclient.py:378: in handle_request
    portal.call(self.app, scope, receive, send)
venv\Lib\site-packages\anyio\from_thread.py:334: in call
    return cast(T_Retval, self.start_task_soon(func, *args).result())
C:\Users\SANJANA\AppData\Local\Programs\Python\Python311\Lib\concurrent\futures\_base.py:456: in result
    return self.__get_result()
C:\Users\SANJANA\AppData\Local\Programs\Python\Python311\Lib\concurrent\futures\_base.py:401: in __get_result
    raise self._exception
venv\Lib\site-packages\anyio\from_thread.py:259: in _call_func
    retval = await retval_or_awaitable
venv\Lib\site-packages\fastapi\applications.py:1054: in __call__
    await super().__call__(scope, receive, send)
venv\Lib\site-packages\starlette\applications.py:113: in __call__
    await self.middleware_stack(scope, receive, send)
venv\Lib\site-packages\starlette\middleware\errors.py:187: in __call__
    raise exc
venv\Lib\site-packages\starlette\middleware\errors.py:165: in __call__
    await self.app(scope, receive, _send)
venv\Lib\site-packages\starlette\middleware\cors.py:85: in __call__
    await self.app(scope, receive, send)
venv\Lib\site-packages\starlette\middleware\exceptions.py:62: in __call__
    await wrap_app_handling_exceptions(self.app, conn)(scope, receive, send)
venv\Lib\site-packages\starlette\_exception_handler.py:62: in wrapped_app
    raise exc
venv\Lib\site-packages\starlette\_exception_handler.py:51: in wrapped_app
    await app(scope, receive, sender)
venv\Lib\site-packages\starlette\routing.py:715: in __call__
    await self.middleware_stack(scope, receive, send)
venv\Lib\site-packages\starlette\routing.py:735: in app
    await route.handle(scope, receive, send)
venv\Lib\site-packages\starlette\routing.py:288: in handle
    await self.app(scope, receive, send)
venv\Lib\site-packages\starlette\routing.py:76: in app
    await wrap_app_handling_exceptions(app, request)(scope, receive, send)
venv\Lib\site-packages\starlette\_exception_handler.py:62: in wrapped_app
    raise exc
venv\Lib\site-packages\starlette\_exception_handler.py:51: in wrapped_app
    await app(scope, receive, sender)
venv\Lib\site-packages\starlette\routing.py:73: in app
    response = await f(request)
venv\Lib\site-packages\fastapi\routing.py:301: in app
    raw_response = await run_endpoint_function(
venv\Lib\site-packages\fastapi\routing.py:214: in run_endpoint_function
    return await run_in_threadpool(dependant.call, **values)
venv\Lib\site-packages\starlette\concurrency.py:39: in run_in_threadpool
    return await anyio.to_thread.run_sync(func, *args)
venv\Lib\site-packages\anyio\to_thread.py:63: in run_sync
    return await get_async_backend().run_sync_in_worker_thread(
venv\Lib\site-packages\anyio\_backends\_asyncio.py:2518: in run_sync_in_worker_thread
    return await future
venv\Lib\site-packages\anyio\_backends\_asyncio.py:1002: in run
    result = context.run(func, *args)
src\api\routers\sessions.py:46: in create_session
    session = lt.create_session(body.name)
src\memory\long_term.py:50: in create_session
    self.db.commit()
venv\Lib\site-packages\sqlalchemy\orm\session.py:2028: in commit
    trans.commit(_to_root=True)
<string>:2: in commit
    ???
venv\Lib\site-packages\sqlalchemy\orm\state_changes.py:139: in _go
    ret_value = fn(self, *arg, **kw)
venv\Lib\site-packages\sqlalchemy\orm\session.py:1313: in commit
    self._prepare_impl()
<string>:2: in _prepare_impl
    ???
venv\Lib\site-packages\sqlalchemy\orm\state_changes.py:139: in _go
    ret_value = fn(self, *arg, **kw)
venv\Lib\site-packages\sqlalchemy\orm\session.py:1288: in _prepare_impl
    self.session.flush()
venv\Lib\site-packages\sqlalchemy\orm\session.py:4352: in flush
    self._flush(objects)
venv\Lib\site-packages\sqlalchemy\orm\session.py:4487: in _flush
    with util.safe_reraise():
venv\Lib\site-packages\sqlalchemy\util\langhelpers.py:146: in __exit__
    raise exc_value.with_traceback(exc_tb)
venv\Lib\site-packages\sqlalchemy\orm\session.py:4448: in _flush
    flush_context.execute()
venv\Lib\site-packages\sqlalchemy\orm\unitofwork.py:466: in execute
    rec.execute(self)
venv\Lib\site-packages\sqlalchemy\orm\unitofwork.py:642: in execute
    util.preloaded.orm_persistence.save_obj(
venv\Lib\site-packages\sqlalchemy\orm\persistence.py:93: in save_obj
    _emit_insert_statements(
venv\Lib\site-packages\sqlalchemy\orm\persistence.py:1233: in _emit_insert_statements
    result = connection.execute(
venv\Lib\site-packages\sqlalchemy\engine\base.py:1418: in execute
    return meth(
venv\Lib\site-packages\sqlalchemy\sql\elements.py:515: in _execute_on_connection
    return connection._execute_clauseelement(
venv\Lib\site-packages\sqlalchemy\engine\base.py:1640: in _execute_clauseelement
    ret = self._execute_context(
venv\Lib\site-packages\sqlalchemy\engine\base.py:1846: in _execute_context
    return self._exec_single_context(
venv\Lib\site-packages\sqlalchemy\engine\base.py:1986: in _exec_single_context
    self._handle_dbapi_exception(
venv\Lib\site-packages\sqlalchemy\engine\base.py:2355: in _handle_dbapi_exception
    raise sqlalchemy_exception.with_traceback(exc_info[2]) from e
venv\Lib\site-packages\sqlalchemy\engine\base.py:1967: in _exec_single_context
    self.dialect.do_execute(
_ _ _ _ _ _ _ _ _ _ _ _ _ _ _ _ _ _ _ _ _ _ _ _ _ _ _ _ _ _ _ _ _ _ _ _ _ _ _ _

self = <sqlalchemy.dialects.sqlite.pysqlite.SQLiteDialect_pysqlite object at 0x00000258852EA750>
cursor = <sqlite3.Cursor object at 0x0000025888F26440>
statement = 'INSERT INTO investigation_sessions (id, session_name, created_at, updated_at, active_study_id, active_patient_id, investigation_context, conversation_history, session_summary, status) VALUES (?, ?, ?, ?, ?, ?, ?, ?, ?, ?)'
parameters = ('a9a1299354e8443ab2507e6da0ead08b', 'Audit Test', '2026-06-08 11:20:04.393118', '2026-06-08 11:20:04.393118', None, None, ...)
context = <sqlalchemy.dialects.sqlite.base.SQLiteExecutionContext object at 0x000002588723EF90>

    def do_execute(self, cursor, statement, parameters, context=None):
>       cursor.execute(statement, parameters)
E       sqlalchemy.exc.OperationalError: (sqlite3.OperationalError) no such table: investigation_sessions
E       [SQL: INSERT INTO investigation_sessions (id, session_name, created_at, updated_at, active_study_id, active_patient_id, investigation_context, conversation_history, session_summary, status) VALUES (?, ?, ?, ?, ?, ?, ?, ?, ?, ?)]
E       [parameters: ('a9a1299354e8443ab2507e6da0ead08b', 'Audit Test', '2026-06-08 11:20:04.393118', '2026-06-08 11:20:04.393118', None, None, '{}', '[]', None, 'active')]
E       (Background on this error at: https://sqlalche.me/e/20/e3q8)

venv\Lib\site-packages\sqlalchemy\engine\default.py:941: OperationalError
---------------------------- Captured stderr setup ----------------------------
2026-06-08 16:50:04.390 | INFO     | src.api.main:startup_event:44 - Investigator AI backend starting up...
2026-06-08 16:50:04.390 | INFO     | src.api.main:startup_event:45 - LLM model: llama-3.1-70b-versatile
2026-06-08 16:50:04.390 | INFO     | src.api.main:startup_event:46 - Database: sqlite:///:memory:
________________ TestDeduplication.test_not_ingested_initially ________________

self = <sqlalchemy.engine.base.Connection object at 0x00000258877D4A90>
dialect = <sqlalchemy.dialects.sqlite.pysqlite.SQLiteDialect_pysqlite object at 0x00000258852EA750>
context = <sqlalchemy.dialects.sqlite.base.SQLiteExecutionContext object at 0x0000025888195510>
statement = <sqlalchemy.dialects.sqlite.base.SQLiteCompiler object at 0x00000258884D9C50>
parameters = [('abc123deadbeef00', 'completed', 1, 0)]

    def _exec_single_context(
        self,
        dialect: Dialect,
        context: ExecutionContext,
        statement: Union[str, Compiled],
        parameters: Optional[_AnyMultiExecuteParams],
    ) -> CursorResult[Any]:
        """continue the _execute_context() method for a single DBAPI
        cursor.execute() or cursor.executemany() call.
    
        """
        if dialect.bind_typing is BindTyping.SETINPUTSIZES:
            generic_setinputsizes = context._prepare_set_input_sizes()
    
            if generic_setinputsizes:
                try:
                    dialect.do_set_input_sizes(
                        context.cursor, generic_setinputsizes, context
                    )
                except BaseException as e:
                    self._handle_dbapi_exception(
                        e, str(statement), parameters, None, context
                    )
    
        cursor, str_statement, parameters = (
            context.cursor,
            context.statement,
            context.parameters,
        )
    
        effective_parameters: Optional[_AnyExecuteParams]
    
        if not context.executemany:
            effective_parameters = parameters[0]
        else:
            effective_parameters = parameters
    
        if self._has_events or self.engine._has_events:
            for fn in self.dispatch.before_cursor_execute:
                str_statement, effective_parameters = fn(
                    self,
                    cursor,
                    str_statement,
                    effective_parameters,
                    context,
                    context.executemany,
                )
    
        if self._echo:
            self._log_info(str_statement)
    
            stats = context._get_cache_stats()
    
            if not self.engine.hide_parameters:
                self._log_info(
                    "[%s] %r",
                    stats,
                    sql_util._repr_params(
                        effective_parameters,
                        batches=10,
                        ismulti=context.executemany,
                    ),
                )
            else:
                self._log_info(
                    "[%s] [SQL parameters hidden due to hide_parameters=True]",
                    stats,
                )
    
        evt_handled: bool = False
        try:
            if context.execute_style is ExecuteStyle.EXECUTEMANY:
                effective_parameters = cast(
                    "_CoreMultiExecuteParams", effective_parameters
                )
                if self.dialect._has_events:
                    for fn in self.dialect.dispatch.do_executemany:
                        if fn(
                            cursor,
                            str_statement,
                            effective_parameters,
                            context,
                        ):
                            evt_handled = True
                            break
                if not evt_handled:
                    self.dialect.do_executemany(
                        cursor,
                        str_statement,
                        effective_parameters,
                        context,
                    )
            elif not effective_parameters and context.no_parameters:
                if self.dialect._has_events:
                    for fn in self.dialect.dispatch.do_execute_no_params:
                        if fn(cursor, str_statement, context):
                            evt_handled = True
                            break
                if not evt_handled:
                    self.dialect.do_execute_no_params(
                        cursor, str_statement, context
                    )
            else:
                effective_parameters = cast(
                    "_CoreSingleExecuteParams", effective_parameters
                )
                if self.dialect._has_events:
                    for fn in self.dialect.dispatch.do_execute:
                        if fn(
                            cursor,
                            str_statement,
                            effective_parameters,
                            context,
                        ):
                            evt_handled = True
                            break
                if not evt_handled:
>                   self.dialect.do_execute(
                        cursor, str_statement, effective_parameters, context
                    )

venv\Lib\site-packages\sqlalchemy\engine\base.py:1967: 
_ _ _ _ _ _ _ _ _ _ _ _ _ _ _ _ _ _ _ _ _ _ _ _ _ _ _ _ _ _ _ _ _ _ _ _ _ _ _ _

self = <sqlalchemy.dialects.sqlite.pysqlite.SQLiteDialect_pysqlite object at 0x00000258852EA750>
cursor = <sqlite3.Cursor object at 0x0000025888CD13C0>
statement = 'SELECT ingested_documents.id AS ingested_documents_id, ingested_documents.file_name AS ingested_documents_file_name, ...nFROM ingested_documents \nWHERE ingested_documents.file_hash = ? AND ingested_documents.status = ?\n LIMIT ? OFFSET ?'
parameters = ('abc123deadbeef00', 'completed', 1, 0)
context = <sqlalchemy.dialects.sqlite.base.SQLiteExecutionContext object at 0x0000025888195510>

    def do_execute(self, cursor, statement, parameters, context=None):
>       cursor.execute(statement, parameters)
E       sqlite3.OperationalError: no such table: ingested_documents

venv\Lib\site-packages\sqlalchemy\engine\default.py:941: OperationalError

The above exception was the direct cause of the following exception:

self = <tests.test_ingestion.TestDeduplication object at 0x0000025885B08250>
db_session = <sqlalchemy.orm.session.Session object at 0x0000025888CBDED0>

    def test_not_ingested_initially(self, db_session):
        """A new hash should not be marked as ingested."""
>       assert not is_already_ingested(db_session, "abc123deadbeef00")

tests\test_ingestion.py:35: 
_ _ _ _ _ _ _ _ _ _ _ _ _ _ _ _ _ _ _ _ _ _ _ _ _ _ _ _ _ _ _ _ _ _ _ _ _ _ _ _
src\ingestion\deduplication.py:54: in is_already_ingested
    .first()
venv\Lib\site-packages\sqlalchemy\orm\query.py:2728: in first
    return self.limit(1)._iter().first()  # type: ignore
venv\Lib\site-packages\sqlalchemy\orm\query.py:2827: in _iter
    result: Union[ScalarResult[_T], Result[_T]] = self.session.execute(
venv\Lib\site-packages\sqlalchemy\orm\session.py:2362: in execute
    return self._execute_internal(
venv\Lib\site-packages\sqlalchemy\orm\session.py:2247: in _execute_internal
    result: Result[Any] = compile_state_cls.orm_execute_statement(
venv\Lib\site-packages\sqlalchemy\orm\context.py:305: in orm_execute_statement
    result = conn.execute(
venv\Lib\site-packages\sqlalchemy\engine\base.py:1418: in execute
    return meth(
venv\Lib\site-packages\sqlalchemy\sql\elements.py:515: in _execute_on_connection
    return connection._execute_clauseelement(
venv\Lib\site-packages\sqlalchemy\engine\base.py:1640: in _execute_clauseelement
    ret = self._execute_context(
venv\Lib\site-packages\sqlalchemy\engine\base.py:1846: in _execute_context
    return self._exec_single_context(
venv\Lib\site-packages\sqlalchemy\engine\base.py:1986: in _exec_single_context
    self._handle_dbapi_exception(
venv\Lib\site-packages\sqlalchemy\engine\base.py:2355: in _handle_dbapi_exception
    raise sqlalchemy_exception.with_traceback(exc_info[2]) from e
venv\Lib\site-packages\sqlalchemy\engine\base.py:1967: in _exec_single_context
    self.dialect.do_execute(
_ _ _ _ _ _ _ _ _ _ _ _ _ _ _ _ _ _ _ _ _ _ _ _ _ _ _ _ _ _ _ _ _ _ _ _ _ _ _ _

self = <sqlalchemy.dialects.sqlite.pysqlite.SQLiteDialect_pysqlite object at 0x00000258852EA750>
cursor = <sqlite3.Cursor object at 0x0000025888CD13C0>
statement = 'SELECT ingested_documents.id AS ingested_documents_id, ingested_documents.file_name AS ingested_documents_file_name, ...nFROM ingested_documents \nWHERE ingested_documents.file_hash = ? AND ingested_documents.status = ?\n LIMIT ? OFFSET ?'
parameters = ('abc123deadbeef00', 'completed', 1, 0)
context = <sqlalchemy.dialects.sqlite.base.SQLiteExecutionContext object at 0x0000025888195510>

    def do_execute(self, cursor, statement, parameters, context=None):
>       cursor.execute(statement, parameters)
E       sqlalchemy.exc.OperationalError: (sqlite3.OperationalError) no such table: ingested_documents
E       [SQL: SELECT ingested_documents.id AS ingested_documents_id, ingested_documents.file_name AS ingested_documents_file_name, ingested_documents.file_path AS ingested_documents_file_path, ingested_documents.file_hash AS ingested_documents_file_hash, ingested_documents.file_type AS ingested_documents_file_type, ingested_documents.file_size_bytes AS ingested_documents_file_size_bytes, ingested_documents.ingested_at AS ingested_documents_ingested_at, ingested_documents.status AS ingested_documents_status, ingested_documents.record_count AS ingested_documents_record_count, ingested_documents.error_message AS ingested_documents_error_message 
E       FROM ingested_documents 
E       WHERE ingested_documents.file_hash = ? AND ingested_documents.status = ?
E        LIMIT ? OFFSET ?]
E       [parameters: ('abc123deadbeef00', 'completed', 1, 0)]
E       (Background on this error at: https://sqlalche.me/e/20/e3q8)

venv\Lib\site-packages\sqlalchemy\engine\default.py:941: OperationalError
_________________ TestDeduplication.test_register_and_detect __________________

self = <sqlalchemy.engine.base.Connection object at 0x0000025887426990>
dialect = <sqlalchemy.dialects.sqlite.pysqlite.SQLiteDialect_pysqlite object at 0x00000258852EA750>
context = <sqlalchemy.dialects.sqlite.base.SQLiteExecutionContext object at 0x0000025887425AD0>
statement = <sqlalchemy.dialects.sqlite.base.SQLiteCompiler object at 0x0000025887426D10>
parameters = [('0b680843b964485aa3a41e634cef6b90', 'dummy.csv', 'C:\\Users\\SANJANA\\AppData\\Local\\Temp\\pytest-of-SANJANA\\pytest-1\\test_register_and_detect0\\dummy.csv', '1a59136866411418c0e2020ca007d289', 'sdtm', 16, ...)]

    def _exec_single_context(
        self,
        dialect: Dialect,
        context: ExecutionContext,
        statement: Union[str, Compiled],
        parameters: Optional[_AnyMultiExecuteParams],
    ) -> CursorResult[Any]:
        """continue the _execute_context() method for a single DBAPI
        cursor.execute() or cursor.executemany() call.
    
        """
        if dialect.bind_typing is BindTyping.SETINPUTSIZES:
            generic_setinputsizes = context._prepare_set_input_sizes()
    
            if generic_setinputsizes:
                try:
                    dialect.do_set_input_sizes(
                        context.cursor, generic_setinputsizes, context
                    )
                except BaseException as e:
                    self._handle_dbapi_exception(
                        e, str(statement), parameters, None, context
                    )
    
        cursor, str_statement, parameters = (
            context.cursor,
            context.statement,
            context.parameters,
        )
    
        effective_parameters: Optional[_AnyExecuteParams]
    
        if not context.executemany:
            effective_parameters = parameters[0]
        else:
            effective_parameters = parameters
    
        if self._has_events or self.engine._has_events:
            for fn in self.dispatch.before_cursor_execute:
                str_statement, effective_parameters = fn(
                    self,
                    cursor,
                    str_statement,
                    effective_parameters,
                    context,
                    context.executemany,
                )
    
        if self._echo:
            self._log_info(str_statement)
    
            stats = context._get_cache_stats()
    
            if not self.engine.hide_parameters:
                self._log_info(
                    "[%s] %r",
                    stats,
                    sql_util._repr_params(
                        effective_parameters,
                        batches=10,
                        ismulti=context.executemany,
                    ),
                )
            else:
                self._log_info(
                    "[%s] [SQL parameters hidden due to hide_parameters=True]",
                    stats,
                )
    
        evt_handled: bool = False
        try:
            if context.execute_style is ExecuteStyle.EXECUTEMANY:
                effective_parameters = cast(
                    "_CoreMultiExecuteParams", effective_parameters
                )
                if self.dialect._has_events:
                    for fn in self.dialect.dispatch.do_executemany:
                        if fn(
                            cursor,
                            str_statement,
                            effective_parameters,
                            context,
                        ):
                            evt_handled = True
                            break
                if not evt_handled:
                    self.dialect.do_executemany(
                        cursor,
                        str_statement,
                        effective_parameters,
                        context,
                    )
            elif not effective_parameters and context.no_parameters:
                if self.dialect._has_events:
                    for fn in self.dialect.dispatch.do_execute_no_params:
                        if fn(cursor, str_statement, context):
                            evt_handled = True
                            break
                if not evt_handled:
                    self.dialect.do_execute_no_params(
                        cursor, str_statement, context
                    )
            else:
                effective_parameters = cast(
                    "_CoreSingleExecuteParams", effective_parameters
                )
                if self.dialect._has_events:
                    for fn in self.dialect.dispatch.do_execute:
                        if fn(
                            cursor,
                            str_statement,
                            effective_parameters,
                            context,
                        ):
                            evt_handled = True
                            break
                if not evt_handled:
>                   self.dialect.do_execute(
                        cursor, str_statement, effective_parameters, context
                    )

venv\Lib\site-packages\sqlalchemy\engine\base.py:1967: 
_ _ _ _ _ _ _ _ _ _ _ _ _ _ _ _ _ _ _ _ _ _ _ _ _ _ _ _ _ _ _ _ _ _ _ _ _ _ _ _

self = <sqlalchemy.dialects.sqlite.pysqlite.SQLiteDialect_pysqlite object at 0x00000258852EA750>
cursor = <sqlite3.Cursor object at 0x0000025885B460C0>
statement = 'INSERT INTO ingested_documents (id, file_name, file_path, file_hash, file_type, file_size_bytes, ingested_at, status, record_count, error_message) VALUES (?, ?, ?, ?, ?, ?, ?, ?, ?, ?)'
parameters = ('0b680843b964485aa3a41e634cef6b90', 'dummy.csv', 'C:\\Users\\SANJANA\\AppData\\Local\\Temp\\pytest-of-SANJANA\\pytest-1\\test_register_and_detect0\\dummy.csv', '1a59136866411418c0e2020ca007d289', 'sdtm', 16, ...)
context = <sqlalchemy.dialects.sqlite.base.SQLiteExecutionContext object at 0x0000025887425AD0>

    def do_execute(self, cursor, statement, parameters, context=None):
>       cursor.execute(statement, parameters)
E       sqlite3.OperationalError: no such table: ingested_documents

venv\Lib\site-packages\sqlalchemy\engine\default.py:941: OperationalError

The above exception was the direct cause of the following exception:

self = <tests.test_ingestion.TestDeduplication object at 0x0000025885B089D0>
db_session = <sqlalchemy.orm.session.Session object at 0x0000025885328490>
tmp_path = WindowsPath('C:/Users/SANJANA/AppData/Local/Temp/pytest-of-SANJANA/pytest-1/test_register_and_detect0')

    def test_register_and_detect(self, db_session, tmp_path):
        """After registering, the hash should be detected as ingested."""
        f = tmp_path / "dummy.csv"
        f.write_text("col1,col2\n1,2\n")
        h = compute_file_hash(str(f))
>       register_document(
            db_session, "dummy.csv", str(f), h,
            "sdtm", f.stat().st_size, record_count=1,
        )

tests\test_ingestion.py:42: 
_ _ _ _ _ _ _ _ _ _ _ _ _ _ _ _ _ _ _ _ _ _ _ _ _ _ _ _ _ _ _ _ _ _ _ _ _ _ _ _
src\ingestion\deduplication.py:101: in register_document
    db.commit()
venv\Lib\site-packages\sqlalchemy\orm\session.py:2028: in commit
    trans.commit(_to_root=True)
<string>:2: in commit
    ???
venv\Lib\site-packages\sqlalchemy\orm\state_changes.py:139: in _go
    ret_value = fn(self, *arg, **kw)
venv\Lib\site-packages\sqlalchemy\orm\session.py:1313: in commit
    self._prepare_impl()
<string>:2: in _prepare_impl
    ???
venv\Lib\site-packages\sqlalchemy\orm\state_changes.py:139: in _go
    ret_value = fn(self, *arg, **kw)
venv\Lib\site-packages\sqlalchemy\orm\session.py:1288: in _prepare_impl
    self.session.flush()
venv\Lib\site-packages\sqlalchemy\orm\session.py:4352: in flush
    self._flush(objects)
venv\Lib\site-packages\sqlalchemy\orm\session.py:4487: in _flush
    with util.safe_reraise():
venv\Lib\site-packages\sqlalchemy\util\langhelpers.py:146: in __exit__
    raise exc_value.with_traceback(exc_tb)
venv\Lib\site-packages\sqlalchemy\orm\session.py:4448: in _flush
    flush_context.execute()
venv\Lib\site-packages\sqlalchemy\orm\unitofwork.py:466: in execute
    rec.execute(self)
venv\Lib\site-packages\sqlalchemy\orm\unitofwork.py:642: in execute
    util.preloaded.orm_persistence.save_obj(
venv\Lib\site-packages\sqlalchemy\orm\persistence.py:93: in save_obj
    _emit_insert_statements(
venv\Lib\site-packages\sqlalchemy\orm\persistence.py:1233: in _emit_insert_statements
    result = connection.execute(
venv\Lib\site-packages\sqlalchemy\engine\base.py:1418: in execute
    return meth(
venv\Lib\site-packages\sqlalchemy\sql\elements.py:515: in _execute_on_connection
    return connection._execute_clauseelement(
venv\Lib\site-packages\sqlalchemy\engine\base.py:1640: in _execute_clauseelement
    ret = self._execute_context(
venv\Lib\site-packages\sqlalchemy\engine\base.py:1846: in _execute_context
    return self._exec_single_context(
venv\Lib\site-packages\sqlalchemy\engine\base.py:1986: in _exec_single_context
    self._handle_dbapi_exception(
venv\Lib\site-packages\sqlalchemy\engine\base.py:2355: in _handle_dbapi_exception
    raise sqlalchemy_exception.with_traceback(exc_info[2]) from e
venv\Lib\site-packages\sqlalchemy\engine\base.py:1967: in _exec_single_context
    self.dialect.do_execute(
_ _ _ _ _ _ _ _ _ _ _ _ _ _ _ _ _ _ _ _ _ _ _ _ _ _ _ _ _ _ _ _ _ _ _ _ _ _ _ _

self = <sqlalchemy.dialects.sqlite.pysqlite.SQLiteDialect_pysqlite object at 0x00000258852EA750>
cursor = <sqlite3.Cursor object at 0x0000025885B460C0>
statement = 'INSERT INTO ingested_documents (id, file_name, file_path, file_hash, file_type, file_size_bytes, ingested_at, status, record_count, error_message) VALUES (?, ?, ?, ?, ?, ?, ?, ?, ?, ?)'
parameters = ('0b680843b964485aa3a41e634cef6b90', 'dummy.csv', 'C:\\Users\\SANJANA\\AppData\\Local\\Temp\\pytest-of-SANJANA\\pytest-1\\test_register_and_detect0\\dummy.csv', '1a59136866411418c0e2020ca007d289', 'sdtm', 16, ...)
context = <sqlalchemy.dialects.sqlite.base.SQLiteExecutionContext object at 0x0000025887425AD0>

    def do_execute(self, cursor, statement, parameters, context=None):
>       cursor.execute(statement, parameters)
E       sqlalchemy.exc.OperationalError: (sqlite3.OperationalError) no such table: ingested_documents
E       [SQL: INSERT INTO ingested_documents (id, file_name, file_path, file_hash, file_type, file_size_bytes, ingested_at, status, record_count, error_message) VALUES (?, ?, ?, ?, ?, ?, ?, ?, ?, ?)]
E       [parameters: ('0b680843b964485aa3a41e634cef6b90', 'dummy.csv', 'C:\\Users\\SANJANA\\AppData\\Local\\Temp\\pytest-of-SANJANA\\pytest-1\\test_register_and_detect0\\dummy.csv', '1a59136866411418c0e2020ca007d289', 'sdtm', 16, '2026-06-08 11:20:08.828546', 'completed', 1, None)]
E       (Background on this error at: https://sqlalche.me/e/20/e3q8)

venv\Lib\site-packages\sqlalchemy\engine\default.py:941: OperationalError
______________ TestClinicalTrialsIngestor.test_ingest_valid_json ______________

self = <sqlalchemy.engine.base.Connection object at 0x0000025888BB73D0>
dialect = <sqlalchemy.dialects.sqlite.pysqlite.SQLiteDialect_pysqlite object at 0x00000258852EA750>
context = <sqlalchemy.dialects.sqlite.base.SQLiteExecutionContext object at 0x0000025888BB6550>
statement = <sqlalchemy.dialects.sqlite.base.SQLiteCompiler object at 0x00000258884D9C50>
parameters = [('55712162a23a6ccb86a89a32a7a33af1', 'completed', 1, 0)]

    def _exec_single_context(
        self,
        dialect: Dialect,
        context: ExecutionContext,
        statement: Union[str, Compiled],
        parameters: Optional[_AnyMultiExecuteParams],
    ) -> CursorResult[Any]:
        """continue the _execute_context() method for a single DBAPI
        cursor.execute() or cursor.executemany() call.
    
        """
        if dialect.bind_typing is BindTyping.SETINPUTSIZES:
            generic_setinputsizes = context._prepare_set_input_sizes()
    
            if generic_setinputsizes:
                try:
                    dialect.do_set_input_sizes(
                        context.cursor, generic_setinputsizes, context
                    )
                except BaseException as e:
                    self._handle_dbapi_exception(
                        e, str(statement), parameters, None, context
                    )
    
        cursor, str_statement, parameters = (
            context.cursor,
            context.statement,
            context.parameters,
        )
    
        effective_parameters: Optional[_AnyExecuteParams]
    
        if not context.executemany:
            effective_parameters = parameters[0]
        else:
            effective_parameters = parameters
    
        if self._has_events or self.engine._has_events:
            for fn in self.dispatch.before_cursor_execute:
                str_statement, effective_parameters = fn(
                    self,
                    cursor,
                    str_statement,
                    effective_parameters,
                    context,
                    context.executemany,
                )
    
        if self._echo:
            self._log_info(str_statement)
    
            stats = context._get_cache_stats()
    
            if not self.engine.hide_parameters:
                self._log_info(
                    "[%s] %r",
                    stats,
                    sql_util._repr_params(
                        effective_parameters,
                        batches=10,
                        ismulti=context.executemany,
                    ),
                )
            else:
                self._log_info(
                    "[%s] [SQL parameters hidden due to hide_parameters=True]",
                    stats,
                )
    
        evt_handled: bool = False
        try:
            if context.execute_style is ExecuteStyle.EXECUTEMANY:
                effective_parameters = cast(
                    "_CoreMultiExecuteParams", effective_parameters
                )
                if self.dialect._has_events:
                    for fn in self.dialect.dispatch.do_executemany:
                        if fn(
                            cursor,
                            str_statement,
                            effective_parameters,
                            context,
                        ):
                            evt_handled = True
                            break
                if not evt_handled:
                    self.dialect.do_executemany(
                        cursor,
                        str_statement,
                        effective_parameters,
                        context,
                    )
            elif not effective_parameters and context.no_parameters:
                if self.dialect._has_events:
                    for fn in self.dialect.dispatch.do_execute_no_params:
                        if fn(cursor, str_statement, context):
                            evt_handled = True
                            break
                if not evt_handled:
                    self.dialect.do_execute_no_params(
                        cursor, str_statement, context
                    )
            else:
                effective_parameters = cast(
                    "_CoreSingleExecuteParams", effective_parameters
                )
                if self.dialect._has_events:
                    for fn in self.dialect.dispatch.do_execute:
                        if fn(
                            cursor,
                            str_statement,
                            effective_parameters,
                            context,
                        ):
                            evt_handled = True
                            break
                if not evt_handled:
>                   self.dialect.do_execute(
                        cursor, str_statement, effective_parameters, context
                    )

venv\Lib\site-packages\sqlalchemy\engine\base.py:1967: 
_ _ _ _ _ _ _ _ _ _ _ _ _ _ _ _ _ _ _ _ _ _ _ _ _ _ _ _ _ _ _ _ _ _ _ _ _ _ _ _

self = <sqlalchemy.dialects.sqlite.pysqlite.SQLiteDialect_pysqlite object at 0x00000258852EA750>
cursor = <sqlite3.Cursor object at 0x000002588E2E2240>
statement = 'SELECT ingested_documents.id AS ingested_documents_id, ingested_documents.file_name AS ingested_documents_file_name, ...nFROM ingested_documents \nWHERE ingested_documents.file_hash = ? AND ingested_documents.status = ?\n LIMIT ? OFFSET ?'
parameters = ('55712162a23a6ccb86a89a32a7a33af1', 'completed', 1, 0)
context = <sqlalchemy.dialects.sqlite.base.SQLiteExecutionContext object at 0x0000025888BB6550>

    def do_execute(self, cursor, statement, parameters, context=None):
>       cursor.execute(statement, parameters)
E       sqlite3.OperationalError: no such table: ingested_documents

venv\Lib\site-packages\sqlalchemy\engine\default.py:941: OperationalError

The above exception was the direct cause of the following exception:

self = <tests.test_ingestion.TestClinicalTrialsIngestor object at 0x0000025885B093D0>
db_session = <sqlalchemy.orm.session.Session object at 0x0000025888BB6490>
tmp_path = WindowsPath('C:/Users/SANJANA/AppData/Local/Temp/pytest-of-SANJANA/pytest-1/test_ingest_valid_json0')

    def test_ingest_valid_json(self, db_session, tmp_path):
        """Should parse and insert a valid ClinicalTrials JSON."""
        study_data = {
            "protocolSection": {
                "identificationModule": {
                    "nctId": "NCT99999999",
                    "briefTitle": "Test Study for Hepatitis",
                },
                "statusModule": {"overallStatus": "COMPLETED"},
                "descriptionModule": {"briefSummary": "A test study."},
                "conditionsModule": {"conditions": ["Hepatitis B"]},
                "designModule": {"phases": ["PHASE3"], "studyType": "INTERVENTIONAL"},
                "sponsorCollaboratorsModule": {"leadSponsor": {"name": "Test Pharma"}},
                "eligibilityModule": {"minimumAge": "18 Years", "maximumAge": "75 Years"},
                "armsInterventionsModule": {},
            }
        }
        f = tmp_path / "study.json"
        f.write_text(json.dumps(study_data))
    
        ingestor = ClinicalTrialsIngestor(db_session)
>       result = ingestor.ingest(str(f))

tests\test_ingestion.py:71: 
_ _ _ _ _ _ _ _ _ _ _ _ _ _ _ _ _ _ _ _ _ _ _ _ _ _ _ _ _ _ _ _ _ _ _ _ _ _ _ _
src\ingestion\clinical_trials_ingestor.py:70: in ingest
    if is_already_ingested(self.db, file_hash):
src\ingestion\deduplication.py:54: in is_already_ingested
    .first()
venv\Lib\site-packages\sqlalchemy\orm\query.py:2728: in first
    return self.limit(1)._iter().first()  # type: ignore
venv\Lib\site-packages\sqlalchemy\orm\query.py:2827: in _iter
    result: Union[ScalarResult[_T], Result[_T]] = self.session.execute(
venv\Lib\site-packages\sqlalchemy\orm\session.py:2362: in execute
    return self._execute_internal(
venv\Lib\site-packages\sqlalchemy\orm\session.py:2247: in _execute_internal
    result: Result[Any] = compile_state_cls.orm_execute_statement(
venv\Lib\site-packages\sqlalchemy\orm\context.py:305: in orm_execute_statement
    result = conn.execute(
venv\Lib\site-packages\sqlalchemy\engine\base.py:1418: in execute
    return meth(
venv\Lib\site-packages\sqlalchemy\sql\elements.py:515: in _execute_on_connection
    return connection._execute_clauseelement(
venv\Lib\site-packages\sqlalchemy\engine\base.py:1640: in _execute_clauseelement
    ret = self._execute_context(
venv\Lib\site-packages\sqlalchemy\engine\base.py:1846: in _execute_context
    return self._exec_single_context(
venv\Lib\site-packages\sqlalchemy\engine\base.py:1986: in _exec_single_context
    self._handle_dbapi_exception(
venv\Lib\site-packages\sqlalchemy\engine\base.py:2355: in _handle_dbapi_exception
    raise sqlalchemy_exception.with_traceback(exc_info[2]) from e
venv\Lib\site-packages\sqlalchemy\engine\base.py:1967: in _exec_single_context
    self.dialect.do_execute(
_ _ _ _ _ _ _ _ _ _ _ _ _ _ _ _ _ _ _ _ _ _ _ _ _ _ _ _ _ _ _ _ _ _ _ _ _ _ _ _

self = <sqlalchemy.dialects.sqlite.pysqlite.SQLiteDialect_pysqlite object at 0x00000258852EA750>
cursor = <sqlite3.Cursor object at 0x000002588E2E2240>
statement = 'SELECT ingested_documents.id AS ingested_documents_id, ingested_documents.file_name AS ingested_documents_file_name, ...nFROM ingested_documents \nWHERE ingested_documents.file_hash = ? AND ingested_documents.status = ?\n LIMIT ? OFFSET ?'
parameters = ('55712162a23a6ccb86a89a32a7a33af1', 'completed', 1, 0)
context = <sqlalchemy.dialects.sqlite.base.SQLiteExecutionContext object at 0x0000025888BB6550>

    def do_execute(self, cursor, statement, parameters, context=None):
>       cursor.execute(statement, parameters)
E       sqlalchemy.exc.OperationalError: (sqlite3.OperationalError) no such table: ingested_documents
E       [SQL: SELECT ingested_documents.id AS ingested_documents_id, ingested_documents.file_name AS ingested_documents_file_name, ingested_documents.file_path AS ingested_documents_file_path, ingested_documents.file_hash AS ingested_documents_file_hash, ingested_documents.file_type AS ingested_documents_file_type, ingested_documents.file_size_bytes AS ingested_documents_file_size_bytes, ingested_documents.ingested_at AS ingested_documents_ingested_at, ingested_documents.status AS ingested_documents_status, ingested_documents.record_count AS ingested_documents_record_count, ingested_documents.error_message AS ingested_documents_error_message 
E       FROM ingested_documents 
E       WHERE ingested_documents.file_hash = ? AND ingested_documents.status = ?
E        LIMIT ? OFFSET ?]
E       [parameters: ('55712162a23a6ccb86a89a32a7a33af1', 'completed', 1, 0)]
E       (Background on this error at: https://sqlalche.me/e/20/e3q8)

venv\Lib\site-packages\sqlalchemy\engine\default.py:941: OperationalError
_______________ TestClinicalTrialsIngestor.test_skips_duplicate _______________

self = <sqlalchemy.engine.base.Connection object at 0x0000025887426B10>
dialect = <sqlalchemy.dialects.sqlite.pysqlite.SQLiteDialect_pysqlite object at 0x00000258852EA750>
context = <sqlalchemy.dialects.sqlite.base.SQLiteExecutionContext object at 0x0000025885B06D90>
statement = <sqlalchemy.dialects.sqlite.base.SQLiteCompiler object at 0x00000258884D9C50>
parameters = [('9324073b6cc87bb460f750a7e99cd7a9', 'completed', 1, 0)]

    def _exec_single_context(
        self,
        dialect: Dialect,
        context: ExecutionContext,
        statement: Union[str, Compiled],
        parameters: Optional[_AnyMultiExecuteParams],
    ) -> CursorResult[Any]:
        """continue the _execute_context() method for a single DBAPI
        cursor.execute() or cursor.executemany() call.
    
        """
        if dialect.bind_typing is BindTyping.SETINPUTSIZES:
            generic_setinputsizes = context._prepare_set_input_sizes()
    
            if generic_setinputsizes:
                try:
                    dialect.do_set_input_sizes(
                        context.cursor, generic_setinputsizes, context
                    )
                except BaseException as e:
                    self._handle_dbapi_exception(
                        e, str(statement), parameters, None, context
                    )
    
        cursor, str_statement, parameters = (
            context.cursor,
            context.statement,
            context.parameters,
        )
    
        effective_parameters: Optional[_AnyExecuteParams]
    
        if not context.executemany:
            effective_parameters = parameters[0]
        else:
            effective_parameters = parameters
    
        if self._has_events or self.engine._has_events:
            for fn in self.dispatch.before_cursor_execute:
                str_statement, effective_parameters = fn(
                    self,
                    cursor,
                    str_statement,
                    effective_parameters,
                    context,
                    context.executemany,
                )
    
        if self._echo:
            self._log_info(str_statement)
    
            stats = context._get_cache_stats()
    
            if not self.engine.hide_parameters:
                self._log_info(
                    "[%s] %r",
                    stats,
                    sql_util._repr_params(
                        effective_parameters,
                        batches=10,
                        ismulti=context.executemany,
                    ),
                )
            else:
                self._log_info(
                    "[%s] [SQL parameters hidden due to hide_parameters=True]",
                    stats,
                )
    
        evt_handled: bool = False
        try:
            if context.execute_style is ExecuteStyle.EXECUTEMANY:
                effective_parameters = cast(
                    "_CoreMultiExecuteParams", effective_parameters
                )
                if self.dialect._has_events:
                    for fn in self.dialect.dispatch.do_executemany:
                        if fn(
                            cursor,
                            str_statement,
                            effective_parameters,
                            context,
                        ):
                            evt_handled = True
                            break
                if not evt_handled:
                    self.dialect.do_executemany(
                        cursor,
                        str_statement,
                        effective_parameters,
                        context,
                    )
            elif not effective_parameters and context.no_parameters:
                if self.dialect._has_events:
                    for fn in self.dialect.dispatch.do_execute_no_params:
                        if fn(cursor, str_statement, context):
                            evt_handled = True
                            break
                if not evt_handled:
                    self.dialect.do_execute_no_params(
                        cursor, str_statement, context
                    )
            else:
                effective_parameters = cast(
                    "_CoreSingleExecuteParams", effective_parameters
                )
                if self.dialect._has_events:
                    for fn in self.dialect.dispatch.do_execute:
                        if fn(
                            cursor,
                            str_statement,
                            effective_parameters,
                            context,
                        ):
                            evt_handled = True
                            break
                if not evt_handled:
>                   self.dialect.do_execute(
                        cursor, str_statement, effective_parameters, context
                    )

venv\Lib\site-packages\sqlalchemy\engine\base.py:1967: 
_ _ _ _ _ _ _ _ _ _ _ _ _ _ _ _ _ _ _ _ _ _ _ _ _ _ _ _ _ _ _ _ _ _ _ _ _ _ _ _

self = <sqlalchemy.dialects.sqlite.pysqlite.SQLiteDialect_pysqlite object at 0x00000258852EA750>
cursor = <sqlite3.Cursor object at 0x000002588A38E740>
statement = 'SELECT ingested_documents.id AS ingested_documents_id, ingested_documents.file_name AS ingested_documents_file_name, ...nFROM ingested_documents \nWHERE ingested_documents.file_hash = ? AND ingested_documents.status = ?\n LIMIT ? OFFSET ?'
parameters = ('9324073b6cc87bb460f750a7e99cd7a9', 'completed', 1, 0)
context = <sqlalchemy.dialects.sqlite.base.SQLiteExecutionContext object at 0x0000025885B06D90>

    def do_execute(self, cursor, statement, parameters, context=None):
>       cursor.execute(statement, parameters)
E       sqlite3.OperationalError: no such table: ingested_documents

venv\Lib\site-packages\sqlalchemy\engine\default.py:941: OperationalError

The above exception was the direct cause of the following exception:

self = <tests.test_ingestion.TestClinicalTrialsIngestor object at 0x0000025885B09B50>
db_session = <sqlalchemy.orm.session.Session object at 0x00000258852B64D0>
tmp_path = WindowsPath('C:/Users/SANJANA/AppData/Local/Temp/pytest-of-SANJANA/pytest-1/test_skips_duplicate0')

    def test_skips_duplicate(self, db_session, tmp_path):
        """Second ingest of same file should be skipped."""
        data = {"nct_id": "NCT88888888", "title": "Dup Test", "status": "Active"}
        f = tmp_path / "dup.json"
        f.write_text(json.dumps(data))
    
        ingestor = ClinicalTrialsIngestor(db_session)
>       r1 = ingestor.ingest(str(f))

tests\test_ingestion.py:83: 
_ _ _ _ _ _ _ _ _ _ _ _ _ _ _ _ _ _ _ _ _ _ _ _ _ _ _ _ _ _ _ _ _ _ _ _ _ _ _ _
src\ingestion\clinical_trials_ingestor.py:70: in ingest
    if is_already_ingested(self.db, file_hash):
src\ingestion\deduplication.py:54: in is_already_ingested
    .first()
venv\Lib\site-packages\sqlalchemy\orm\query.py:2728: in first
    return self.limit(1)._iter().first()  # type: ignore
venv\Lib\site-packages\sqlalchemy\orm\query.py:2827: in _iter
    result: Union[ScalarResult[_T], Result[_T]] = self.session.execute(
venv\Lib\site-packages\sqlalchemy\orm\session.py:2362: in execute
    return self._execute_internal(
venv\Lib\site-packages\sqlalchemy\orm\session.py:2247: in _execute_internal
    result: Result[Any] = compile_state_cls.orm_execute_statement(
venv\Lib\site-packages\sqlalchemy\orm\context.py:305: in orm_execute_statement
    result = conn.execute(
venv\Lib\site-packages\sqlalchemy\engine\base.py:1418: in execute
    return meth(
venv\Lib\site-packages\sqlalchemy\sql\elements.py:515: in _execute_on_connection
    return connection._execute_clauseelement(
venv\Lib\site-packages\sqlalchemy\engine\base.py:1640: in _execute_clauseelement
    ret = self._execute_context(
venv\Lib\site-packages\sqlalchemy\engine\base.py:1846: in _execute_context
    return self._exec_single_context(
venv\Lib\site-packages\sqlalchemy\engine\base.py:1986: in _exec_single_context
    self._handle_dbapi_exception(
venv\Lib\site-packages\sqlalchemy\engine\base.py:2355: in _handle_dbapi_exception
    raise sqlalchemy_exception.with_traceback(exc_info[2]) from e
venv\Lib\site-packages\sqlalchemy\engine\base.py:1967: in _exec_single_context
    self.dialect.do_execute(
_ _ _ _ _ _ _ _ _ _ _ _ _ _ _ _ _ _ _ _ _ _ _ _ _ _ _ _ _ _ _ _ _ _ _ _ _ _ _ _

self = <sqlalchemy.dialects.sqlite.pysqlite.SQLiteDialect_pysqlite object at 0x00000258852EA750>
cursor = <sqlite3.Cursor object at 0x000002588A38E740>
statement = 'SELECT ingested_documents.id AS ingested_documents_id, ingested_documents.file_name AS ingested_documents_file_name, ...nFROM ingested_documents \nWHERE ingested_documents.file_hash = ? AND ingested_documents.status = ?\n LIMIT ? OFFSET ?'
parameters = ('9324073b6cc87bb460f750a7e99cd7a9', 'completed', 1, 0)
context = <sqlalchemy.dialects.sqlite.base.SQLiteExecutionContext object at 0x0000025885B06D90>

    def do_execute(self, cursor, statement, parameters, context=None):
>       cursor.execute(statement, parameters)
E       sqlalchemy.exc.OperationalError: (sqlite3.OperationalError) no such table: ingested_documents
E       [SQL: SELECT ingested_documents.id AS ingested_documents_id, ingested_documents.file_name AS ingested_documents_file_name, ingested_documents.file_path AS ingested_documents_file_path, ingested_documents.file_hash AS ingested_documents_file_hash, ingested_documents.file_type AS ingested_documents_file_type, ingested_documents.file_size_bytes AS ingested_documents_file_size_bytes, ingested_documents.ingested_at AS ingested_documents_ingested_at, ingested_documents.status AS ingested_documents_status, ingested_documents.record_count AS ingested_documents_record_count, ingested_documents.error_message AS ingested_documents_error_message 
E       FROM ingested_documents 
E       WHERE ingested_documents.file_hash = ? AND ingested_documents.status = ?
E        LIMIT ? OFFSET ?]
E       [parameters: ('9324073b6cc87bb460f750a7e99cd7a9', 'completed', 1, 0)]
E       (Background on this error at: https://sqlalche.me/e/20/e3q8)

venv\Lib\site-packages\sqlalchemy\engine\default.py:941: OperationalError
____________ TestClinicalTrialsIngestor.test_handles_invalid_json _____________

self = <sqlalchemy.engine.base.Connection object at 0x000002588749A0D0>
dialect = <sqlalchemy.dialects.sqlite.pysqlite.SQLiteDialect_pysqlite object at 0x00000258852EA750>
context = <sqlalchemy.dialects.sqlite.base.SQLiteExecutionContext object at 0x0000025887499CD0>
statement = <sqlalchemy.dialects.sqlite.base.SQLiteCompiler object at 0x00000258884D9C50>
parameters = [('28a09343c659c606dd1f948b3a002343', 'completed', 1, 0)]

    def _exec_single_context(
        self,
        dialect: Dialect,
        context: ExecutionContext,
        statement: Union[str, Compiled],
        parameters: Optional[_AnyMultiExecuteParams],
    ) -> CursorResult[Any]:
        """continue the _execute_context() method for a single DBAPI
        cursor.execute() or cursor.executemany() call.
    
        """
        if dialect.bind_typing is BindTyping.SETINPUTSIZES:
            generic_setinputsizes = context._prepare_set_input_sizes()
    
            if generic_setinputsizes:
                try:
                    dialect.do_set_input_sizes(
                        context.cursor, generic_setinputsizes, context
                    )
                except BaseException as e:
                    self._handle_dbapi_exception(
                        e, str(statement), parameters, None, context
                    )
    
        cursor, str_statement, parameters = (
            context.cursor,
            context.statement,
            context.parameters,
        )
    
        effective_parameters: Optional[_AnyExecuteParams]
    
        if not context.executemany:
            effective_parameters = parameters[0]
        else:
            effective_parameters = parameters
    
        if self._has_events or self.engine._has_events:
            for fn in self.dispatch.before_cursor_execute:
                str_statement, effective_parameters = fn(
                    self,
                    cursor,
                    str_statement,
                    effective_parameters,
                    context,
                    context.executemany,
                )
    
        if self._echo:
            self._log_info(str_statement)
    
            stats = context._get_cache_stats()
    
            if not self.engine.hide_parameters:
                self._log_info(
                    "[%s] %r",
                    stats,
                    sql_util._repr_params(
                        effective_parameters,
                        batches=10,
                        ismulti=context.executemany,
                    ),
                )
            else:
                self._log_info(
                    "[%s] [SQL parameters hidden due to hide_parameters=True]",
                    stats,
                )
    
        evt_handled: bool = False
        try:
            if context.execute_style is ExecuteStyle.EXECUTEMANY:
                effective_parameters = cast(
                    "_CoreMultiExecuteParams", effective_parameters
                )
                if self.dialect._has_events:
                    for fn in self.dialect.dispatch.do_executemany:
                        if fn(
                            cursor,
                            str_statement,
                            effective_parameters,
                            context,
                        ):
                            evt_handled = True
                            break
                if not evt_handled:
                    self.dialect.do_executemany(
                        cursor,
                        str_statement,
                        effective_parameters,
                        context,
                    )
            elif not effective_parameters and context.no_parameters:
                if self.dialect._has_events:
                    for fn in self.dialect.dispatch.do_execute_no_params:
                        if fn(cursor, str_statement, context):
                            evt_handled = True
                            break
                if not evt_handled:
                    self.dialect.do_execute_no_params(
                        cursor, str_statement, context
                    )
            else:
                effective_parameters = cast(
                    "_CoreSingleExecuteParams", effective_parameters
                )
                if self.dialect._has_events:
                    for fn in self.dialect.dispatch.do_execute:
                        if fn(
                            cursor,
                            str_statement,
                            effective_parameters,
                            context,
                        ):
                            evt_handled = True
                            break
                if not evt_handled:
>                   self.dialect.do_execute(
                        cursor, str_statement, effective_parameters, context
                    )

venv\Lib\site-packages\sqlalchemy\engine\base.py:1967: 
_ _ _ _ _ _ _ _ _ _ _ _ _ _ _ _ _ _ _ _ _ _ _ _ _ _ _ _ _ _ _ _ _ _ _ _ _ _ _ _

self = <sqlalchemy.dialects.sqlite.pysqlite.SQLiteDialect_pysqlite object at 0x00000258852EA750>
cursor = <sqlite3.Cursor object at 0x00000258889B88C0>
statement = 'SELECT ingested_documents.id AS ingested_documents_id, ingested_documents.file_name AS ingested_documents_file_name, ...nFROM ingested_documents \nWHERE ingested_documents.file_hash = ? AND ingested_documents.status = ?\n LIMIT ? OFFSET ?'
parameters = ('28a09343c659c606dd1f948b3a002343', 'completed', 1, 0)
context = <sqlalchemy.dialects.sqlite.base.SQLiteExecutionContext object at 0x0000025887499CD0>

    def do_execute(self, cursor, statement, parameters, context=None):
>       cursor.execute(statement, parameters)
E       sqlite3.OperationalError: no such table: ingested_documents

venv\Lib\site-packages\sqlalchemy\engine\default.py:941: OperationalError

The above exception was the direct cause of the following exception:

self = <tests.test_ingestion.TestClinicalTrialsIngestor object at 0x0000025885B07210>
db_session = <sqlalchemy.orm.session.Session object at 0x0000025887426AD0>
tmp_path = WindowsPath('C:/Users/SANJANA/AppData/Local/Temp/pytest-of-SANJANA/pytest-1/test_handles_invalid_json0')

    def test_handles_invalid_json(self, db_session, tmp_path):
        """Invalid JSON should return failure gracefully."""
        f = tmp_path / "bad.json"
        f.write_text("NOT VALID JSON {{{{")
    
        ingestor = ClinicalTrialsIngestor(db_session)
>       result = ingestor.ingest(str(f))

tests\test_ingestion.py:94: 
_ _ _ _ _ _ _ _ _ _ _ _ _ _ _ _ _ _ _ _ _ _ _ _ _ _ _ _ _ _ _ _ _ _ _ _ _ _ _ _
src\ingestion\clinical_trials_ingestor.py:70: in ingest
    if is_already_ingested(self.db, file_hash):
src\ingestion\deduplication.py:54: in is_already_ingested
    .first()
venv\Lib\site-packages\sqlalchemy\orm\query.py:2728: in first
    return self.limit(1)._iter().first()  # type: ignore
venv\Lib\site-packages\sqlalchemy\orm\query.py:2827: in _iter
    result: Union[ScalarResult[_T], Result[_T]] = self.session.execute(
venv\Lib\site-packages\sqlalchemy\orm\session.py:2362: in execute
    return self._execute_internal(
venv\Lib\site-packages\sqlalchemy\orm\session.py:2247: in _execute_internal
    result: Result[Any] = compile_state_cls.orm_execute_statement(
venv\Lib\site-packages\sqlalchemy\orm\context.py:305: in orm_execute_statement
    result = conn.execute(
venv\Lib\site-packages\sqlalchemy\engine\base.py:1418: in execute
    return meth(
venv\Lib\site-packages\sqlalchemy\sql\elements.py:515: in _execute_on_connection
    return connection._execute_clauseelement(
venv\Lib\site-packages\sqlalchemy\engine\base.py:1640: in _execute_clauseelement
    ret = self._execute_context(
venv\Lib\site-packages\sqlalchemy\engine\base.py:1846: in _execute_context
    return self._exec_single_context(
venv\Lib\site-packages\sqlalchemy\engine\base.py:1986: in _exec_single_context
    self._handle_dbapi_exception(
venv\Lib\site-packages\sqlalchemy\engine\base.py:2355: in _handle_dbapi_exception
    raise sqlalchemy_exception.with_traceback(exc_info[2]) from e
venv\Lib\site-packages\sqlalchemy\engine\base.py:1967: in _exec_single_context
    self.dialect.do_execute(
_ _ _ _ _ _ _ _ _ _ _ _ _ _ _ _ _ _ _ _ _ _ _ _ _ _ _ _ _ _ _ _ _ _ _ _ _ _ _ _

self = <sqlalchemy.dialects.sqlite.pysqlite.SQLiteDialect_pysqlite object at 0x00000258852EA750>
cursor = <sqlite3.Cursor object at 0x00000258889B88C0>
statement = 'SELECT ingested_documents.id AS ingested_documents_id, ingested_documents.file_name AS ingested_documents_file_name, ...nFROM ingested_documents \nWHERE ingested_documents.file_hash = ? AND ingested_documents.status = ?\n LIMIT ? OFFSET ?'
parameters = ('28a09343c659c606dd1f948b3a002343', 'completed', 1, 0)
context = <sqlalchemy.dialects.sqlite.base.SQLiteExecutionContext object at 0x0000025887499CD0>

    def do_execute(self, cursor, statement, parameters, context=None):
>       cursor.execute(statement, parameters)
E       sqlalchemy.exc.OperationalError: (sqlite3.OperationalError) no such table: ingested_documents
E       [SQL: SELECT ingested_documents.id AS ingested_documents_id, ingested_documents.file_name AS ingested_documents_file_name, ingested_documents.file_path AS ingested_documents_file_path, ingested_documents.file_hash AS ingested_documents_file_hash, ingested_documents.file_type AS ingested_documents_file_type, ingested_documents.file_size_bytes AS ingested_documents_file_size_bytes, ingested_documents.ingested_at AS ingested_documents_ingested_at, ingested_documents.status AS ingested_documents_status, ingested_documents.record_count AS ingested_documents_record_count, ingested_documents.error_message AS ingested_documents_error_message 
E       FROM ingested_documents 
E       WHERE ingested_documents.file_hash = ? AND ingested_documents.status = ?
E        LIMIT ? OFFSET ?]
E       [parameters: ('28a09343c659c606dd1f948b3a002343', 'completed', 1, 0)]
E       (Background on this error at: https://sqlalche.me/e/20/e3q8)

venv\Lib\site-packages\sqlalchemy\engine\default.py:941: OperationalError
_______________________ TestSDTMIngestor.test_ingest_dm _______________________

self = <sqlalchemy.engine.base.Connection object at 0x0000025887424490>
dialect = <sqlalchemy.dialects.sqlite.pysqlite.SQLiteDialect_pysqlite object at 0x00000258852EA750>
context = <sqlalchemy.dialects.sqlite.base.SQLiteExecutionContext object at 0x0000025887255490>
statement = <sqlalchemy.dialects.sqlite.base.SQLiteCompiler object at 0x00000258884D9C50>
parameters = [('2ec19d75cc43e429d5b342ebc6b2c7a4', 'completed', 1, 0)]

    def _exec_single_context(
        self,
        dialect: Dialect,
        context: ExecutionContext,
        statement: Union[str, Compiled],
        parameters: Optional[_AnyMultiExecuteParams],
    ) -> CursorResult[Any]:
        """continue the _execute_context() method for a single DBAPI
        cursor.execute() or cursor.executemany() call.
    
        """
        if dialect.bind_typing is BindTyping.SETINPUTSIZES:
            generic_setinputsizes = context._prepare_set_input_sizes()
    
            if generic_setinputsizes:
                try:
                    dialect.do_set_input_sizes(
                        context.cursor, generic_setinputsizes, context
                    )
                except BaseException as e:
                    self._handle_dbapi_exception(
                        e, str(statement), parameters, None, context
                    )
    
        cursor, str_statement, parameters = (
            context.cursor,
            context.statement,
            context.parameters,
        )
    
        effective_parameters: Optional[_AnyExecuteParams]
    
        if not context.executemany:
            effective_parameters = parameters[0]
        else:
            effective_parameters = parameters
    
        if self._has_events or self.engine._has_events:
            for fn in self.dispatch.before_cursor_execute:
                str_statement, effective_parameters = fn(
                    self,
                    cursor,
                    str_statement,
                    effective_parameters,
                    context,
                    context.executemany,
                )
    
        if self._echo:
            self._log_info(str_statement)
    
            stats = context._get_cache_stats()
    
            if not self.engine.hide_parameters:
                self._log_info(
                    "[%s] %r",
                    stats,
                    sql_util._repr_params(
                        effective_parameters,
                        batches=10,
                        ismulti=context.executemany,
                    ),
                )
            else:
                self._log_info(
                    "[%s] [SQL parameters hidden due to hide_parameters=True]",
                    stats,
                )
    
        evt_handled: bool = False
        try:
            if context.execute_style is ExecuteStyle.EXECUTEMANY:
                effective_parameters = cast(
                    "_CoreMultiExecuteParams", effective_parameters
                )
                if self.dialect._has_events:
                    for fn in self.dialect.dispatch.do_executemany:
                        if fn(
                            cursor,
                            str_statement,
                            effective_parameters,
                            context,
                        ):
                            evt_handled = True
                            break
                if not evt_handled:
                    self.dialect.do_executemany(
                        cursor,
                        str_statement,
                        effective_parameters,
                        context,
                    )
            elif not effective_parameters and context.no_parameters:
                if self.dialect._has_events:
                    for fn in self.dialect.dispatch.do_execute_no_params:
                        if fn(cursor, str_statement, context):
                            evt_handled = True
                            break
                if not evt_handled:
                    self.dialect.do_execute_no_params(
                        cursor, str_statement, context
                    )
            else:
                effective_parameters = cast(
                    "_CoreSingleExecuteParams", effective_parameters
                )
                if self.dialect._has_events:
                    for fn in self.dialect.dispatch.do_execute:
                        if fn(
                            cursor,
                            str_statement,
                            effective_parameters,
                            context,
                        ):
                            evt_handled = True
                            break
                if not evt_handled:
>                   self.dialect.do_execute(
                        cursor, str_statement, effective_parameters, context
                    )

venv\Lib\site-packages\sqlalchemy\engine\base.py:1967: 
_ _ _ _ _ _ _ _ _ _ _ _ _ _ _ _ _ _ _ _ _ _ _ _ _ _ _ _ _ _ _ _ _ _ _ _ _ _ _ _

self = <sqlalchemy.dialects.sqlite.pysqlite.SQLiteDialect_pysqlite object at 0x00000258852EA750>
cursor = <sqlite3.Cursor object at 0x0000025888F27840>
statement = 'SELECT ingested_documents.id AS ingested_documents_id, ingested_documents.file_name AS ingested_documents_file_name, ...nFROM ingested_documents \nWHERE ingested_documents.file_hash = ? AND ingested_documents.status = ?\n LIMIT ? OFFSET ?'
parameters = ('2ec19d75cc43e429d5b342ebc6b2c7a4', 'completed', 1, 0)
context = <sqlalchemy.dialects.sqlite.base.SQLiteExecutionContext object at 0x0000025887255490>

    def do_execute(self, cursor, statement, parameters, context=None):
>       cursor.execute(statement, parameters)
E       sqlite3.OperationalError: no such table: ingested_documents

venv\Lib\site-packages\sqlalchemy\engine\default.py:941: OperationalError

The above exception was the direct cause of the following exception:

self = <tests.test_ingestion.TestSDTMIngestor object at 0x0000025885B0A1D0>
db_session = <sqlalchemy.orm.session.Session object at 0x000002588749BAD0>
tmp_path = WindowsPath('C:/Users/SANJANA/AppData/Local/Temp/pytest-of-SANJANA/pytest-1/test_ingest_dm0')

    def test_ingest_dm(self, db_session, tmp_path):
        """Should parse DM.csv and create patient records."""
        df = pd.DataFrame([{
            "USUBJID": "TEST-SUBJ-001",
            "SUBJID": "001",
            "STUDYID": "TESTSTUDY",
            "AGE": "45",
            "SEX": "F",
            "RACE": "ASIAN",
            "COUNTRY": "JAPAN",
            "ARM": "Placebo",
        }])
        f = tmp_path / "DM.csv"
        df.to_csv(str(f), index=False)
    
        ingestor = SDTMIngestor(db_session)
>       result = ingestor.ingest(str(f))

tests\test_ingestion.py:115: 
_ _ _ _ _ _ _ _ _ _ _ _ _ _ _ _ _ _ _ _ _ _ _ _ _ _ _ _ _ _ _ _ _ _ _ _ _ _ _ _
src\ingestion\sdtm_ingestor.py:72: in ingest
    if is_already_ingested(self.db, file_hash):
src\ingestion\deduplication.py:54: in is_already_ingested
    .first()
venv\Lib\site-packages\sqlalchemy\orm\query.py:2728: in first
    return self.limit(1)._iter().first()  # type: ignore
venv\Lib\site-packages\sqlalchemy\orm\query.py:2827: in _iter
    result: Union[ScalarResult[_T], Result[_T]] = self.session.execute(
venv\Lib\site-packages\sqlalchemy\orm\session.py:2362: in execute
    return self._execute_internal(
venv\Lib\site-packages\sqlalchemy\orm\session.py:2247: in _execute_internal
    result: Result[Any] = compile_state_cls.orm_execute_statement(
venv\Lib\site-packages\sqlalchemy\orm\context.py:305: in orm_execute_statement
    result = conn.execute(
venv\Lib\site-packages\sqlalchemy\engine\base.py:1418: in execute
    return meth(
venv\Lib\site-packages\sqlalchemy\sql\elements.py:515: in _execute_on_connection
    return connection._execute_clauseelement(
venv\Lib\site-packages\sqlalchemy\engine\base.py:1640: in _execute_clauseelement
    ret = self._execute_context(
venv\Lib\site-packages\sqlalchemy\engine\base.py:1846: in _execute_context
    return self._exec_single_context(
venv\Lib\site-packages\sqlalchemy\engine\base.py:1986: in _exec_single_context
    self._handle_dbapi_exception(
venv\Lib\site-packages\sqlalchemy\engine\base.py:2355: in _handle_dbapi_exception
    raise sqlalchemy_exception.with_traceback(exc_info[2]) from e
venv\Lib\site-packages\sqlalchemy\engine\base.py:1967: in _exec_single_context
    self.dialect.do_execute(
_ _ _ _ _ _ _ _ _ _ _ _ _ _ _ _ _ _ _ _ _ _ _ _ _ _ _ _ _ _ _ _ _ _ _ _ _ _ _ _

self = <sqlalchemy.dialects.sqlite.pysqlite.SQLiteDialect_pysqlite object at 0x00000258852EA750>
cursor = <sqlite3.Cursor object at 0x0000025888F27840>
statement = 'SELECT ingested_documents.id AS ingested_documents_id, ingested_documents.file_name AS ingested_documents_file_name, ...nFROM ingested_documents \nWHERE ingested_documents.file_hash = ? AND ingested_documents.status = ?\n LIMIT ? OFFSET ?'
parameters = ('2ec19d75cc43e429d5b342ebc6b2c7a4', 'completed', 1, 0)
context = <sqlalchemy.dialects.sqlite.base.SQLiteExecutionContext object at 0x0000025887255490>

    def do_execute(self, cursor, statement, parameters, context=None):
>       cursor.execute(statement, parameters)
E       sqlalchemy.exc.OperationalError: (sqlite3.OperationalError) no such table: ingested_documents
E       [SQL: SELECT ingested_documents.id AS ingested_documents_id, ingested_documents.file_name AS ingested_documents_file_name, ingested_documents.file_path AS ingested_documents_file_path, ingested_documents.file_hash AS ingested_documents_file_hash, ingested_documents.file_type AS ingested_documents_file_type, ingested_documents.file_size_bytes AS ingested_documents_file_size_bytes, ingested_documents.ingested_at AS ingested_documents_ingested_at, ingested_documents.status AS ingested_documents_status, ingested_documents.record_count AS ingested_documents_record_count, ingested_documents.error_message AS ingested_documents_error_message 
E       FROM ingested_documents 
E       WHERE ingested_documents.file_hash = ? AND ingested_documents.status = ?
E        LIMIT ? OFFSET ?]
E       [parameters: ('2ec19d75cc43e429d5b342ebc6b2c7a4', 'completed', 1, 0)]
E       (Background on this error at: https://sqlalche.me/e/20/e3q8)

venv\Lib\site-packages\sqlalchemy\engine\default.py:941: OperationalError
_______________ TestSDTMIngestor.test_ae_skips_unknown_patient ________________

self = <sqlalchemy.engine.base.Connection object at 0x0000025888B19650>
dialect = <sqlalchemy.dialects.sqlite.pysqlite.SQLiteDialect_pysqlite object at 0x00000258852EA750>
context = <sqlalchemy.dialects.sqlite.base.SQLiteExecutionContext object at 0x0000025888B183D0>
statement = <sqlalchemy.dialects.sqlite.base.SQLiteCompiler object at 0x00000258884D9C50>
parameters = [('a14637312234a56bc9d2108ad36c9ab8', 'completed', 1, 0)]

    def _exec_single_context(
        self,
        dialect: Dialect,
        context: ExecutionContext,
        statement: Union[str, Compiled],
        parameters: Optional[_AnyMultiExecuteParams],
    ) -> CursorResult[Any]:
        """continue the _execute_context() method for a single DBAPI
        cursor.execute() or cursor.executemany() call.
    
        """
        if dialect.bind_typing is BindTyping.SETINPUTSIZES:
            generic_setinputsizes = context._prepare_set_input_sizes()
    
            if generic_setinputsizes:
                try:
                    dialect.do_set_input_sizes(
                        context.cursor, generic_setinputsizes, context
                    )
                except BaseException as e:
                    self._handle_dbapi_exception(
                        e, str(statement), parameters, None, context
                    )
    
        cursor, str_statement, parameters = (
            context.cursor,
            context.statement,
            context.parameters,
        )
    
        effective_parameters: Optional[_AnyExecuteParams]
    
        if not context.executemany:
            effective_parameters = parameters[0]
        else:
            effective_parameters = parameters
    
        if self._has_events or self.engine._has_events:
            for fn in self.dispatch.before_cursor_execute:
                str_statement, effective_parameters = fn(
                    self,
                    cursor,
                    str_statement,
                    effective_parameters,
                    context,
                    context.executemany,
                )
    
        if self._echo:
            self._log_info(str_statement)
    
            stats = context._get_cache_stats()
    
            if not self.engine.hide_parameters:
                self._log_info(
                    "[%s] %r",
                    stats,
                    sql_util._repr_params(
                        effective_parameters,
                        batches=10,
                        ismulti=context.executemany,
                    ),
                )
            else:
                self._log_info(
                    "[%s] [SQL parameters hidden due to hide_parameters=True]",
                    stats,
                )
    
        evt_handled: bool = False
        try:
            if context.execute_style is ExecuteStyle.EXECUTEMANY:
                effective_parameters = cast(
                    "_CoreMultiExecuteParams", effective_parameters
                )
                if self.dialect._has_events:
                    for fn in self.dialect.dispatch.do_executemany:
                        if fn(
                            cursor,
                            str_statement,
                            effective_parameters,
                            context,
                        ):
                            evt_handled = True
                            break
                if not evt_handled:
                    self.dialect.do_executemany(
                        cursor,
                        str_statement,
                        effective_parameters,
                        context,
                    )
            elif not effective_parameters and context.no_parameters:
                if self.dialect._has_events:
                    for fn in self.dialect.dispatch.do_execute_no_params:
                        if fn(cursor, str_statement, context):
                            evt_handled = True
                            break
                if not evt_handled:
                    self.dialect.do_execute_no_params(
                        cursor, str_statement, context
                    )
            else:
                effective_parameters = cast(
                    "_CoreSingleExecuteParams", effective_parameters
                )
                if self.dialect._has_events:
                    for fn in self.dialect.dispatch.do_execute:
                        if fn(
                            cursor,
                            str_statement,
                            effective_parameters,
                            context,
                        ):
                            evt_handled = True
                            break
                if not evt_handled:
>                   self.dialect.do_execute(
                        cursor, str_statement, effective_parameters, context
                    )

venv\Lib\site-packages\sqlalchemy\engine\base.py:1967: 
_ _ _ _ _ _ _ _ _ _ _ _ _ _ _ _ _ _ _ _ _ _ _ _ _ _ _ _ _ _ _ _ _ _ _ _ _ _ _ _

self = <sqlalchemy.dialects.sqlite.pysqlite.SQLiteDialect_pysqlite object at 0x00000258852EA750>
cursor = <sqlite3.Cursor object at 0x000002588A38C840>
statement = 'SELECT ingested_documents.id AS ingested_documents_id, ingested_documents.file_name AS ingested_documents_file_name, ...nFROM ingested_documents \nWHERE ingested_documents.file_hash = ? AND ingested_documents.status = ?\n LIMIT ? OFFSET ?'
parameters = ('a14637312234a56bc9d2108ad36c9ab8', 'completed', 1, 0)
context = <sqlalchemy.dialects.sqlite.base.SQLiteExecutionContext object at 0x0000025888B183D0>

    def do_execute(self, cursor, statement, parameters, context=None):
>       cursor.execute(statement, parameters)
E       sqlite3.OperationalError: no such table: ingested_documents

venv\Lib\site-packages\sqlalchemy\engine\default.py:941: OperationalError

The above exception was the direct cause of the following exception:

self = <tests.test_ingestion.TestSDTMIngestor object at 0x0000025885B0A910>
db_session = <sqlalchemy.orm.session.Session object at 0x00000258874272D0>
tmp_path = WindowsPath('C:/Users/SANJANA/AppData/Local/Temp/pytest-of-SANJANA/pytest-1/test_ae_skips_unknown_patient0')

    def test_ae_skips_unknown_patient(self, db_session, tmp_path):
        """AE row for unknown patient should be silently skipped."""
        ae_df = pd.DataFrame([{
            "USUBJID": "NOBODY-9999",
            "STUDYID": "TESTSTUDY",
            "AETERM": "Headache",
            "AEDECOD": "Headache",
            "AESER": "N",
        }])
        f = tmp_path / "AE.csv"
        ae_df.to_csv(str(f), index=False)
    
        ingestor = SDTMIngestor(db_session)
>       result = ingestor.ingest(str(f))

tests\test_ingestion.py:157: 
_ _ _ _ _ _ _ _ _ _ _ _ _ _ _ _ _ _ _ _ _ _ _ _ _ _ _ _ _ _ _ _ _ _ _ _ _ _ _ _
src\ingestion\sdtm_ingestor.py:72: in ingest
    if is_already_ingested(self.db, file_hash):
src\ingestion\deduplication.py:54: in is_already_ingested
    .first()
venv\Lib\site-packages\sqlalchemy\orm\query.py:2728: in first
    return self.limit(1)._iter().first()  # type: ignore
venv\Lib\site-packages\sqlalchemy\orm\query.py:2827: in _iter
    result: Union[ScalarResult[_T], Result[_T]] = self.session.execute(
venv\Lib\site-packages\sqlalchemy\orm\session.py:2362: in execute
    return self._execute_internal(
venv\Lib\site-packages\sqlalchemy\orm\session.py:2247: in _execute_internal
    result: Result[Any] = compile_state_cls.orm_execute_statement(
venv\Lib\site-packages\sqlalchemy\orm\context.py:305: in orm_execute_statement
    result = conn.execute(
venv\Lib\site-packages\sqlalchemy\engine\base.py:1418: in execute
    return meth(
venv\Lib\site-packages\sqlalchemy\sql\elements.py:515: in _execute_on_connection
    return connection._execute_clauseelement(
venv\Lib\site-packages\sqlalchemy\engine\base.py:1640: in _execute_clauseelement
    ret = self._execute_context(
venv\Lib\site-packages\sqlalchemy\engine\base.py:1846: in _execute_context
    return self._exec_single_context(
venv\Lib\site-packages\sqlalchemy\engine\base.py:1986: in _exec_single_context
    self._handle_dbapi_exception(
venv\Lib\site-packages\sqlalchemy\engine\base.py:2355: in _handle_dbapi_exception
    raise sqlalchemy_exception.with_traceback(exc_info[2]) from e
venv\Lib\site-packages\sqlalchemy\engine\base.py:1967: in _exec_single_context
    self.dialect.do_execute(
_ _ _ _ _ _ _ _ _ _ _ _ _ _ _ _ _ _ _ _ _ _ _ _ _ _ _ _ _ _ _ _ _ _ _ _ _ _ _ _

self = <sqlalchemy.dialects.sqlite.pysqlite.SQLiteDialect_pysqlite object at 0x00000258852EA750>
cursor = <sqlite3.Cursor object at 0x000002588A38C840>
statement = 'SELECT ingested_documents.id AS ingested_documents_id, ingested_documents.file_name AS ingested_documents_file_name, ...nFROM ingested_documents \nWHERE ingested_documents.file_hash = ? AND ingested_documents.status = ?\n LIMIT ? OFFSET ?'
parameters = ('a14637312234a56bc9d2108ad36c9ab8', 'completed', 1, 0)
context = <sqlalchemy.dialects.sqlite.base.SQLiteExecutionContext object at 0x0000025888B183D0>

    def do_execute(self, cursor, statement, parameters, context=None):
>       cursor.execute(statement, parameters)
E       sqlalchemy.exc.OperationalError: (sqlite3.OperationalError) no such table: ingested_documents
E       [SQL: SELECT ingested_documents.id AS ingested_documents_id, ingested_documents.file_name AS ingested_documents_file_name, ingested_documents.file_path AS ingested_documents_file_path, ingested_documents.file_hash AS ingested_documents_file_hash, ingested_documents.file_type AS ingested_documents_file_type, ingested_documents.file_size_bytes AS ingested_documents_file_size_bytes, ingested_documents.ingested_at AS ingested_documents_ingested_at, ingested_documents.status AS ingested_documents_status, ingested_documents.record_count AS ingested_documents_record_count, ingested_documents.error_message AS ingested_documents_error_message 
E       FROM ingested_documents 
E       WHERE ingested_documents.file_hash = ? AND ingested_documents.status = ?
E        LIMIT ? OFFSET ?]
E       [parameters: ('a14637312234a56bc9d2108ad36c9ab8', 'completed', 1, 0)]
E       (Background on this error at: https://sqlalche.me/e/20/e3q8)

venv\Lib\site-packages\sqlalchemy\engine\default.py:941: OperationalError
_________________ TestOrchestrator.test_routes_csv_correctly __________________

self = <sqlalchemy.engine.base.Connection object at 0x00000258874240D0>
dialect = <sqlalchemy.dialects.sqlite.pysqlite.SQLiteDialect_pysqlite object at 0x00000258852EA750>
context = <sqlalchemy.dialects.sqlite.base.SQLiteExecutionContext object at 0x0000025885D4E950>
statement = <sqlalchemy.dialects.sqlite.base.SQLiteCompiler object at 0x00000258884D9C50>
parameters = [('01bb67d9d7fb1da244899eb251f6d2cf', 'completed', 1, 0)]

    def _exec_single_context(
        self,
        dialect: Dialect,
        context: ExecutionContext,
        statement: Union[str, Compiled],
        parameters: Optional[_AnyMultiExecuteParams],
    ) -> CursorResult[Any]:
        """continue the _execute_context() method for a single DBAPI
        cursor.execute() or cursor.executemany() call.
    
        """
        if dialect.bind_typing is BindTyping.SETINPUTSIZES:
            generic_setinputsizes = context._prepare_set_input_sizes()
    
            if generic_setinputsizes:
                try:
                    dialect.do_set_input_sizes(
                        context.cursor, generic_setinputsizes, context
                    )
                except BaseException as e:
                    self._handle_dbapi_exception(
                        e, str(statement), parameters, None, context
                    )
    
        cursor, str_statement, parameters = (
            context.cursor,
            context.statement,
            context.parameters,
        )
    
        effective_parameters: Optional[_AnyExecuteParams]
    
        if not context.executemany:
            effective_parameters = parameters[0]
        else:
            effective_parameters = parameters
    
        if self._has_events or self.engine._has_events:
            for fn in self.dispatch.before_cursor_execute:
                str_statement, effective_parameters = fn(
                    self,
                    cursor,
                    str_statement,
                    effective_parameters,
                    context,
                    context.executemany,
                )
    
        if self._echo:
            self._log_info(str_statement)
    
            stats = context._get_cache_stats()
    
            if not self.engine.hide_parameters:
                self._log_info(
                    "[%s] %r",
                    stats,
                    sql_util._repr_params(
                        effective_parameters,
                        batches=10,
                        ismulti=context.executemany,
                    ),
                )
            else:
                self._log_info(
                    "[%s] [SQL parameters hidden due to hide_parameters=True]",
                    stats,
                )
    
        evt_handled: bool = False
        try:
            if context.execute_style is ExecuteStyle.EXECUTEMANY:
                effective_parameters = cast(
                    "_CoreMultiExecuteParams", effective_parameters
                )
                if self.dialect._has_events:
                    for fn in self.dialect.dispatch.do_executemany:
                        if fn(
                            cursor,
                            str_statement,
                            effective_parameters,
                            context,
                        ):
                            evt_handled = True
                            break
                if not evt_handled:
                    self.dialect.do_executemany(
                        cursor,
                        str_statement,
                        effective_parameters,
                        context,
                    )
            elif not effective_parameters and context.no_parameters:
                if self.dialect._has_events:
                    for fn in self.dialect.dispatch.do_execute_no_params:
                        if fn(cursor, str_statement, context):
                            evt_handled = True
                            break
                if not evt_handled:
                    self.dialect.do_execute_no_params(
                        cursor, str_statement, context
                    )
            else:
                effective_parameters = cast(
                    "_CoreSingleExecuteParams", effective_parameters
                )
                if self.dialect._has_events:
                    for fn in self.dialect.dispatch.do_execute:
                        if fn(
                            cursor,
                            str_statement,
                            effective_parameters,
                            context,
                        ):
                            evt_handled = True
                            break
                if not evt_handled:
>                   self.dialect.do_execute(
                        cursor, str_statement, effective_parameters, context
                    )

venv\Lib\site-packages\sqlalchemy\engine\base.py:1967: 
_ _ _ _ _ _ _ _ _ _ _ _ _ _ _ _ _ _ _ _ _ _ _ _ _ _ _ _ _ _ _ _ _ _ _ _ _ _ _ _

self = <sqlalchemy.dialects.sqlite.pysqlite.SQLiteDialect_pysqlite object at 0x00000258852EA750>
cursor = <sqlite3.Cursor object at 0x0000025885B446C0>
statement = 'SELECT ingested_documents.id AS ingested_documents_id, ingested_documents.file_name AS ingested_documents_file_name, ...nFROM ingested_documents \nWHERE ingested_documents.file_hash = ? AND ingested_documents.status = ?\n LIMIT ? OFFSET ?'
parameters = ('01bb67d9d7fb1da244899eb251f6d2cf', 'completed', 1, 0)
context = <sqlalchemy.dialects.sqlite.base.SQLiteExecutionContext object at 0x0000025885D4E950>

    def do_execute(self, cursor, statement, parameters, context=None):
>       cursor.execute(statement, parameters)
E       sqlite3.OperationalError: no such table: ingested_documents

venv\Lib\site-packages\sqlalchemy\engine\default.py:941: OperationalError

The above exception was the direct cause of the following exception:

self = <tests.test_ingestion.TestOrchestrator object at 0x0000025885B0AED0>
db_session = <sqlalchemy.orm.session.Session object at 0x0000025886E93FD0>
tmp_path = WindowsPath('C:/Users/SANJANA/AppData/Local/Temp/pytest-of-SANJANA/pytest-1/test_routes_csv_correctly0')

    def test_routes_csv_correctly(self, db_session, tmp_path):
        """Orchestrator should pick SDTMIngestor for DM.csv."""
        df = pd.DataFrame([{
            "USUBJID": "ORCH-001", "STUDYID": "ORCHTEST",
            "AGE": "30", "SEX": "M",
        }])
        f = tmp_path / "DM.csv"
        df.to_csv(str(f), index=False)
    
        orch = IngestionOrchestrator(db_session)
>       result = orch.ingest_file(str(f))

tests\test_ingestion.py:174: 
_ _ _ _ _ _ _ _ _ _ _ _ _ _ _ _ _ _ _ _ _ _ _ _ _ _ _ _ _ _ _ _ _ _ _ _ _ _ _ _
src\ingestion\ingestion_orchestrator.py:55: in ingest_file
    result = ingestor.ingest(file_path, **kwargs)
src\ingestion\sdtm_ingestor.py:72: in ingest
    if is_already_ingested(self.db, file_hash):
src\ingestion\deduplication.py:54: in is_already_ingested
    .first()
venv\Lib\site-packages\sqlalchemy\orm\query.py:2728: in first
    return self.limit(1)._iter().first()  # type: ignore
venv\Lib\site-packages\sqlalchemy\orm\query.py:2827: in _iter
    result: Union[ScalarResult[_T], Result[_T]] = self.session.execute(
venv\Lib\site-packages\sqlalchemy\orm\session.py:2362: in execute
    return self._execute_internal(
venv\Lib\site-packages\sqlalchemy\orm\session.py:2247: in _execute_internal
    result: Result[Any] = compile_state_cls.orm_execute_statement(
venv\Lib\site-packages\sqlalchemy\orm\context.py:305: in orm_execute_statement
    result = conn.execute(
venv\Lib\site-packages\sqlalchemy\engine\base.py:1418: in execute
    return meth(
venv\Lib\site-packages\sqlalchemy\sql\elements.py:515: in _execute_on_connection
    return connection._execute_clauseelement(
venv\Lib\site-packages\sqlalchemy\engine\base.py:1640: in _execute_clauseelement
    ret = self._execute_context(
venv\Lib\site-packages\sqlalchemy\engine\base.py:1846: in _execute_context
    return self._exec_single_context(
venv\Lib\site-packages\sqlalchemy\engine\base.py:1986: in _exec_single_context
    self._handle_dbapi_exception(
venv\Lib\site-packages\sqlalchemy\engine\base.py:2355: in _handle_dbapi_exception
    raise sqlalchemy_exception.with_traceback(exc_info[2]) from e
venv\Lib\site-packages\sqlalchemy\engine\base.py:1967: in _exec_single_context
    self.dialect.do_execute(
_ _ _ _ _ _ _ _ _ _ _ _ _ _ _ _ _ _ _ _ _ _ _ _ _ _ _ _ _ _ _ _ _ _ _ _ _ _ _ _

self = <sqlalchemy.dialects.sqlite.pysqlite.SQLiteDialect_pysqlite object at 0x00000258852EA750>
cursor = <sqlite3.Cursor object at 0x0000025885B446C0>
statement = 'SELECT ingested_documents.id AS ingested_documents_id, ingested_documents.file_name AS ingested_documents_file_name, ...nFROM ingested_documents \nWHERE ingested_documents.file_hash = ? AND ingested_documents.status = ?\n LIMIT ? OFFSET ?'
parameters = ('01bb67d9d7fb1da244899eb251f6d2cf', 'completed', 1, 0)
context = <sqlalchemy.dialects.sqlite.base.SQLiteExecutionContext object at 0x0000025885D4E950>

    def do_execute(self, cursor, statement, parameters, context=None):
>       cursor.execute(statement, parameters)
E       sqlalchemy.exc.OperationalError: (sqlite3.OperationalError) no such table: ingested_documents
E       [SQL: SELECT ingested_documents.id AS ingested_documents_id, ingested_documents.file_name AS ingested_documents_file_name, ingested_documents.file_path AS ingested_documents_file_path, ingested_documents.file_hash AS ingested_documents_file_hash, ingested_documents.file_type AS ingested_documents_file_type, ingested_documents.file_size_bytes AS ingested_documents_file_size_bytes, ingested_documents.ingested_at AS ingested_documents_ingested_at, ingested_documents.status AS ingested_documents_status, ingested_documents.record_count AS ingested_documents_record_count, ingested_documents.error_message AS ingested_documents_error_message 
E       FROM ingested_documents 
E       WHERE ingested_documents.file_hash = ? AND ingested_documents.status = ?
E        LIMIT ? OFFSET ?]
E       [parameters: ('01bb67d9d7fb1da244899eb251f6d2cf', 'completed', 1, 0)]
E       (Background on this error at: https://sqlalche.me/e/20/e3q8)

venv\Lib\site-packages\sqlalchemy\engine\default.py:941: OperationalError
---------------------------- Captured stderr call -----------------------------
2026-06-08 16:50:11.593 | INFO     | src.ingestion.ingestion_orchestrator:ingest_file:54 - Ingesting DM.csv with SDTMIngestor
_______________ TestLongTermMemory.test_create_and_load_session _______________

self = <sqlalchemy.engine.base.Connection object at 0x000002588C050FD0>
dialect = <sqlalchemy.dialects.sqlite.pysqlite.SQLiteDialect_pysqlite object at 0x00000258852EA750>
context = <sqlalchemy.dialects.sqlite.base.SQLiteExecutionContext object at 0x000002588C050850>
statement = <sqlalchemy.dialects.sqlite.base.SQLiteCompiler object at 0x0000025885C1F010>
parameters = [('aaa0b7e37a09458c8cd32296227dbd12', 'Test Investigation', '2026-06-08 11:20:11.855058', '2026-06-08 11:20:11.855058', None, None, ...)]

    def _exec_single_context(
        self,
        dialect: Dialect,
        context: ExecutionContext,
        statement: Union[str, Compiled],
        parameters: Optional[_AnyMultiExecuteParams],
    ) -> CursorResult[Any]:
        """continue the _execute_context() method for a single DBAPI
        cursor.execute() or cursor.executemany() call.
    
        """
        if dialect.bind_typing is BindTyping.SETINPUTSIZES:
            generic_setinputsizes = context._prepare_set_input_sizes()
    
            if generic_setinputsizes:
                try:
                    dialect.do_set_input_sizes(
                        context.cursor, generic_setinputsizes, context
                    )
                except BaseException as e:
                    self._handle_dbapi_exception(
                        e, str(statement), parameters, None, context
                    )
    
        cursor, str_statement, parameters = (
            context.cursor,
            context.statement,
            context.parameters,
        )
    
        effective_parameters: Optional[_AnyExecuteParams]
    
        if not context.executemany:
            effective_parameters = parameters[0]
        else:
            effective_parameters = parameters
    
        if self._has_events or self.engine._has_events:
            for fn in self.dispatch.before_cursor_execute:
                str_statement, effective_parameters = fn(
                    self,
                    cursor,
                    str_statement,
                    effective_parameters,
                    context,
                    context.executemany,
                )
    
        if self._echo:
            self._log_info(str_statement)
    
            stats = context._get_cache_stats()
    
            if not self.engine.hide_parameters:
                self._log_info(
                    "[%s] %r",
                    stats,
                    sql_util._repr_params(
                        effective_parameters,
                        batches=10,
                        ismulti=context.executemany,
                    ),
                )
            else:
                self._log_info(
                    "[%s] [SQL parameters hidden due to hide_parameters=True]",
                    stats,
                )
    
        evt_handled: bool = False
        try:
            if context.execute_style is ExecuteStyle.EXECUTEMANY:
                effective_parameters = cast(
                    "_CoreMultiExecuteParams", effective_parameters
                )
                if self.dialect._has_events:
                    for fn in self.dialect.dispatch.do_executemany:
                        if fn(
                            cursor,
                            str_statement,
                            effective_parameters,
                            context,
                        ):
                            evt_handled = True
                            break
                if not evt_handled:
                    self.dialect.do_executemany(
                        cursor,
                        str_statement,
                        effective_parameters,
                        context,
                    )
            elif not effective_parameters and context.no_parameters:
                if self.dialect._has_events:
                    for fn in self.dialect.dispatch.do_execute_no_params:
                        if fn(cursor, str_statement, context):
                            evt_handled = True
                            break
                if not evt_handled:
                    self.dialect.do_execute_no_params(
                        cursor, str_statement, context
                    )
            else:
                effective_parameters = cast(
                    "_CoreSingleExecuteParams", effective_parameters
                )
                if self.dialect._has_events:
                    for fn in self.dialect.dispatch.do_execute:
                        if fn(
                            cursor,
                            str_statement,
                            effective_parameters,
                            context,
                        ):
                            evt_handled = True
                            break
                if not evt_handled:
>                   self.dialect.do_execute(
                        cursor, str_statement, effective_parameters, context
                    )

venv\Lib\site-packages\sqlalchemy\engine\base.py:1967: 
_ _ _ _ _ _ _ _ _ _ _ _ _ _ _ _ _ _ _ _ _ _ _ _ _ _ _ _ _ _ _ _ _ _ _ _ _ _ _ _

self = <sqlalchemy.dialects.sqlite.pysqlite.SQLiteDialect_pysqlite object at 0x00000258852EA750>
cursor = <sqlite3.Cursor object at 0x000002588A38EFC0>
statement = 'INSERT INTO investigation_sessions (id, session_name, created_at, updated_at, active_study_id, active_patient_id, investigation_context, conversation_history, session_summary, status) VALUES (?, ?, ?, ?, ?, ?, ?, ?, ?, ?)'
parameters = ('aaa0b7e37a09458c8cd32296227dbd12', 'Test Investigation', '2026-06-08 11:20:11.855058', '2026-06-08 11:20:11.855058', None, None, ...)
context = <sqlalchemy.dialects.sqlite.base.SQLiteExecutionContext object at 0x000002588C050850>

    def do_execute(self, cursor, statement, parameters, context=None):
>       cursor.execute(statement, parameters)
E       sqlite3.OperationalError: no such table: investigation_sessions

venv\Lib\site-packages\sqlalchemy\engine\default.py:941: OperationalError

The above exception was the direct cause of the following exception:

self = <tests.test_memory.TestLongTermMemory object at 0x0000025885B1A250>
db_session = <sqlalchemy.orm.session.Session object at 0x000002588C0539D0>

    def test_create_and_load_session(self, db_session):
        lt = LongTermMemory(db_session)
>       session = lt.create_session("Test Investigation")

tests\test_memory.py:35: 
_ _ _ _ _ _ _ _ _ _ _ _ _ _ _ _ _ _ _ _ _ _ _ _ _ _ _ _ _ _ _ _ _ _ _ _ _ _ _ _
src\memory\long_term.py:50: in create_session
    self.db.commit()
venv\Lib\site-packages\sqlalchemy\orm\session.py:2028: in commit
    trans.commit(_to_root=True)
<string>:2: in commit
    ???
venv\Lib\site-packages\sqlalchemy\orm\state_changes.py:139: in _go
    ret_value = fn(self, *arg, **kw)
venv\Lib\site-packages\sqlalchemy\orm\session.py:1313: in commit
    self._prepare_impl()
<string>:2: in _prepare_impl
    ???
venv\Lib\site-packages\sqlalchemy\orm\state_changes.py:139: in _go
    ret_value = fn(self, *arg, **kw)
venv\Lib\site-packages\sqlalchemy\orm\session.py:1288: in _prepare_impl
    self.session.flush()
venv\Lib\site-packages\sqlalchemy\orm\session.py:4352: in flush
    self._flush(objects)
venv\Lib\site-packages\sqlalchemy\orm\session.py:4487: in _flush
    with util.safe_reraise():
venv\Lib\site-packages\sqlalchemy\util\langhelpers.py:146: in __exit__
    raise exc_value.with_traceback(exc_tb)
venv\Lib\site-packages\sqlalchemy\orm\session.py:4448: in _flush
    flush_context.execute()
venv\Lib\site-packages\sqlalchemy\orm\unitofwork.py:466: in execute
    rec.execute(self)
venv\Lib\site-packages\sqlalchemy\orm\unitofwork.py:642: in execute
    util.preloaded.orm_persistence.save_obj(
venv\Lib\site-packages\sqlalchemy\orm\persistence.py:93: in save_obj
    _emit_insert_statements(
venv\Lib\site-packages\sqlalchemy\orm\persistence.py:1233: in _emit_insert_statements
    result = connection.execute(
venv\Lib\site-packages\sqlalchemy\engine\base.py:1418: in execute
    return meth(
venv\Lib\site-packages\sqlalchemy\sql\elements.py:515: in _execute_on_connection
    return connection._execute_clauseelement(
venv\Lib\site-packages\sqlalchemy\engine\base.py:1640: in _execute_clauseelement
    ret = self._execute_context(
venv\Lib\site-packages\sqlalchemy\engine\base.py:1846: in _execute_context
    return self._exec_single_context(
venv\Lib\site-packages\sqlalchemy\engine\base.py:1986: in _exec_single_context
    self._handle_dbapi_exception(
venv\Lib\site-packages\sqlalchemy\engine\base.py:2355: in _handle_dbapi_exception
    raise sqlalchemy_exception.with_traceback(exc_info[2]) from e
venv\Lib\site-packages\sqlalchemy\engine\base.py:1967: in _exec_single_context
    self.dialect.do_execute(
_ _ _ _ _ _ _ _ _ _ _ _ _ _ _ _ _ _ _ _ _ _ _ _ _ _ _ _ _ _ _ _ _ _ _ _ _ _ _ _

self = <sqlalchemy.dialects.sqlite.pysqlite.SQLiteDialect_pysqlite object at 0x00000258852EA750>
cursor = <sqlite3.Cursor object at 0x000002588A38EFC0>
statement = 'INSERT INTO investigation_sessions (id, session_name, created_at, updated_at, active_study_id, active_patient_id, investigation_context, conversation_history, session_summary, status) VALUES (?, ?, ?, ?, ?, ?, ?, ?, ?, ?)'
parameters = ('aaa0b7e37a09458c8cd32296227dbd12', 'Test Investigation', '2026-06-08 11:20:11.855058', '2026-06-08 11:20:11.855058', None, None, ...)
context = <sqlalchemy.dialects.sqlite.base.SQLiteExecutionContext object at 0x000002588C050850>

    def do_execute(self, cursor, statement, parameters, context=None):
>       cursor.execute(statement, parameters)
E       sqlalchemy.exc.OperationalError: (sqlite3.OperationalError) no such table: investigation_sessions
E       [SQL: INSERT INTO investigation_sessions (id, session_name, created_at, updated_at, active_study_id, active_patient_id, investigation_context, conversation_history, session_summary, status) VALUES (?, ?, ?, ?, ?, ?, ?, ?, ?, ?)]
E       [parameters: ('aaa0b7e37a09458c8cd32296227dbd12', 'Test Investigation', '2026-06-08 11:20:11.855058', '2026-06-08 11:20:11.855058', None, None, '{}', '[]', None, 'active')]
E       (Background on this error at: https://sqlalche.me/e/20/e3q8)

venv\Lib\site-packages\sqlalchemy\engine\default.py:941: OperationalError
___________________ TestLongTermMemory.test_append_messages ___________________

self = <sqlalchemy.engine.base.Connection object at 0x0000025887CDE850>
dialect = <sqlalchemy.dialects.sqlite.pysqlite.SQLiteDialect_pysqlite object at 0x00000258852EA750>
context = <sqlalchemy.dialects.sqlite.base.SQLiteExecutionContext object at 0x0000025887CDEAD0>
statement = <sqlalchemy.dialects.sqlite.base.SQLiteCompiler object at 0x0000025885C1F010>
parameters = [('7f291fe91c1949e4a6b480d5ee7716f0', 'Investigation 2026-06-08 11:20', '2026-06-08 11:20:12.268472', '2026-06-08 11:20:12.268472', None, None, ...)]

    def _exec_single_context(
        self,
        dialect: Dialect,
        context: ExecutionContext,
        statement: Union[str, Compiled],
        parameters: Optional[_AnyMultiExecuteParams],
    ) -> CursorResult[Any]:
        """continue the _execute_context() method for a single DBAPI
        cursor.execute() or cursor.executemany() call.
    
        """
        if dialect.bind_typing is BindTyping.SETINPUTSIZES:
            generic_setinputsizes = context._prepare_set_input_sizes()
    
            if generic_setinputsizes:
                try:
                    dialect.do_set_input_sizes(
                        context.cursor, generic_setinputsizes, context
                    )
                except BaseException as e:
                    self._handle_dbapi_exception(
                        e, str(statement), parameters, None, context
                    )
    
        cursor, str_statement, parameters = (
            context.cursor,
            context.statement,
            context.parameters,
        )
    
        effective_parameters: Optional[_AnyExecuteParams]
    
        if not context.executemany:
            effective_parameters = parameters[0]
        else:
            effective_parameters = parameters
    
        if self._has_events or self.engine._has_events:
            for fn in self.dispatch.before_cursor_execute:
                str_statement, effective_parameters = fn(
                    self,
                    cursor,
                    str_statement,
                    effective_parameters,
                    context,
                    context.executemany,
                )
    
        if self._echo:
            self._log_info(str_statement)
    
            stats = context._get_cache_stats()
    
            if not self.engine.hide_parameters:
                self._log_info(
                    "[%s] %r",
                    stats,
                    sql_util._repr_params(
                        effective_parameters,
                        batches=10,
                        ismulti=context.executemany,
                    ),
                )
            else:
                self._log_info(
                    "[%s] [SQL parameters hidden due to hide_parameters=True]",
                    stats,
                )
    
        evt_handled: bool = False
        try:
            if context.execute_style is ExecuteStyle.EXECUTEMANY:
                effective_parameters = cast(
                    "_CoreMultiExecuteParams", effective_parameters
                )
                if self.dialect._has_events:
                    for fn in self.dialect.dispatch.do_executemany:
                        if fn(
                            cursor,
                            str_statement,
                            effective_parameters,
                            context,
                        ):
                            evt_handled = True
                            break
                if not evt_handled:
                    self.dialect.do_executemany(
                        cursor,
                        str_statement,
                        effective_parameters,
                        context,
                    )
            elif not effective_parameters and context.no_parameters:
                if self.dialect._has_events:
                    for fn in self.dialect.dispatch.do_execute_no_params:
                        if fn(cursor, str_statement, context):
                            evt_handled = True
                            break
                if not evt_handled:
                    self.dialect.do_execute_no_params(
                        cursor, str_statement, context
                    )
            else:
                effective_parameters = cast(
                    "_CoreSingleExecuteParams", effective_parameters
                )
                if self.dialect._has_events:
                    for fn in self.dialect.dispatch.do_execute:
                        if fn(
                            cursor,
                            str_statement,
                            effective_parameters,
                            context,
                        ):
                            evt_handled = True
                            break
                if not evt_handled:
>                   self.dialect.do_execute(
                        cursor, str_statement, effective_parameters, context
                    )

venv\Lib\site-packages\sqlalchemy\engine\base.py:1967: 
_ _ _ _ _ _ _ _ _ _ _ _ _ _ _ _ _ _ _ _ _ _ _ _ _ _ _ _ _ _ _ _ _ _ _ _ _ _ _ _

self = <sqlalchemy.dialects.sqlite.pysqlite.SQLiteDialect_pysqlite object at 0x00000258852EA750>
cursor = <sqlite3.Cursor object at 0x000002588E2E37C0>
statement = 'INSERT INTO investigation_sessions (id, session_name, created_at, updated_at, active_study_id, active_patient_id, investigation_context, conversation_history, session_summary, status) VALUES (?, ?, ?, ?, ?, ?, ?, ?, ?, ?)'
parameters = ('7f291fe91c1949e4a6b480d5ee7716f0', 'Investigation 2026-06-08 11:20', '2026-06-08 11:20:12.268472', '2026-06-08 11:20:12.268472', None, None, ...)
context = <sqlalchemy.dialects.sqlite.base.SQLiteExecutionContext object at 0x0000025887CDEAD0>

    def do_execute(self, cursor, statement, parameters, context=None):
>       cursor.execute(statement, parameters)
E       sqlite3.OperationalError: no such table: investigation_sessions

venv\Lib\site-packages\sqlalchemy\engine\default.py:941: OperationalError

The above exception was the direct cause of the following exception:

self = <tests.test_memory.TestLongTermMemory object at 0x0000025885B1A8D0>
db_session = <sqlalchemy.orm.session.Session object at 0x0000025887CDDF10>

    def test_append_messages(self, db_session):
        lt = LongTermMemory(db_session)
>       session = lt.create_session()

tests\test_memory.py:45: 
_ _ _ _ _ _ _ _ _ _ _ _ _ _ _ _ _ _ _ _ _ _ _ _ _ _ _ _ _ _ _ _ _ _ _ _ _ _ _ _
src\memory\long_term.py:50: in create_session
    self.db.commit()
venv\Lib\site-packages\sqlalchemy\orm\session.py:2028: in commit
    trans.commit(_to_root=True)
<string>:2: in commit
    ???
venv\Lib\site-packages\sqlalchemy\orm\state_changes.py:139: in _go
    ret_value = fn(self, *arg, **kw)
venv\Lib\site-packages\sqlalchemy\orm\session.py:1313: in commit
    self._prepare_impl()
<string>:2: in _prepare_impl
    ???
venv\Lib\site-packages\sqlalchemy\orm\state_changes.py:139: in _go
    ret_value = fn(self, *arg, **kw)
venv\Lib\site-packages\sqlalchemy\orm\session.py:1288: in _prepare_impl
    self.session.flush()
venv\Lib\site-packages\sqlalchemy\orm\session.py:4352: in flush
    self._flush(objects)
venv\Lib\site-packages\sqlalchemy\orm\session.py:4487: in _flush
    with util.safe_reraise():
venv\Lib\site-packages\sqlalchemy\util\langhelpers.py:146: in __exit__
    raise exc_value.with_traceback(exc_tb)
venv\Lib\site-packages\sqlalchemy\orm\session.py:4448: in _flush
    flush_context.execute()
venv\Lib\site-packages\sqlalchemy\orm\unitofwork.py:466: in execute
    rec.execute(self)
venv\Lib\site-packages\sqlalchemy\orm\unitofwork.py:642: in execute
    util.preloaded.orm_persistence.save_obj(
venv\Lib\site-packages\sqlalchemy\orm\persistence.py:93: in save_obj
    _emit_insert_statements(
venv\Lib\site-packages\sqlalchemy\orm\persistence.py:1233: in _emit_insert_statements
    result = connection.execute(
venv\Lib\site-packages\sqlalchemy\engine\base.py:1418: in execute
    return meth(
venv\Lib\site-packages\sqlalchemy\sql\elements.py:515: in _execute_on_connection
    return connection._execute_clauseelement(
venv\Lib\site-packages\sqlalchemy\engine\base.py:1640: in _execute_clauseelement
    ret = self._execute_context(
venv\Lib\site-packages\sqlalchemy\engine\base.py:1846: in _execute_context
    return self._exec_single_context(
venv\Lib\site-packages\sqlalchemy\engine\base.py:1986: in _exec_single_context
    self._handle_dbapi_exception(
venv\Lib\site-packages\sqlalchemy\engine\base.py:2355: in _handle_dbapi_exception
    raise sqlalchemy_exception.with_traceback(exc_info[2]) from e
venv\Lib\site-packages\sqlalchemy\engine\base.py:1967: in _exec_single_context
    self.dialect.do_execute(
_ _ _ _ _ _ _ _ _ _ _ _ _ _ _ _ _ _ _ _ _ _ _ _ _ _ _ _ _ _ _ _ _ _ _ _ _ _ _ _

self = <sqlalchemy.dialects.sqlite.pysqlite.SQLiteDialect_pysqlite object at 0x00000258852EA750>
cursor = <sqlite3.Cursor object at 0x000002588E2E37C0>
statement = 'INSERT INTO investigation_sessions (id, session_name, created_at, updated_at, active_study_id, active_patient_id, investigation_context, conversation_history, session_summary, status) VALUES (?, ?, ?, ?, ?, ?, ?, ?, ?, ?)'
parameters = ('7f291fe91c1949e4a6b480d5ee7716f0', 'Investigation 2026-06-08 11:20', '2026-06-08 11:20:12.268472', '2026-06-08 11:20:12.268472', None, None, ...)
context = <sqlalchemy.dialects.sqlite.base.SQLiteExecutionContext object at 0x0000025887CDEAD0>

    def do_execute(self, cursor, statement, parameters, context=None):
>       cursor.execute(statement, parameters)
E       sqlalchemy.exc.OperationalError: (sqlite3.OperationalError) no such table: investigation_sessions
E       [SQL: INSERT INTO investigation_sessions (id, session_name, created_at, updated_at, active_study_id, active_patient_id, investigation_context, conversation_history, session_summary, status) VALUES (?, ?, ?, ?, ?, ?, ?, ?, ?, ?)]
E       [parameters: ('7f291fe91c1949e4a6b480d5ee7716f0', 'Investigation 2026-06-08 11:20', '2026-06-08 11:20:12.268472', '2026-06-08 11:20:12.268472', None, None, '{}', '[]', None, 'active')]
E       (Background on this error at: https://sqlalche.me/e/20/e3q8)

venv\Lib\site-packages\sqlalchemy\engine\default.py:941: OperationalError
___________________ TestLongTermMemory.test_update_context ____________________

self = <sqlalchemy.engine.base.Connection object at 0x0000025888DFD210>
dialect = <sqlalchemy.dialects.sqlite.pysqlite.SQLiteDialect_pysqlite object at 0x00000258852EA750>
context = <sqlalchemy.dialects.sqlite.base.SQLiteExecutionContext object at 0x0000025888DFD750>
statement = <sqlalchemy.dialects.sqlite.base.SQLiteCompiler object at 0x0000025885C1F010>
parameters = [('a7c3fa5900e04f94a405856dc4eda520', 'Investigation 2026-06-08 11:20', '2026-06-08 11:20:12.768500', '2026-06-08 11:20:12.768500', None, None, ...)]

    def _exec_single_context(
        self,
        dialect: Dialect,
        context: ExecutionContext,
        statement: Union[str, Compiled],
        parameters: Optional[_AnyMultiExecuteParams],
    ) -> CursorResult[Any]:
        """continue the _execute_context() method for a single DBAPI
        cursor.execute() or cursor.executemany() call.
    
        """
        if dialect.bind_typing is BindTyping.SETINPUTSIZES:
            generic_setinputsizes = context._prepare_set_input_sizes()
    
            if generic_setinputsizes:
                try:
                    dialect.do_set_input_sizes(
                        context.cursor, generic_setinputsizes, context
                    )
                except BaseException as e:
                    self._handle_dbapi_exception(
                        e, str(statement), parameters, None, context
                    )
    
        cursor, str_statement, parameters = (
            context.cursor,
            context.statement,
            context.parameters,
        )
    
        effective_parameters: Optional[_AnyExecuteParams]
    
        if not context.executemany:
            effective_parameters = parameters[0]
        else:
            effective_parameters = parameters
    
        if self._has_events or self.engine._has_events:
            for fn in self.dispatch.before_cursor_execute:
                str_statement, effective_parameters = fn(
                    self,
                    cursor,
                    str_statement,
                    effective_parameters,
                    context,
                    context.executemany,
                )
    
        if self._echo:
            self._log_info(str_statement)
    
            stats = context._get_cache_stats()
    
            if not self.engine.hide_parameters:
                self._log_info(
                    "[%s] %r",
                    stats,
                    sql_util._repr_params(
                        effective_parameters,
                        batches=10,
                        ismulti=context.executemany,
                    ),
                )
            else:
                self._log_info(
                    "[%s] [SQL parameters hidden due to hide_parameters=True]",
                    stats,
                )
    
        evt_handled: bool = False
        try:
            if context.execute_style is ExecuteStyle.EXECUTEMANY:
                effective_parameters = cast(
                    "_CoreMultiExecuteParams", effective_parameters
                )
                if self.dialect._has_events:
                    for fn in self.dialect.dispatch.do_executemany:
                        if fn(
                            cursor,
                            str_statement,
                            effective_parameters,
                            context,
                        ):
                            evt_handled = True
                            break
                if not evt_handled:
                    self.dialect.do_executemany(
                        cursor,
                        str_statement,
                        effective_parameters,
                        context,
                    )
            elif not effective_parameters and context.no_parameters:
                if self.dialect._has_events:
                    for fn in self.dialect.dispatch.do_execute_no_params:
                        if fn(cursor, str_statement, context):
                            evt_handled = True
                            break
                if not evt_handled:
                    self.dialect.do_execute_no_params(
                        cursor, str_statement, context
                    )
            else:
                effective_parameters = cast(
                    "_CoreSingleExecuteParams", effective_parameters
                )
                if self.dialect._has_events:
                    for fn in self.dialect.dispatch.do_execute:
                        if fn(
                            cursor,
                            str_statement,
                            effective_parameters,
                            context,
                        ):
                            evt_handled = True
                            break
                if not evt_handled:
>                   self.dialect.do_execute(
                        cursor, str_statement, effective_parameters, context
                    )

venv\Lib\site-packages\sqlalchemy\engine\base.py:1967: 
_ _ _ _ _ _ _ _ _ _ _ _ _ _ _ _ _ _ _ _ _ _ _ _ _ _ _ _ _ _ _ _ _ _ _ _ _ _ _ _

self = <sqlalchemy.dialects.sqlite.pysqlite.SQLiteDialect_pysqlite object at 0x00000258852EA750>
cursor = <sqlite3.Cursor object at 0x00000258885A5C40>
statement = 'INSERT INTO investigation_sessions (id, session_name, created_at, updated_at, active_study_id, active_patient_id, investigation_context, conversation_history, session_summary, status) VALUES (?, ?, ?, ?, ?, ?, ?, ?, ?, ?)'
parameters = ('a7c3fa5900e04f94a405856dc4eda520', 'Investigation 2026-06-08 11:20', '2026-06-08 11:20:12.768500', '2026-06-08 11:20:12.768500', None, None, ...)
context = <sqlalchemy.dialects.sqlite.base.SQLiteExecutionContext object at 0x0000025888DFD750>

    def do_execute(self, cursor, statement, parameters, context=None):
>       cursor.execute(statement, parameters)
E       sqlite3.OperationalError: no such table: investigation_sessions

venv\Lib\site-packages\sqlalchemy\engine\default.py:941: OperationalError

The above exception was the direct cause of the following exception:

self = <tests.test_memory.TestLongTermMemory object at 0x0000025885B1AF50>
db_session = <sqlalchemy.orm.session.Session object at 0x0000025888DFCE90>

    def test_update_context(self, db_session):
        lt = LongTermMemory(db_session)
>       session = lt.create_session()

tests\test_memory.py:57: 
_ _ _ _ _ _ _ _ _ _ _ _ _ _ _ _ _ _ _ _ _ _ _ _ _ _ _ _ _ _ _ _ _ _ _ _ _ _ _ _
src\memory\long_term.py:50: in create_session
    self.db.commit()
venv\Lib\site-packages\sqlalchemy\orm\session.py:2028: in commit
    trans.commit(_to_root=True)
<string>:2: in commit
    ???
venv\Lib\site-packages\sqlalchemy\orm\state_changes.py:139: in _go
    ret_value = fn(self, *arg, **kw)
venv\Lib\site-packages\sqlalchemy\orm\session.py:1313: in commit
    self._prepare_impl()
<string>:2: in _prepare_impl
    ???
venv\Lib\site-packages\sqlalchemy\orm\state_changes.py:139: in _go
    ret_value = fn(self, *arg, **kw)
venv\Lib\site-packages\sqlalchemy\orm\session.py:1288: in _prepare_impl
    self.session.flush()
venv\Lib\site-packages\sqlalchemy\orm\session.py:4352: in flush
    self._flush(objects)
venv\Lib\site-packages\sqlalchemy\orm\session.py:4487: in _flush
    with util.safe_reraise():
venv\Lib\site-packages\sqlalchemy\util\langhelpers.py:146: in __exit__
    raise exc_value.with_traceback(exc_tb)
venv\Lib\site-packages\sqlalchemy\orm\session.py:4448: in _flush
    flush_context.execute()
venv\Lib\site-packages\sqlalchemy\orm\unitofwork.py:466: in execute
    rec.execute(self)
venv\Lib\site-packages\sqlalchemy\orm\unitofwork.py:642: in execute
    util.preloaded.orm_persistence.save_obj(
venv\Lib\site-packages\sqlalchemy\orm\persistence.py:93: in save_obj
    _emit_insert_statements(
venv\Lib\site-packages\sqlalchemy\orm\persistence.py:1233: in _emit_insert_statements
    result = connection.execute(
venv\Lib\site-packages\sqlalchemy\engine\base.py:1418: in execute
    return meth(
venv\Lib\site-packages\sqlalchemy\sql\elements.py:515: in _execute_on_connection
    return connection._execute_clauseelement(
venv\Lib\site-packages\sqlalchemy\engine\base.py:1640: in _execute_clauseelement
    ret = self._execute_context(
venv\Lib\site-packages\sqlalchemy\engine\base.py:1846: in _execute_context
    return self._exec_single_context(
venv\Lib\site-packages\sqlalchemy\engine\base.py:1986: in _exec_single_context
    self._handle_dbapi_exception(
venv\Lib\site-packages\sqlalchemy\engine\base.py:2355: in _handle_dbapi_exception
    raise sqlalchemy_exception.with_traceback(exc_info[2]) from e
venv\Lib\site-packages\sqlalchemy\engine\base.py:1967: in _exec_single_context
    self.dialect.do_execute(
_ _ _ _ _ _ _ _ _ _ _ _ _ _ _ _ _ _ _ _ _ _ _ _ _ _ _ _ _ _ _ _ _ _ _ _ _ _ _ _

self = <sqlalchemy.dialects.sqlite.pysqlite.SQLiteDialect_pysqlite object at 0x00000258852EA750>
cursor = <sqlite3.Cursor object at 0x00000258885A5C40>
statement = 'INSERT INTO investigation_sessions (id, session_name, created_at, updated_at, active_study_id, active_patient_id, investigation_context, conversation_history, session_summary, status) VALUES (?, ?, ?, ?, ?, ?, ?, ?, ?, ?)'
parameters = ('a7c3fa5900e04f94a405856dc4eda520', 'Investigation 2026-06-08 11:20', '2026-06-08 11:20:12.768500', '2026-06-08 11:20:12.768500', None, None, ...)
context = <sqlalchemy.dialects.sqlite.base.SQLiteExecutionContext object at 0x0000025888DFD750>

    def do_execute(self, cursor, statement, parameters, context=None):
>       cursor.execute(statement, parameters)
E       sqlalchemy.exc.OperationalError: (sqlite3.OperationalError) no such table: investigation_sessions
E       [SQL: INSERT INTO investigation_sessions (id, session_name, created_at, updated_at, active_study_id, active_patient_id, investigation_context, conversation_history, session_summary, status) VALUES (?, ?, ?, ?, ?, ?, ?, ?, ?, ?)]
E       [parameters: ('a7c3fa5900e04f94a405856dc4eda520', 'Investigation 2026-06-08 11:20', '2026-06-08 11:20:12.768500', '2026-06-08 11:20:12.768500', None, None, '{}', '[]', None, 'active')]
E       (Background on this error at: https://sqlalche.me/e/20/e3q8)

venv\Lib\site-packages\sqlalchemy\engine\default.py:941: OperationalError
_____________ TestLongTermMemory.test_auto_context_from_entities ______________

self = <sqlalchemy.engine.base.Connection object at 0x0000025887256D10>
dialect = <sqlalchemy.dialects.sqlite.pysqlite.SQLiteDialect_pysqlite object at 0x00000258852EA750>
context = <sqlalchemy.dialects.sqlite.base.SQLiteExecutionContext object at 0x0000025887254DD0>
statement = <sqlalchemy.dialects.sqlite.base.SQLiteCompiler object at 0x0000025885C1F010>
parameters = [('54e896785a324ce9a93bd23dbd5ed253', 'Investigation 2026-06-08 11:20', '2026-06-08 11:20:13.302606', '2026-06-08 11:20:13.302606', None, None, ...)]

    def _exec_single_context(
        self,
        dialect: Dialect,
        context: ExecutionContext,
        statement: Union[str, Compiled],
        parameters: Optional[_AnyMultiExecuteParams],
    ) -> CursorResult[Any]:
        """continue the _execute_context() method for a single DBAPI
        cursor.execute() or cursor.executemany() call.
    
        """
        if dialect.bind_typing is BindTyping.SETINPUTSIZES:
            generic_setinputsizes = context._prepare_set_input_sizes()
    
            if generic_setinputsizes:
                try:
                    dialect.do_set_input_sizes(
                        context.cursor, generic_setinputsizes, context
                    )
                except BaseException as e:
                    self._handle_dbapi_exception(
                        e, str(statement), parameters, None, context
                    )
    
        cursor, str_statement, parameters = (
            context.cursor,
            context.statement,
            context.parameters,
        )
    
        effective_parameters: Optional[_AnyExecuteParams]
    
        if not context.executemany:
            effective_parameters = parameters[0]
        else:
            effective_parameters = parameters
    
        if self._has_events or self.engine._has_events:
            for fn in self.dispatch.before_cursor_execute:
                str_statement, effective_parameters = fn(
                    self,
                    cursor,
                    str_statement,
                    effective_parameters,
                    context,
                    context.executemany,
                )
    
        if self._echo:
            self._log_info(str_statement)
    
            stats = context._get_cache_stats()
    
            if not self.engine.hide_parameters:
                self._log_info(
                    "[%s] %r",
                    stats,
                    sql_util._repr_params(
                        effective_parameters,
                        batches=10,
                        ismulti=context.executemany,
                    ),
                )
            else:
                self._log_info(
                    "[%s] [SQL parameters hidden due to hide_parameters=True]",
                    stats,
                )
    
        evt_handled: bool = False
        try:
            if context.execute_style is ExecuteStyle.EXECUTEMANY:
                effective_parameters = cast(
                    "_CoreMultiExecuteParams", effective_parameters
                )
                if self.dialect._has_events:
                    for fn in self.dialect.dispatch.do_executemany:
                        if fn(
                            cursor,
                            str_statement,
                            effective_parameters,
                            context,
                        ):
                            evt_handled = True
                            break
                if not evt_handled:
                    self.dialect.do_executemany(
                        cursor,
                        str_statement,
                        effective_parameters,
                        context,
                    )
            elif not effective_parameters and context.no_parameters:
                if self.dialect._has_events:
                    for fn in self.dialect.dispatch.do_execute_no_params:
                        if fn(cursor, str_statement, context):
                            evt_handled = True
                            break
                if not evt_handled:
                    self.dialect.do_execute_no_params(
                        cursor, str_statement, context
                    )
            else:
                effective_parameters = cast(
                    "_CoreSingleExecuteParams", effective_parameters
                )
                if self.dialect._has_events:
                    for fn in self.dialect.dispatch.do_execute:
                        if fn(
                            cursor,
                            str_statement,
                            effective_parameters,
                            context,
                        ):
                            evt_handled = True
                            break
                if not evt_handled:
>                   self.dialect.do_execute(
                        cursor, str_statement, effective_parameters, context
                    )

venv\Lib\site-packages\sqlalchemy\engine\base.py:1967: 
_ _ _ _ _ _ _ _ _ _ _ _ _ _ _ _ _ _ _ _ _ _ _ _ _ _ _ _ _ _ _ _ _ _ _ _ _ _ _ _

self = <sqlalchemy.dialects.sqlite.pysqlite.SQLiteDialect_pysqlite object at 0x00000258852EA750>
cursor = <sqlite3.Cursor object at 0x000002588893C7C0>
statement = 'INSERT INTO investigation_sessions (id, session_name, created_at, updated_at, active_study_id, active_patient_id, investigation_context, conversation_history, session_summary, status) VALUES (?, ?, ?, ?, ?, ?, ?, ?, ?, ?)'
parameters = ('54e896785a324ce9a93bd23dbd5ed253', 'Investigation 2026-06-08 11:20', '2026-06-08 11:20:13.302606', '2026-06-08 11:20:13.302606', None, None, ...)
context = <sqlalchemy.dialects.sqlite.base.SQLiteExecutionContext object at 0x0000025887254DD0>

    def do_execute(self, cursor, statement, parameters, context=None):
>       cursor.execute(statement, parameters)
E       sqlite3.OperationalError: no such table: investigation_sessions

venv\Lib\site-packages\sqlalchemy\engine\default.py:941: OperationalError

The above exception was the direct cause of the following exception:

self = <tests.test_memory.TestLongTermMemory object at 0x0000025885B1B610>
db_session = <sqlalchemy.orm.session.Session object at 0x00000258883E5490>

    def test_auto_context_from_entities(self, db_session):
        lt = LongTermMemory(db_session)
>       session = lt.create_session()

tests\test_memory.py:68: 
_ _ _ _ _ _ _ _ _ _ _ _ _ _ _ _ _ _ _ _ _ _ _ _ _ _ _ _ _ _ _ _ _ _ _ _ _ _ _ _
src\memory\long_term.py:50: in create_session
    self.db.commit()
venv\Lib\site-packages\sqlalchemy\orm\session.py:2028: in commit
    trans.commit(_to_root=True)
<string>:2: in commit
    ???
venv\Lib\site-packages\sqlalchemy\orm\state_changes.py:139: in _go
    ret_value = fn(self, *arg, **kw)
venv\Lib\site-packages\sqlalchemy\orm\session.py:1313: in commit
    self._prepare_impl()
<string>:2: in _prepare_impl
    ???
venv\Lib\site-packages\sqlalchemy\orm\state_changes.py:139: in _go
    ret_value = fn(self, *arg, **kw)
venv\Lib\site-packages\sqlalchemy\orm\session.py:1288: in _prepare_impl
    self.session.flush()
venv\Lib\site-packages\sqlalchemy\orm\session.py:4352: in flush
    self._flush(objects)
venv\Lib\site-packages\sqlalchemy\orm\session.py:4487: in _flush
    with util.safe_reraise():
venv\Lib\site-packages\sqlalchemy\util\langhelpers.py:146: in __exit__
    raise exc_value.with_traceback(exc_tb)
venv\Lib\site-packages\sqlalchemy\orm\session.py:4448: in _flush
    flush_context.execute()
venv\Lib\site-packages\sqlalchemy\orm\unitofwork.py:466: in execute
    rec.execute(self)
venv\Lib\site-packages\sqlalchemy\orm\unitofwork.py:642: in execute
    util.preloaded.orm_persistence.save_obj(
venv\Lib\site-packages\sqlalchemy\orm\persistence.py:93: in save_obj
    _emit_insert_statements(
venv\Lib\site-packages\sqlalchemy\orm\persistence.py:1233: in _emit_insert_statements
    result = connection.execute(
venv\Lib\site-packages\sqlalchemy\engine\base.py:1418: in execute
    return meth(
venv\Lib\site-packages\sqlalchemy\sql\elements.py:515: in _execute_on_connection
    return connection._execute_clauseelement(
venv\Lib\site-packages\sqlalchemy\engine\base.py:1640: in _execute_clauseelement
    ret = self._execute_context(
venv\Lib\site-packages\sqlalchemy\engine\base.py:1846: in _execute_context
    return self._exec_single_context(
venv\Lib\site-packages\sqlalchemy\engine\base.py:1986: in _exec_single_context
    self._handle_dbapi_exception(
venv\Lib\site-packages\sqlalchemy\engine\base.py:2355: in _handle_dbapi_exception
    raise sqlalchemy_exception.with_traceback(exc_info[2]) from e
venv\Lib\site-packages\sqlalchemy\engine\base.py:1967: in _exec_single_context
    self.dialect.do_execute(
_ _ _ _ _ _ _ _ _ _ _ _ _ _ _ _ _ _ _ _ _ _ _ _ _ _ _ _ _ _ _ _ _ _ _ _ _ _ _ _

self = <sqlalchemy.dialects.sqlite.pysqlite.SQLiteDialect_pysqlite object at 0x00000258852EA750>
cursor = <sqlite3.Cursor object at 0x000002588893C7C0>
statement = 'INSERT INTO investigation_sessions (id, session_name, created_at, updated_at, active_study_id, active_patient_id, investigation_context, conversation_history, session_summary, status) VALUES (?, ?, ?, ?, ?, ?, ?, ?, ?, ?)'
parameters = ('54e896785a324ce9a93bd23dbd5ed253', 'Investigation 2026-06-08 11:20', '2026-06-08 11:20:13.302606', '2026-06-08 11:20:13.302606', None, None, ...)
context = <sqlalchemy.dialects.sqlite.base.SQLiteExecutionContext object at 0x0000025887254DD0>

    def do_execute(self, cursor, statement, parameters, context=None):
>       cursor.execute(statement, parameters)
E       sqlalchemy.exc.OperationalError: (sqlite3.OperationalError) no such table: investigation_sessions
E       [SQL: INSERT INTO investigation_sessions (id, session_name, created_at, updated_at, active_study_id, active_patient_id, investigation_context, conversation_history, session_summary, status) VALUES (?, ?, ?, ?, ?, ?, ?, ?, ?, ?)]
E       [parameters: ('54e896785a324ce9a93bd23dbd5ed253', 'Investigation 2026-06-08 11:20', '2026-06-08 11:20:13.302606', '2026-06-08 11:20:13.302606', None, None, '{}', '[]', None, 'active')]
E       (Background on this error at: https://sqlalche.me/e/20/e3q8)

venv\Lib\site-packages\sqlalchemy\engine\default.py:941: OperationalError
____________________ TestLongTermMemory.test_list_sessions ____________________

self = <sqlalchemy.engine.base.Connection object at 0x0000025888CC0F10>
dialect = <sqlalchemy.dialects.sqlite.pysqlite.SQLiteDialect_pysqlite object at 0x00000258852EA750>
context = <sqlalchemy.dialects.sqlite.base.SQLiteExecutionContext object at 0x0000025888CC3950>
statement = <sqlalchemy.dialects.sqlite.base.SQLiteCompiler object at 0x0000025885C1F010>
parameters = [('1ae371a288bd415c8dd9b7f1cf89f41e', 'Session A', '2026-06-08 11:20:13.772372', '2026-06-08 11:20:13.772372', None, None, ...)]

    def _exec_single_context(
        self,
        dialect: Dialect,
        context: ExecutionContext,
        statement: Union[str, Compiled],
        parameters: Optional[_AnyMultiExecuteParams],
    ) -> CursorResult[Any]:
        """continue the _execute_context() method for a single DBAPI
        cursor.execute() or cursor.executemany() call.
    
        """
        if dialect.bind_typing is BindTyping.SETINPUTSIZES:
            generic_setinputsizes = context._prepare_set_input_sizes()
    
            if generic_setinputsizes:
                try:
                    dialect.do_set_input_sizes(
                        context.cursor, generic_setinputsizes, context
                    )
                except BaseException as e:
                    self._handle_dbapi_exception(
                        e, str(statement), parameters, None, context
                    )
    
        cursor, str_statement, parameters = (
            context.cursor,
            context.statement,
            context.parameters,
        )
    
        effective_parameters: Optional[_AnyExecuteParams]
    
        if not context.executemany:
            effective_parameters = parameters[0]
        else:
            effective_parameters = parameters
    
        if self._has_events or self.engine._has_events:
            for fn in self.dispatch.before_cursor_execute:
                str_statement, effective_parameters = fn(
                    self,
                    cursor,
                    str_statement,
                    effective_parameters,
                    context,
                    context.executemany,
                )
    
        if self._echo:
            self._log_info(str_statement)
    
            stats = context._get_cache_stats()
    
            if not self.engine.hide_parameters:
                self._log_info(
                    "[%s] %r",
                    stats,
                    sql_util._repr_params(
                        effective_parameters,
                        batches=10,
                        ismulti=context.executemany,
                    ),
                )
            else:
                self._log_info(
                    "[%s] [SQL parameters hidden due to hide_parameters=True]",
                    stats,
                )
    
        evt_handled: bool = False
        try:
            if context.execute_style is ExecuteStyle.EXECUTEMANY:
                effective_parameters = cast(
                    "_CoreMultiExecuteParams", effective_parameters
                )
                if self.dialect._has_events:
                    for fn in self.dialect.dispatch.do_executemany:
                        if fn(
                            cursor,
                            str_statement,
                            effective_parameters,
                            context,
                        ):
                            evt_handled = True
                            break
                if not evt_handled:
                    self.dialect.do_executemany(
                        cursor,
                        str_statement,
                        effective_parameters,
                        context,
                    )
            elif not effective_parameters and context.no_parameters:
                if self.dialect._has_events:
                    for fn in self.dialect.dispatch.do_execute_no_params:
                        if fn(cursor, str_statement, context):
                            evt_handled = True
                            break
                if not evt_handled:
                    self.dialect.do_execute_no_params(
                        cursor, str_statement, context
                    )
            else:
                effective_parameters = cast(
                    "_CoreSingleExecuteParams", effective_parameters
                )
                if self.dialect._has_events:
                    for fn in self.dialect.dispatch.do_execute:
                        if fn(
                            cursor,
                            str_statement,
                            effective_parameters,
                            context,
                        ):
                            evt_handled = True
                            break
                if not evt_handled:
>                   self.dialect.do_execute(
                        cursor, str_statement, effective_parameters, context
                    )

venv\Lib\site-packages\sqlalchemy\engine\base.py:1967: 
_ _ _ _ _ _ _ _ _ _ _ _ _ _ _ _ _ _ _ _ _ _ _ _ _ _ _ _ _ _ _ _ _ _ _ _ _ _ _ _

self = <sqlalchemy.dialects.sqlite.pysqlite.SQLiteDialect_pysqlite object at 0x00000258852EA750>
cursor = <sqlite3.Cursor object at 0x00000258889B9EC0>
statement = 'INSERT INTO investigation_sessions (id, session_name, created_at, updated_at, active_study_id, active_patient_id, investigation_context, conversation_history, session_summary, status) VALUES (?, ?, ?, ?, ?, ?, ?, ?, ?, ?)'
parameters = ('1ae371a288bd415c8dd9b7f1cf89f41e', 'Session A', '2026-06-08 11:20:13.772372', '2026-06-08 11:20:13.772372', None, None, ...)
context = <sqlalchemy.dialects.sqlite.base.SQLiteExecutionContext object at 0x0000025888CC3950>

    def do_execute(self, cursor, statement, parameters, context=None):
>       cursor.execute(statement, parameters)
E       sqlite3.OperationalError: no such table: investigation_sessions

venv\Lib\site-packages\sqlalchemy\engine\default.py:941: OperationalError

The above exception was the direct cause of the following exception:

self = <tests.test_memory.TestLongTermMemory object at 0x0000025885B1BC90>
db_session = <sqlalchemy.orm.session.Session object at 0x0000025888768910>

    def test_list_sessions(self, db_session):
        lt = LongTermMemory(db_session)
>       lt.create_session("Session A")

tests\test_memory.py:85: 
_ _ _ _ _ _ _ _ _ _ _ _ _ _ _ _ _ _ _ _ _ _ _ _ _ _ _ _ _ _ _ _ _ _ _ _ _ _ _ _
src\memory\long_term.py:50: in create_session
    self.db.commit()
venv\Lib\site-packages\sqlalchemy\orm\session.py:2028: in commit
    trans.commit(_to_root=True)
<string>:2: in commit
    ???
venv\Lib\site-packages\sqlalchemy\orm\state_changes.py:139: in _go
    ret_value = fn(self, *arg, **kw)
venv\Lib\site-packages\sqlalchemy\orm\session.py:1313: in commit
    self._prepare_impl()
<string>:2: in _prepare_impl
    ???
venv\Lib\site-packages\sqlalchemy\orm\state_changes.py:139: in _go
    ret_value = fn(self, *arg, **kw)
venv\Lib\site-packages\sqlalchemy\orm\session.py:1288: in _prepare_impl
    self.session.flush()
venv\Lib\site-packages\sqlalchemy\orm\session.py:4352: in flush
    self._flush(objects)
venv\Lib\site-packages\sqlalchemy\orm\session.py:4487: in _flush
    with util.safe_reraise():
venv\Lib\site-packages\sqlalchemy\util\langhelpers.py:146: in __exit__
    raise exc_value.with_traceback(exc_tb)
venv\Lib\site-packages\sqlalchemy\orm\session.py:4448: in _flush
    flush_context.execute()
venv\Lib\site-packages\sqlalchemy\orm\unitofwork.py:466: in execute
    rec.execute(self)
venv\Lib\site-packages\sqlalchemy\orm\unitofwork.py:642: in execute
    util.preloaded.orm_persistence.save_obj(
venv\Lib\site-packages\sqlalchemy\orm\persistence.py:93: in save_obj
    _emit_insert_statements(
venv\Lib\site-packages\sqlalchemy\orm\persistence.py:1233: in _emit_insert_statements
    result = connection.execute(
venv\Lib\site-packages\sqlalchemy\engine\base.py:1418: in execute
    return meth(
venv\Lib\site-packages\sqlalchemy\sql\elements.py:515: in _execute_on_connection
    return connection._execute_clauseelement(
venv\Lib\site-packages\sqlalchemy\engine\base.py:1640: in _execute_clauseelement
    ret = self._execute_context(
venv\Lib\site-packages\sqlalchemy\engine\base.py:1846: in _execute_context
    return self._exec_single_context(
venv\Lib\site-packages\sqlalchemy\engine\base.py:1986: in _exec_single_context
    self._handle_dbapi_exception(
venv\Lib\site-packages\sqlalchemy\engine\base.py:2355: in _handle_dbapi_exception
    raise sqlalchemy_exception.with_traceback(exc_info[2]) from e
venv\Lib\site-packages\sqlalchemy\engine\base.py:1967: in _exec_single_context
    self.dialect.do_execute(
_ _ _ _ _ _ _ _ _ _ _ _ _ _ _ _ _ _ _ _ _ _ _ _ _ _ _ _ _ _ _ _ _ _ _ _ _ _ _ _

self = <sqlalchemy.dialects.sqlite.pysqlite.SQLiteDialect_pysqlite object at 0x00000258852EA750>
cursor = <sqlite3.Cursor object at 0x00000258889B9EC0>
statement = 'INSERT INTO investigation_sessions (id, session_name, created_at, updated_at, active_study_id, active_patient_id, investigation_context, conversation_history, session_summary, status) VALUES (?, ?, ?, ?, ?, ?, ?, ?, ?, ?)'
parameters = ('1ae371a288bd415c8dd9b7f1cf89f41e', 'Session A', '2026-06-08 11:20:13.772372', '2026-06-08 11:20:13.772372', None, None, ...)
context = <sqlalchemy.dialects.sqlite.base.SQLiteExecutionContext object at 0x0000025888CC3950>

    def do_execute(self, cursor, statement, parameters, context=None):
>       cursor.execute(statement, parameters)
E       sqlalchemy.exc.OperationalError: (sqlite3.OperationalError) no such table: investigation_sessions
E       [SQL: INSERT INTO investigation_sessions (id, session_name, created_at, updated_at, active_study_id, active_patient_id, investigation_context, conversation_history, session_summary, status) VALUES (?, ?, ?, ?, ?, ?, ?, ?, ?, ?)]
E       [parameters: ('1ae371a288bd415c8dd9b7f1cf89f41e', 'Session A', '2026-06-08 11:20:13.772372', '2026-06-08 11:20:13.772372', None, None, '{}', '[]', None, 'active')]
E       (Background on this error at: https://sqlalche.me/e/20/e3q8)

venv\Lib\site-packages\sqlalchemy\engine\default.py:941: OperationalError
___________________ TestLongTermMemory.test_archive_session ___________________

self = <sqlalchemy.engine.base.Connection object at 0x0000025887ADE790>
dialect = <sqlalchemy.dialects.sqlite.pysqlite.SQLiteDialect_pysqlite object at 0x00000258852EA750>
context = <sqlalchemy.dialects.sqlite.base.SQLiteExecutionContext object at 0x0000025888B5AC10>
statement = <sqlalchemy.dialects.sqlite.base.SQLiteCompiler object at 0x0000025885C1F010>
parameters = [('c82be9baf52540a282085116151c239d', 'To Archive', '2026-06-08 11:20:14.164207', '2026-06-08 11:20:14.164207', None, None, ...)]

    def _exec_single_context(
        self,
        dialect: Dialect,
        context: ExecutionContext,
        statement: Union[str, Compiled],
        parameters: Optional[_AnyMultiExecuteParams],
    ) -> CursorResult[Any]:
        """continue the _execute_context() method for a single DBAPI
        cursor.execute() or cursor.executemany() call.
    
        """
        if dialect.bind_typing is BindTyping.SETINPUTSIZES:
            generic_setinputsizes = context._prepare_set_input_sizes()
    
            if generic_setinputsizes:
                try:
                    dialect.do_set_input_sizes(
                        context.cursor, generic_setinputsizes, context
                    )
                except BaseException as e:
                    self._handle_dbapi_exception(
                        e, str(statement), parameters, None, context
                    )
    
        cursor, str_statement, parameters = (
            context.cursor,
            context.statement,
            context.parameters,
        )
    
        effective_parameters: Optional[_AnyExecuteParams]
    
        if not context.executemany:
            effective_parameters = parameters[0]
        else:
            effective_parameters = parameters
    
        if self._has_events or self.engine._has_events:
            for fn in self.dispatch.before_cursor_execute:
                str_statement, effective_parameters = fn(
                    self,
                    cursor,
                    str_statement,
                    effective_parameters,
                    context,
                    context.executemany,
                )
    
        if self._echo:
            self._log_info(str_statement)
    
            stats = context._get_cache_stats()
    
            if not self.engine.hide_parameters:
                self._log_info(
                    "[%s] %r",
                    stats,
                    sql_util._repr_params(
                        effective_parameters,
                        batches=10,
                        ismulti=context.executemany,
                    ),
                )
            else:
                self._log_info(
                    "[%s] [SQL parameters hidden due to hide_parameters=True]",
                    stats,
                )
    
        evt_handled: bool = False
        try:
            if context.execute_style is ExecuteStyle.EXECUTEMANY:
                effective_parameters = cast(
                    "_CoreMultiExecuteParams", effective_parameters
                )
                if self.dialect._has_events:
                    for fn in self.dialect.dispatch.do_executemany:
                        if fn(
                            cursor,
                            str_statement,
                            effective_parameters,
                            context,
                        ):
                            evt_handled = True
                            break
                if not evt_handled:
                    self.dialect.do_executemany(
                        cursor,
                        str_statement,
                        effective_parameters,
                        context,
                    )
            elif not effective_parameters and context.no_parameters:
                if self.dialect._has_events:
                    for fn in self.dialect.dispatch.do_execute_no_params:
                        if fn(cursor, str_statement, context):
                            evt_handled = True
                            break
                if not evt_handled:
                    self.dialect.do_execute_no_params(
                        cursor, str_statement, context
                    )
            else:
                effective_parameters = cast(
                    "_CoreSingleExecuteParams", effective_parameters
                )
                if self.dialect._has_events:
                    for fn in self.dialect.dispatch.do_execute:
                        if fn(
                            cursor,
                            str_statement,
                            effective_parameters,
                            context,
                        ):
                            evt_handled = True
                            break
                if not evt_handled:
>                   self.dialect.do_execute(
                        cursor, str_statement, effective_parameters, context
                    )

venv\Lib\site-packages\sqlalchemy\engine\base.py:1967: 
_ _ _ _ _ _ _ _ _ _ _ _ _ _ _ _ _ _ _ _ _ _ _ _ _ _ _ _ _ _ _ _ _ _ _ _ _ _ _ _

self = <sqlalchemy.dialects.sqlite.pysqlite.SQLiteDialect_pysqlite object at 0x00000258852EA750>
cursor = <sqlite3.Cursor object at 0x00000258885CE6C0>
statement = 'INSERT INTO investigation_sessions (id, session_name, created_at, updated_at, active_study_id, active_patient_id, investigation_context, conversation_history, session_summary, status) VALUES (?, ?, ?, ?, ?, ?, ?, ?, ?, ?)'
parameters = ('c82be9baf52540a282085116151c239d', 'To Archive', '2026-06-08 11:20:14.164207', '2026-06-08 11:20:14.164207', None, None, ...)
context = <sqlalchemy.dialects.sqlite.base.SQLiteExecutionContext object at 0x0000025888B5AC10>

    def do_execute(self, cursor, statement, parameters, context=None):
>       cursor.execute(statement, parameters)
E       sqlite3.OperationalError: no such table: investigation_sessions

venv\Lib\site-packages\sqlalchemy\engine\default.py:941: OperationalError

The above exception was the direct cause of the following exception:

self = <tests.test_memory.TestLongTermMemory object at 0x0000025885B24350>
db_session = <sqlalchemy.orm.session.Session object at 0x0000025885DFE790>

    def test_archive_session(self, db_session):
        lt = LongTermMemory(db_session)
>       session = lt.create_session("To Archive")

tests\test_memory.py:92: 
_ _ _ _ _ _ _ _ _ _ _ _ _ _ _ _ _ _ _ _ _ _ _ _ _ _ _ _ _ _ _ _ _ _ _ _ _ _ _ _
src\memory\long_term.py:50: in create_session
    self.db.commit()
venv\Lib\site-packages\sqlalchemy\orm\session.py:2028: in commit
    trans.commit(_to_root=True)
<string>:2: in commit
    ???
venv\Lib\site-packages\sqlalchemy\orm\state_changes.py:139: in _go
    ret_value = fn(self, *arg, **kw)
venv\Lib\site-packages\sqlalchemy\orm\session.py:1313: in commit
    self._prepare_impl()
<string>:2: in _prepare_impl
    ???
venv\Lib\site-packages\sqlalchemy\orm\state_changes.py:139: in _go
    ret_value = fn(self, *arg, **kw)
venv\Lib\site-packages\sqlalchemy\orm\session.py:1288: in _prepare_impl
    self.session.flush()
venv\Lib\site-packages\sqlalchemy\orm\session.py:4352: in flush
    self._flush(objects)
venv\Lib\site-packages\sqlalchemy\orm\session.py:4487: in _flush
    with util.safe_reraise():
venv\Lib\site-packages\sqlalchemy\util\langhelpers.py:146: in __exit__
    raise exc_value.with_traceback(exc_tb)
venv\Lib\site-packages\sqlalchemy\orm\session.py:4448: in _flush
    flush_context.execute()
venv\Lib\site-packages\sqlalchemy\orm\unitofwork.py:466: in execute
    rec.execute(self)
venv\Lib\site-packages\sqlalchemy\orm\unitofwork.py:642: in execute
    util.preloaded.orm_persistence.save_obj(
venv\Lib\site-packages\sqlalchemy\orm\persistence.py:93: in save_obj
    _emit_insert_statements(
venv\Lib\site-packages\sqlalchemy\orm\persistence.py:1233: in _emit_insert_statements
    result = connection.execute(
venv\Lib\site-packages\sqlalchemy\engine\base.py:1418: in execute
    return meth(
venv\Lib\site-packages\sqlalchemy\sql\elements.py:515: in _execute_on_connection
    return connection._execute_clauseelement(
venv\Lib\site-packages\sqlalchemy\engine\base.py:1640: in _execute_clauseelement
    ret = self._execute_context(
venv\Lib\site-packages\sqlalchemy\engine\base.py:1846: in _execute_context
    return self._exec_single_context(
venv\Lib\site-packages\sqlalchemy\engine\base.py:1986: in _exec_single_context
    self._handle_dbapi_exception(
venv\Lib\site-packages\sqlalchemy\engine\base.py:2355: in _handle_dbapi_exception
    raise sqlalchemy_exception.with_traceback(exc_info[2]) from e
venv\Lib\site-packages\sqlalchemy\engine\base.py:1967: in _exec_single_context
    self.dialect.do_execute(
_ _ _ _ _ _ _ _ _ _ _ _ _ _ _ _ _ _ _ _ _ _ _ _ _ _ _ _ _ _ _ _ _ _ _ _ _ _ _ _

self = <sqlalchemy.dialects.sqlite.pysqlite.SQLiteDialect_pysqlite object at 0x00000258852EA750>
cursor = <sqlite3.Cursor object at 0x00000258885CE6C0>
statement = 'INSERT INTO investigation_sessions (id, session_name, created_at, updated_at, active_study_id, active_patient_id, investigation_context, conversation_history, session_summary, status) VALUES (?, ?, ?, ?, ?, ?, ?, ?, ?, ?)'
parameters = ('c82be9baf52540a282085116151c239d', 'To Archive', '2026-06-08 11:20:14.164207', '2026-06-08 11:20:14.164207', None, None, ...)
context = <sqlalchemy.dialects.sqlite.base.SQLiteExecutionContext object at 0x0000025888B5AC10>

    def do_execute(self, cursor, statement, parameters, context=None):
>       cursor.execute(statement, parameters)
E       sqlalchemy.exc.OperationalError: (sqlite3.OperationalError) no such table: investigation_sessions
E       [SQL: INSERT INTO investigation_sessions (id, session_name, created_at, updated_at, active_study_id, active_patient_id, investigation_context, conversation_history, session_summary, status) VALUES (?, ?, ?, ?, ?, ?, ?, ?, ?, ?)]
E       [parameters: ('c82be9baf52540a282085116151c239d', 'To Archive', '2026-06-08 11:20:14.164207', '2026-06-08 11:20:14.164207', None, None, '{}', '[]', None, 'active')]
E       (Background on this error at: https://sqlalche.me/e/20/e3q8)

venv\Lib\site-packages\sqlalchemy\engine\default.py:941: OperationalError
_______________ TestSQLRetriever.test_empty_result_for_no_match _______________

self = <sqlalchemy.engine.base.Connection object at 0x0000025888B8C650>
dialect = <sqlalchemy.dialects.sqlite.pysqlite.SQLiteDialect_pysqlite object at 0x00000258852EA750>
context = <sqlalchemy.dialects.sqlite.base.SQLiteExecutionContext object at 0x0000025888B8DA50>
statement = <sqlalchemy.dialects.sqlite.base.SQLiteCompiler object at 0x0000025888B8DE50>
parameters = [('%NONEXISTENT99%', 50, 0)]

    def _exec_single_context(
        self,
        dialect: Dialect,
        context: ExecutionContext,
        statement: Union[str, Compiled],
        parameters: Optional[_AnyMultiExecuteParams],
    ) -> CursorResult[Any]:
        """continue the _execute_context() method for a single DBAPI
        cursor.execute() or cursor.executemany() call.
    
        """
        if dialect.bind_typing is BindTyping.SETINPUTSIZES:
            generic_setinputsizes = context._prepare_set_input_sizes()
    
            if generic_setinputsizes:
                try:
                    dialect.do_set_input_sizes(
                        context.cursor, generic_setinputsizes, context
                    )
                except BaseException as e:
                    self._handle_dbapi_exception(
                        e, str(statement), parameters, None, context
                    )
    
        cursor, str_statement, parameters = (
            context.cursor,
            context.statement,
            context.parameters,
        )
    
        effective_parameters: Optional[_AnyExecuteParams]
    
        if not context.executemany:
            effective_parameters = parameters[0]
        else:
            effective_parameters = parameters
    
        if self._has_events or self.engine._has_events:
            for fn in self.dispatch.before_cursor_execute:
                str_statement, effective_parameters = fn(
                    self,
                    cursor,
                    str_statement,
                    effective_parameters,
                    context,
                    context.executemany,
                )
    
        if self._echo:
            self._log_info(str_statement)
    
            stats = context._get_cache_stats()
    
            if not self.engine.hide_parameters:
                self._log_info(
                    "[%s] %r",
                    stats,
                    sql_util._repr_params(
                        effective_parameters,
                        batches=10,
                        ismulti=context.executemany,
                    ),
                )
            else:
                self._log_info(
                    "[%s] [SQL parameters hidden due to hide_parameters=True]",
                    stats,
                )
    
        evt_handled: bool = False
        try:
            if context.execute_style is ExecuteStyle.EXECUTEMANY:
                effective_parameters = cast(
                    "_CoreMultiExecuteParams", effective_parameters
                )
                if self.dialect._has_events:
                    for fn in self.dialect.dispatch.do_executemany:
                        if fn(
                            cursor,
                            str_statement,
                            effective_parameters,
                            context,
                        ):
                            evt_handled = True
                            break
                if not evt_handled:
                    self.dialect.do_executemany(
                        cursor,
                        str_statement,
                        effective_parameters,
                        context,
                    )
            elif not effective_parameters and context.no_parameters:
                if self.dialect._has_events:
                    for fn in self.dialect.dispatch.do_execute_no_params:
                        if fn(cursor, str_statement, context):
                            evt_handled = True
                            break
                if not evt_handled:
                    self.dialect.do_execute_no_params(
                        cursor, str_statement, context
                    )
            else:
                effective_parameters = cast(
                    "_CoreSingleExecuteParams", effective_parameters
                )
                if self.dialect._has_events:
                    for fn in self.dialect.dispatch.do_execute:
                        if fn(
                            cursor,
                            str_statement,
                            effective_parameters,
                            context,
                        ):
                            evt_handled = True
                            break
                if not evt_handled:
>                   self.dialect.do_execute(
                        cursor, str_statement, effective_parameters, context
                    )

venv\Lib\site-packages\sqlalchemy\engine\base.py:1967: 
_ _ _ _ _ _ _ _ _ _ _ _ _ _ _ _ _ _ _ _ _ _ _ _ _ _ _ _ _ _ _ _ _ _ _ _ _ _ _ _

self = <sqlalchemy.dialects.sqlite.pysqlite.SQLiteDialect_pysqlite object at 0x00000258852EA750>
cursor = <sqlite3.Cursor object at 0x0000025888B37BC0>
statement = 'SELECT adverse_events.id AS adverse_events_id, adverse_events.patient_id AS adverse_events_patient_id, adverse_events...adverse_events_created_at \nFROM adverse_events \nWHERE lower(adverse_events.studyid) LIKE lower(?)\n LIMIT ? OFFSET ?'
parameters = ('%NONEXISTENT99%', 50, 0)
context = <sqlalchemy.dialects.sqlite.base.SQLiteExecutionContext object at 0x0000025888B8DA50>

    def do_execute(self, cursor, statement, parameters, context=None):
>       cursor.execute(statement, parameters)
E       sqlite3.OperationalError: no such table: adverse_events

venv\Lib\site-packages\sqlalchemy\engine\default.py:941: OperationalError

The above exception was the direct cause of the following exception:

self = <tests.test_rag_pipeline.TestSQLRetriever object at 0x0000025885B25ED0>
db_session = <sqlalchemy.orm.session.Session object at 0x0000025888B8C310>

    def test_empty_result_for_no_match(self, db_session):
        """Non-matching query should return empty list gracefully."""
        from src.rag.sql_retriever import SQLRetriever
        retriever = SQLRetriever(db_session)
        classification = {
            "strategy": "sql",
            "sql_entities": ["adverse_events"],
            "filters": {"study_id": "NONEXISTENT99"},
        }
>       results = retriever.retrieve(classification, "show aes in nonexistent study")

tests\test_rag_pipeline.py:90: 
_ _ _ _ _ _ _ _ _ _ _ _ _ _ _ _ _ _ _ _ _ _ _ _ _ _ _ _ _ _ _ _ _ _ _ _ _ _ _ _
src\rag\sql_retriever.py:41: in retrieve
    results.extend(self._query_adverse_events(
src\rag\sql_retriever.py:100: in _query_adverse_events
    aes = q.limit(settings.sql_max_rows).all()
venv\Lib\site-packages\sqlalchemy\orm\query.py:2673: in all
    return self._iter().all()  # type: ignore
venv\Lib\site-packages\sqlalchemy\orm\query.py:2827: in _iter
    result: Union[ScalarResult[_T], Result[_T]] = self.session.execute(
venv\Lib\site-packages\sqlalchemy\orm\session.py:2362: in execute
    return self._execute_internal(
venv\Lib\site-packages\sqlalchemy\orm\session.py:2247: in _execute_internal
    result: Result[Any] = compile_state_cls.orm_execute_statement(
venv\Lib\site-packages\sqlalchemy\orm\context.py:305: in orm_execute_statement
    result = conn.execute(
venv\Lib\site-packages\sqlalchemy\engine\base.py:1418: in execute
    return meth(
venv\Lib\site-packages\sqlalchemy\sql\elements.py:515: in _execute_on_connection
    return connection._execute_clauseelement(
venv\Lib\site-packages\sqlalchemy\engine\base.py:1640: in _execute_clauseelement
    ret = self._execute_context(
venv\Lib\site-packages\sqlalchemy\engine\base.py:1846: in _execute_context
    return self._exec_single_context(
venv\Lib\site-packages\sqlalchemy\engine\base.py:1986: in _exec_single_context
    self._handle_dbapi_exception(
venv\Lib\site-packages\sqlalchemy\engine\base.py:2355: in _handle_dbapi_exception
    raise sqlalchemy_exception.with_traceback(exc_info[2]) from e
venv\Lib\site-packages\sqlalchemy\engine\base.py:1967: in _exec_single_context
    self.dialect.do_execute(
_ _ _ _ _ _ _ _ _ _ _ _ _ _ _ _ _ _ _ _ _ _ _ _ _ _ _ _ _ _ _ _ _ _ _ _ _ _ _ _

self = <sqlalchemy.dialects.sqlite.pysqlite.SQLiteDialect_pysqlite object at 0x00000258852EA750>
cursor = <sqlite3.Cursor object at 0x0000025888B37BC0>
statement = 'SELECT adverse_events.id AS adverse_events_id, adverse_events.patient_id AS adverse_events_patient_id, adverse_events...adverse_events_created_at \nFROM adverse_events \nWHERE lower(adverse_events.studyid) LIKE lower(?)\n LIMIT ? OFFSET ?'
parameters = ('%NONEXISTENT99%', 50, 0)
context = <sqlalchemy.dialects.sqlite.base.SQLiteExecutionContext object at 0x0000025888B8DA50>

    def do_execute(self, cursor, statement, parameters, context=None):
>       cursor.execute(statement, parameters)
E       sqlalchemy.exc.OperationalError: (sqlite3.OperationalError) no such table: adverse_events
E       [SQL: SELECT adverse_events.id AS adverse_events_id, adverse_events.patient_id AS adverse_events_patient_id, adverse_events.usubjid AS adverse_events_usubjid, adverse_events.studyid AS adverse_events_studyid, adverse_events.domain AS adverse_events_domain, adverse_events.aeseq AS adverse_events_aeseq, adverse_events.aeterm AS adverse_events_aeterm, adverse_events.aedecod AS adverse_events_aedecod, adverse_events.aebodsys AS adverse_events_aebodsys, adverse_events.aemeddra AS adverse_events_aemeddra, adverse_events.aestdtc AS adverse_events_aestdtc, adverse_events.aeendtc AS adverse_events_aeendtc, adverse_events.aedur AS adverse_events_aedur, adverse_events.aedy AS adverse_events_aedy, adverse_events.aesev AS adverse_events_aesev, adverse_events.aegrade AS adverse_events_aegrade, adverse_events.aeout AS adverse_events_aeout, adverse_events.aerel AS adverse_events_aerel, adverse_events.aeserfl AS adverse_events_aeserfl, adverse_events.aesdth AS adverse_events_aesdth, adverse_events.aeshosp AS adverse_events_aeshosp, adverse_events.aeslife AS adverse_events_aeslife, adverse_events.created_at AS adverse_events_created_at 
E       FROM adverse_events 
E       WHERE lower(adverse_events.studyid) LIKE lower(?)
E        LIMIT ? OFFSET ?]
E       [parameters: ('%NONEXISTENT99%', 50, 0)]
E       (Background on this error at: https://sqlalche.me/e/20/e3q8)

venv\Lib\site-packages\sqlalchemy\engine\default.py:941: OperationalError
============================== warnings summary ===============================
venv\Lib\site-packages\pydantic\fields.py:826: 19 warnings
  E:\Graduation_Project\venv\Lib\site-packages\pydantic\fields.py:826: PydanticDeprecatedSince20: Using extra keyword arguments on `Field` is deprecated and will be removed. Use `json_schema_extra` instead. (Extra keys: 'env'). Deprecated in Pydantic V2.0 to be removed in V3.0. See Pydantic V2 Migration Guide at https://errors.pydantic.dev/2.9/migration/
    warn(

venv\Lib\site-packages\pydantic\_internal\_config.py:291
  E:\Graduation_Project\venv\Lib\site-packages\pydantic\_internal\_config.py:291: PydanticDeprecatedSince20: Support for class-based `config` is deprecated, use ConfigDict instead. Deprecated in Pydantic V2.0 to be removed in V3.0. See Pydantic V2 Migration Guide at https://errors.pydantic.dev/2.9/migration/
    warnings.warn(DEPRECATION_MESSAGE, DeprecationWarning)

venv\Lib\site-packages\opentelemetry\util\_importlib_metadata.py:32
  E:\Graduation_Project\venv\Lib\site-packages\opentelemetry\util\_importlib_metadata.py:32: DeprecationWarning: SelectableGroups dict interface is deprecated. Use select.
    return EntryPoints(ep for group_eps in eps.values() for ep in group_eps)

venv\Lib\site-packages\spacy\cli\_util.py:23
  E:\Graduation_Project\venv\Lib\site-packages\spacy\cli\_util.py:23: DeprecationWarning: Importing 'parser.split_arg_string' is deprecated, it will only be available in 'shell_completion' in Click 9.0.
    from click.parser import split_arg_string

<frozen importlib._bootstrap>:241
<frozen importlib._bootstrap>:241
  <frozen importlib._bootstrap>:241: DeprecationWarning: builtin type SwigPyPacked has no __module__ attribute

<frozen importlib._bootstrap>:241
<frozen importlib._bootstrap>:241
  <frozen importlib._bootstrap>:241: DeprecationWarning: builtin type SwigPyObject has no __module__ attribute

<frozen importlib._bootstrap>:241
  <frozen importlib._bootstrap>:241: DeprecationWarning: builtin type swigvarlink has no __module__ attribute

src\api\main.py:42
  E:\Graduation_Project\src\api\main.py:42: DeprecationWarning: 
          on_event is deprecated, use lifespan event handlers instead.
  
          Read more about it in the
          [FastAPI docs for Lifespan Events](https://fastapi.tiangolo.com/advanced/events/).
          
    @app.on_event("startup")

venv\Lib\site-packages\fastapi\applications.py:4495
  E:\Graduation_Project\venv\Lib\site-packages\fastapi\applications.py:4495: DeprecationWarning: 
          on_event is deprecated, use lifespan event handlers instead.
  
          Read more about it in the
          [FastAPI docs for Lifespan Events](https://fastapi.tiangolo.com/advanced/events/).
          
    return self.router.on_event(event_type)

tests/test_entity_extraction.py::TestEntityExtractor::test_extracts_patient_ids
  E:\Graduation_Project\venv\Lib\site-packages\spacy\language.py:2195: FutureWarning: Possible set union at position 6328
    deserializers["tokenizer"] = lambda p: self.tokenizer.from_disk(  # type: ignore[union-attr]

-- Docs: https://docs.pytest.org/en/stable/how-to/capture-warnings.html
=========================== short test summary info ===========================
FAILED tests/test_api.py::TestSessionEndpoints::test_create_session - sqlalch...
FAILED tests/test_api.py::TestSessionEndpoints::test_list_sessions - sqlalche...
FAILED tests/test_api.py::TestSessionEndpoints::test_get_session - sqlalchemy...
FAILED tests/test_api.py::TestSessionEndpoints::test_get_nonexistent_session
FAILED tests/test_api.py::TestIngestEndpoints::test_list_documents_empty - sq...
FAILED tests/test_api.py::TestIngestEndpoints::test_upload_csv - sqlalchemy.e...
FAILED tests/test_api.py::TestIngestEndpoints::test_upload_same_file_twice_skips
FAILED tests/test_api.py::TestIngestEndpoints::test_upload_json - sqlalchemy....
FAILED tests/test_api.py::TestAuditEndpoint::test_get_audit_trail - sqlalchem...
FAILED tests/test_api.py::TestAuditEndpoint::test_get_audit_by_session - sqla...
FAILED tests/test_ingestion.py::TestDeduplication::test_not_ingested_initially
FAILED tests/test_ingestion.py::TestDeduplication::test_register_and_detect
FAILED tests/test_ingestion.py::TestClinicalTrialsIngestor::test_ingest_valid_json
FAILED tests/test_ingestion.py::TestClinicalTrialsIngestor::test_skips_duplicate
FAILED tests/test_ingestion.py::TestClinicalTrialsIngestor::test_handles_invalid_json
FAILED tests/test_ingestion.py::TestSDTMIngestor::test_ingest_dm - sqlalchemy...
FAILED tests/test_ingestion.py::TestSDTMIngestor::test_ae_skips_unknown_patient
FAILED tests/test_ingestion.py::TestOrchestrator::test_routes_csv_correctly
FAILED tests/test_memory.py::TestLongTermMemory::test_create_and_load_session
FAILED tests/test_memory.py::TestLongTermMemory::test_append_messages - sqlal...
FAILED tests/test_memory.py::TestLongTermMemory::test_update_context - sqlalc...
FAILED tests/test_memory.py::TestLongTermMemory::test_auto_context_from_entities
FAILED tests/test_memory.py::TestLongTermMemory::test_list_sessions - sqlalch...
FAILED tests/test_memory.py::TestLongTermMemory::test_archive_session - sqlal...
FAILED tests/test_rag_pipeline.py::TestSQLRetriever::test_empty_result_for_no_match
ERROR tests/test_ingestion.py::TestSDTMIngestor::test_ingest_ae_links_to_patient
ERROR tests/test_rag_pipeline.py::TestSQLRetriever::test_returns_ae_results
ERROR tests/test_rag_pipeline.py::TestSQLRetriever::test_age_filter_applies
============ 25 failed, 15 passed, 30 warnings, 3 errors in 25.79s ============
